<?xml version="1.0" encoding="utf-8"?>
<test-run id="2" testcasecount="282" result="Failed(Child)" total="282" passed="240" failed="41" inconclusive="0" skipped="1" asserts="0" engine-version="3.5.0.0" clr-version="4.0.30319.42000" start-time="2026-03-07 23:06:44Z" end-time="2026-03-07 23:06:44Z" duration="0.1375406">
  <test-suite type="TestSuite" id="1000" name="game" fullname="game" runstate="Runnable" testcasecount="282" result="Failed" site="Child" start-time="2026-03-07 23:06:44Z" end-time="2026-03-07 23:06:44Z" duration="0.137541" total="282" passed="240" failed="41" inconclusive="0" skipped="1" asserts="0">
    <properties>
      <property name="platform" value="EditMode" />
    </properties>
    <failure>
      <message><![CDATA[One or more child tests had errors]]></message>
    </failure>
    <test-suite type="Assembly" id="1297" name="AshenThrone.Tests.dll" fullname="/Users/tomterhune/ashen-throne/game/Library/ScriptAssemblies/AshenThrone.Tests.dll" runstate="Runnable" testcasecount="281" result="Failed" site="Child" start-time="2026-03-07 23:06:44Z" end-time="2026-03-07 23:06:44Z" duration="0.132035" total="281" passed="239" failed="41" inconclusive="0" skipped="1" asserts="0">
      <properties>
        <property name="_PID" value="75247" />
        <property name="_APPDOMAIN" value="Unity Child Domain" />
        <property name="platform" value="EditMode" />
        <property name="EditorOnly" value="True" />
      </properties>
      <failure>
        <message><![CDATA[One or more child tests had errors]]></message>
      </failure>
      <test-suite type="TestSuite" id="1298" name="AshenThrone" fullname="AshenThrone" runstate="Runnable" testcasecount="281" result="Failed" site="Child" start-time="2026-03-07 23:06:44Z" end-time="2026-03-07 23:06:44Z" duration="0.130665" total="281" passed="239" failed="41" inconclusive="0" skipped="1" asserts="0">
        <properties />
        <failure>
          <message><![CDATA[One or more child tests had errors]]></message>
        </failure>
        <test-suite type="TestSuite" id="1299" name="Tests" fullname="AshenThrone.Tests" runstate="Runnable" testcasecount="281" result="Failed" site="Child" start-time="2026-03-07 23:06:44Z" end-time="2026-03-07 23:06:44Z" duration="0.129334" total="281" passed="239" failed="41" inconclusive="0" skipped="1" asserts="0">
          <properties />
          <failure>
            <message><![CDATA[One or more child tests had errors]]></message>
          </failure>
          <test-suite type="TestSuite" id="1303" name="Alliance" fullname="AshenThrone.Tests.Alliance" runstate="Runnable" testcasecount="94" result="Failed" site="Child" start-time="2026-03-07 23:06:44Z" end-time="2026-03-07 23:06:44Z" duration="0.045268" total="94" passed="92" failed="2" inconclusive="0" skipped="0" asserts="0">
            <properties />
            <failure>
              <message><![CDATA[One or more child tests had errors]]></message>
            </failure>
            <test-suite type="TestFixture" id="1199" name="AllianceChatManagerTests" fullname="AshenThrone.Tests.Alliance.AllianceChatManagerTests" classname="AshenThrone.Tests.Alliance.AllianceChatManagerTests" runstate="Runnable" testcasecount="20" result="Failed" site="Child" start-time="2026-03-07 23:06:44Z" end-time="2026-03-07 23:06:44Z" duration="0.021331" total="20" passed="18" failed="2" inconclusive="0" skipped="0" asserts="0">
              <properties />
              <failure>
                <message><![CDATA[One or more child tests had errors]]></message>
              </failure>
              <test-case id="1218" name="ClearHistory_DoesNotAffectOtherChannels" fullname="AshenThrone.Tests.Alliance.AllianceChatManagerTests.ClearHistory_DoesNotAffectOtherChannels" methodname="ClearHistory_DoesNotAffectOtherChannels" classname="AshenThrone.Tests.Alliance.AllianceChatManagerTests" runstate="Runnable" seed="985751518" result="Passed" start-time="2026-03-07 23:06:44Z" end-time="2026-03-07 23:06:44Z" duration="0.006655" asserts="0">
                <properties>
                  <property name="retryIteration" value="0" />
                  <property name="repeatIteration" value="0" />
                </properties>
              </test-case>
              <test-case id="1217" name="ClearHistory_RemovesAllMessages_ForChannel" fullname="AshenThrone.Tests.Alliance.AllianceChatManagerTests.ClearHistory_RemovesAllMessages_ForChannel" methodname="ClearHistory_RemovesAllMessages_ForChannel" classname="AshenThrone.Tests.Alliance.AllianceChatManagerTests" runstate="Runnable" seed="1632554882" result="Passed" start-time="2026-03-07 23:06:44Z" end-time="2026-03-07 23:06:44Z" duration="0.000150" asserts="0">
                <properties>
                  <property name="retryIteration" value="0" />
                  <property name="repeatIteration" value="0" />
                </properties>
              </test-case>
              <test-case id="1216" name="GetHistory_ReturnsEmpty_WhenNoMessages" fullname="AshenThrone.Tests.Alliance.AllianceChatManagerTests.GetHistory_ReturnsEmpty_WhenNoMessages" methodname="GetHistory_ReturnsEmpty_WhenNoMessages" classname="AshenThrone.Tests.Alliance.AllianceChatManagerTests" runstate="Runnable" seed="465481352" result="Passed" start-time="2026-03-07 23:06:44Z" end-time="2026-03-07 23:06:44Z" duration="0.000096" asserts="0">
                <properties>
                  <property name="retryIteration" value="0" />
                  <property name="repeatIteration" value="0" />
                </properties>
              </test-case>
              <test-case id="1212" name="ReceiveMessage_AddsToHistory" fullname="AshenThrone.Tests.Alliance.AllianceChatManagerTests.ReceiveMessage_AddsToHistory" methodname="ReceiveMessage_AddsToHistory" classname="AshenThrone.Tests.Alliance.AllianceChatManagerTests" runstate="Runnable" seed="1589327586" result="Passed" start-time="2026-03-07 23:06:44Z" end-time="2026-03-07 23:06:44Z" duration="0.000089" asserts="0">
                <properties>
                  <property name="retryIteration" value="0" />
                  <property name="repeatIteration" value="0" />
                </properties>
              </test-case>
              <test-case id="1211" name="ReceiveMessage_DoesNotThrow_ForNullMessage" fullname="AshenThrone.Tests.Alliance.AllianceChatManagerTests.ReceiveMessage_DoesNotThrow_ForNullMessage" methodname="ReceiveMessage_DoesNotThrow_ForNullMessage" classname="AshenThrone.Tests.Alliance.AllianceChatManagerTests" runstate="Runnable" seed="1591906610" result="Passed" start-time="2026-03-07 23:06:44Z" end-time="2026-03-07 23:06:44Z" duration="0.000349" asserts="0">
                <properties>
                  <property name="retryIteration" value="0" />
                  <property name="repeatIteration" value="0" />
                </properties>
              </test-case>
              <test-case id="1214" name="ReceiveMessage_EvictsOldest_WhenHistoryFull" fullname="AshenThrone.Tests.Alliance.AllianceChatManagerTests.ReceiveMessage_EvictsOldest_WhenHistoryFull" methodname="ReceiveMessage_EvictsOldest_WhenHistoryFull" classname="AshenThrone.Tests.Alliance.AllianceChatManagerTests" runstate="Runnable" seed="1969565828" result="Passed" start-time="2026-03-07 23:06:44Z" end-time="2026-03-07 23:06:44Z" duration="0.000160" asserts="0">
                <properties>
                  <property name="retryIteration" value="0" />
                  <property name="repeatIteration" value="0" />
                </properties>
              </test-case>
              <test-case id="1213" name="ReceiveMessage_FiresOnMessageReceivedEvent" fullname="AshenThrone.Tests.Alliance.AllianceChatManagerTests.ReceiveMessage_FiresOnMessageReceivedEvent" methodname="ReceiveMessage_FiresOnMessageReceivedEvent" classname="AshenThrone.Tests.Alliance.AllianceChatManagerTests" runstate="Runnable" seed="187936790" result="Passed" start-time="2026-03-07 23:06:44Z" end-time="2026-03-07 23:06:44Z" duration="0.000228" asserts="0">
                <properties>
                  <property name="retryIteration" value="0" />
                  <property name="repeatIteration" value="0" />
                </properties>
              </test-case>
              <test-case id="1215" name="ReceiveMessage_OfficerMessages_StoreInOfficerChannel" fullname="AshenThrone.Tests.Alliance.AllianceChatManagerTests.ReceiveMessage_OfficerMessages_StoreInOfficerChannel" methodname="ReceiveMessage_OfficerMessages_StoreInOfficerChannel" classname="AshenThrone.Tests.Alliance.AllianceChatManagerTests" runstate="Runnable" seed="803066959" result="Passed" start-time="2026-03-07 23:06:44Z" end-time="2026-03-07 23:06:44Z" duration="0.000091" asserts="0">
                <properties>
                  <property name="retryIteration" value="0" />
                  <property name="repeatIteration" value="0" />
                </properties>
              </test-case>
              <test-case id="1203" name="Sanitizer_ClampsToMaxLength" fullname="AshenThrone.Tests.Alliance.AllianceChatManagerTests.Sanitizer_ClampsToMaxLength" methodname="Sanitizer_ClampsToMaxLength" classname="AshenThrone.Tests.Alliance.AllianceChatManagerTests" runstate="Runnable" seed="1046715323" result="Passed" start-time="2026-03-07 23:06:44Z" end-time="2026-03-07 23:06:44Z" duration="0.001576" asserts="0">
                <properties>
                  <property name="retryIteration" value="0" />
                  <property name="repeatIteration" value="0" />
                </properties>
              </test-case>
              <test-case id="1205" name="Sanitizer_ContainsViolation_ReturnsFalse_ForCleanText" fullname="AshenThrone.Tests.Alliance.AllianceChatManagerTests.Sanitizer_ContainsViolation_ReturnsFalse_ForCleanText" methodname="Sanitizer_ContainsViolation_ReturnsFalse_ForCleanText" classname="AshenThrone.Tests.Alliance.AllianceChatManagerTests" runstate="Runnable" seed="44548243" result="Passed" start-time="2026-03-07 23:06:44Z" end-time="2026-03-07 23:06:44Z" duration="0.000156" asserts="0">
                <properties>
                  <property name="retryIteration" value="0" />
                  <property name="repeatIteration" value="0" />
                </properties>
              </test-case>
              <test-case id="1206" name="Sanitizer_ContainsViolation_ReturnsTrue_ForHtmlTag" fullname="AshenThrone.Tests.Alliance.AllianceChatManagerTests.Sanitizer_ContainsViolation_ReturnsTrue_ForHtmlTag" methodname="Sanitizer_ContainsViolation_ReturnsTrue_ForHtmlTag" classname="AshenThrone.Tests.Alliance.AllianceChatManagerTests" runstate="Runnable" seed="1326511877" result="Passed" start-time="2026-03-07 23:06:44Z" end-time="2026-03-07 23:06:44Z" duration="0.000071" asserts="0">
                <properties>
                  <property name="retryIteration" value="0" />
                  <property name="repeatIteration" value="0" />
                </properties>
              </test-case>
              <test-case id="1202" name="Sanitizer_RemovesJavascriptProtocol" fullname="AshenThrone.Tests.Alliance.AllianceChatManagerTests.Sanitizer_RemovesJavascriptProtocol" methodname="Sanitizer_RemovesJavascriptProtocol" classname="AshenThrone.Tests.Alliance.AllianceChatManagerTests" runstate="Runnable" seed="894437353" result="Passed" start-time="2026-03-07 23:06:44Z" end-time="2026-03-07 23:06:44Z" duration="0.000226" asserts="0">
                <properties>
                  <property name="retryIteration" value="0" />
                  <property name="repeatIteration" value="0" />
                </properties>
              </test-case>
              <test-case id="1201" name="Sanitizer_RemovesSqlPatterns" fullname="AshenThrone.Tests.Alliance.AllianceChatManagerTests.Sanitizer_RemovesSqlPatterns" methodname="Sanitizer_RemovesSqlPatterns" classname="AshenThrone.Tests.Alliance.AllianceChatManagerTests" runstate="Runnable" seed="376490058" result="Passed" start-time="2026-03-07 23:06:44Z" end-time="2026-03-07 23:06:44Z" duration="0.000090" asserts="0">
                <properties>
                  <property name="retryIteration" value="0" />
                  <property name="repeatIteration" value="0" />
                </properties>
              </test-case>
              <test-case id="1204" name="Sanitizer_ReturnsEmpty_ForNullInput" fullname="AshenThrone.Tests.Alliance.AllianceChatManagerTests.Sanitizer_ReturnsEmpty_ForNullInput" methodname="Sanitizer_ReturnsEmpty_ForNullInput" classname="AshenThrone.Tests.Alliance.AllianceChatManagerTests" runstate="Runnable" seed="2001071049" result="Passed" start-time="2026-03-07 23:06:44Z" end-time="2026-03-07 23:06:44Z" duration="0.000085" asserts="0">
                <properties>
                  <property name="retryIteration" value="0" />
                  <property name="repeatIteration" value="0" />
                </properties>
              </test-case>
              <test-case id="1200" name="Sanitizer_StripHtmlTags" fullname="AshenThrone.Tests.Alliance.AllianceChatManagerTests.Sanitizer_StripHtmlTags" methodname="Sanitizer_StripHtmlTags" classname="AshenThrone.Tests.Alliance.AllianceChatManagerTests" runstate="Runnable" seed="1994229304" result="Passed" start-time="2026-03-07 23:06:44Z" end-time="2026-03-07 23:06:44Z" duration="0.000090" asserts="0">
                <properties>
                  <property name="retryIteration" value="0" />
                  <property name="repeatIteration" value="0" />
                </properties>
              </test-case>
              <test-case id="1219" name="SetSanitizer_ThrowsArgumentNull_WhenNull" fullname="AshenThrone.Tests.Alliance.AllianceChatManagerTests.SetSanitizer_ThrowsArgumentNull_WhenNull" methodname="SetSanitizer_ThrowsArgumentNull_WhenNull" classname="AshenThrone.Tests.Alliance.AllianceChatManagerTests" runstate="Runnable" seed="1364773583" result="Passed" start-time="2026-03-07 23:06:44Z" end-time="2026-03-07 23:06:44Z" duration="0.000492" asserts="0">
                <properties>
                  <property name="retryIteration" value="0" />
                  <property name="repeatIteration" value="0" />
                </properties>
              </test-case>
              <test-case id="1207" name="ValidateSend_ReturnsFalse_ForEmptyMessage" fullname="AshenThrone.Tests.Alliance.AllianceChatManagerTests.ValidateSend_ReturnsFalse_ForEmptyMessage" methodname="ValidateSend_ReturnsFalse_ForEmptyMessage" classname="AshenThrone.Tests.Alliance.AllianceChatManagerTests" runstate="Runnable" seed="53798912" result="Passed" start-time="2026-03-07 23:06:44Z" end-time="2026-03-07 23:06:44Z" duration="0.000811" asserts="0">
                <properties>
                  <property name="retryIteration" value="0" />
                  <property name="repeatIteration" value="0" />
                </properties>
              </test-case>
              <test-case id="1208" name="ValidateSend_ReturnsFalse_ForWhitespaceOnlyMessage" fullname="AshenThrone.Tests.Alliance.AllianceChatManagerTests.ValidateSend_ReturnsFalse_ForWhitespaceOnlyMessage" methodname="ValidateSend_ReturnsFalse_ForWhitespaceOnlyMessage" classname="AshenThrone.Tests.Alliance.AllianceChatManagerTests" runstate="Runnable" seed="311342005" result="Passed" start-time="2026-03-07 23:06:44Z" end-time="2026-03-07 23:06:44Z" duration="0.000085" asserts="0">
                <properties>
                  <property name="retryIteration" value="0" />
                  <property name="repeatIteration" value="0" />
                </properties>
              </test-case>
              <test-case id="1209" name="ValidateSend_ReturnsTrue_ForValidMessage" fullname="AshenThrone.Tests.Alliance.AllianceChatManagerTests.ValidateSend_ReturnsTrue_ForValidMessage" methodname="ValidateSend_ReturnsTrue_ForValidMessage" classname="AshenThrone.Tests.Alliance.AllianceChatManagerTests" runstate="Runnable" seed="1817625528" result="Failed" label="Error" start-time="2026-03-07 23:06:44Z" end-time="2026-03-07 23:06:44Z" duration="0.001750" asserts="0">
                <properties>
                  <property name="retryIteration" value="0" />
                  <property name="repeatIteration" value="0" />
                </properties>
                <failure>
                  <message><![CDATA[System.NullReferenceException : Object reference not set to an instance of an object]]></message>
                  <stack-trace><![CDATA[  at AshenThrone.Alliance.AllianceChatManager.ValidateSend (System.String rawBody, AshenThrone.Alliance.ChatChannel channel, System.String& sanitized, System.String& error) [0x00038] in /Users/tomterhune/ashen-throne/game/Assets/Scripts/Alliance/AllianceChatManager.cs:206 
  at AshenThrone.Tests.Alliance.AllianceChatManagerTests.ValidateSend_ReturnsTrue_ForValidMessage () [0x00000] in /Users/tomterhune/ashen-throne/game/Assets/Scripts/Tests/Alliance/AllianceChatManagerTests.cs:107 
  at (wrapper managed-to-native) System.Reflection.RuntimeMethodInfo.InternalInvoke(System.Reflection.RuntimeMethodInfo,object,object[],System.Exception&)
  at System.Reflection.RuntimeMethodInfo.Invoke (System.Object obj, System.Reflection.BindingFlags invokeAttr, System.Reflection.Binder binder, System.Object[] parameters, System.Globalization.CultureInfo culture) [0x0006a] in <c5eeda5e65d44b388e164c6c5cfe0702>:0 ]]></stack-trace>
                </failure>
              </test-case>
              <test-case id="1210" name="ValidateSend_SanitizesMessageBody" fullname="AshenThrone.Tests.Alliance.AllianceChatManagerTests.ValidateSend_SanitizesMessageBody" methodname="ValidateSend_SanitizesMessageBody" classname="AshenThrone.Tests.Alliance.AllianceChatManagerTests" runstate="Runnable" seed="1979981886" result="Failed" label="Error" start-time="2026-03-07 23:06:44Z" end-time="2026-03-07 23:06:44Z" duration="0.000157" asserts="0">
                <properties>
                  <property name="retryIteration" value="0" />
                  <property name="repeatIteration" value="0" />
                </properties>
                <failure>
                  <message><![CDATA[System.NullReferenceException : Object reference not set to an instance of an object]]></message>
                  <stack-trace><![CDATA[  at AshenThrone.Alliance.AllianceChatManager.ValidateSend (System.String rawBody, AshenThrone.Alliance.ChatChannel channel, System.String& sanitized, System.String& error) [0x00038] in /Users/tomterhune/ashen-throne/game/Assets/Scripts/Alliance/AllianceChatManager.cs:206 
  at AshenThrone.Tests.Alliance.AllianceChatManagerTests.ValidateSend_SanitizesMessageBody () [0x00000] in /Users/tomterhune/ashen-throne/game/Assets/Scripts/Tests/Alliance/AllianceChatManagerTests.cs:115 
  at (wrapper managed-to-native) System.Reflection.RuntimeMethodInfo.InternalInvoke(System.Reflection.RuntimeMethodInfo,object,object[],System.Exception&)
  at System.Reflection.RuntimeMethodInfo.Invoke (System.Object obj, System.Reflection.BindingFlags invokeAttr, System.Reflection.Binder binder, System.Object[] parameters, System.Globalization.CultureInfo culture) [0x0006a] in <c5eeda5e65d44b388e164c6c5cfe0702>:0 ]]></stack-trace>
                </failure>
              </test-case>
            </test-suite>
            <test-suite type="TestFixture" id="1220" name="AsyncPvpManagerTests" fullname="AshenThrone.Tests.Alliance.AsyncPvpManagerTests" classname="AshenThrone.Tests.Alliance.AsyncPvpManagerTests" runstate="Runnable" testcasecount="25" result="Passed" start-time="2026-03-07 23:06:44Z" end-time="2026-03-07 23:06:44Z" duration="0.009840" total="25" passed="25" failed="0" inconclusive="0" skipped="0" asserts="0">
              <properties />
              <test-case id="1245" name="CombatReplayData_IsHashValid_ReturnsFalse_WhenLoadoutsNull" fullname="AshenThrone.Tests.Alliance.AsyncPvpManagerTests.CombatReplayData_IsHashValid_ReturnsFalse_WhenLoadoutsNull" methodname="CombatReplayData_IsHashValid_ReturnsFalse_WhenLoadoutsNull" classname="AshenThrone.Tests.Alliance.AsyncPvpManagerTests" runstate="Runnable" seed="1079019704" result="Passed" start-time="2026-03-07 23:06:44Z" end-time="2026-03-07 23:06:44Z" duration="0.000295" asserts="0">
                <properties>
                  <property name="retryIteration" value="0" />
                  <property name="repeatIteration" value="0" />
                </properties>
              </test-case>
              <test-case id="1229" name="ComputeLoadoutHash_ReturnsDifferentHash_WhenHeroLevelChanges" fullname="AshenThrone.Tests.Alliance.AsyncPvpManagerTests.ComputeLoadoutHash_ReturnsDifferentHash_WhenHeroLevelChanges" methodname="ComputeLoadoutHash_ReturnsDifferentHash_WhenHeroLevelChanges" classname="AshenThrone.Tests.Alliance.AsyncPvpManagerTests" runstate="Runnable" seed="727467880" result="Passed" start-time="2026-03-07 23:06:44Z" end-time="2026-03-07 23:06:44Z" duration="0.001329" asserts="0">
                <properties>
                  <property name="retryIteration" value="0" />
                  <property name="repeatIteration" value="0" />
                </properties>
              </test-case>
              <test-case id="1230" name="ComputeLoadoutHash_ReturnsEmpty_ForNullLoadout" fullname="AshenThrone.Tests.Alliance.AsyncPvpManagerTests.ComputeLoadoutHash_ReturnsEmpty_ForNullLoadout" methodname="ComputeLoadoutHash_ReturnsEmpty_ForNullLoadout" classname="AshenThrone.Tests.Alliance.AsyncPvpManagerTests" runstate="Runnable" seed="870136947" result="Passed" start-time="2026-03-07 23:06:44Z" end-time="2026-03-07 23:06:44Z" duration="0.000070" asserts="0">
                <properties>
                  <property name="retryIteration" value="0" />
                  <property name="repeatIteration" value="0" />
                </properties>
              </test-case>
              <test-case id="1228" name="ComputeLoadoutHash_ReturnsSameHash_ForIdenticalLoadouts" fullname="AshenThrone.Tests.Alliance.AsyncPvpManagerTests.ComputeLoadoutHash_ReturnsSameHash_ForIdenticalLoadouts" methodname="ComputeLoadoutHash_ReturnsSameHash_ForIdenticalLoadouts" classname="AshenThrone.Tests.Alliance.AsyncPvpManagerTests" runstate="Runnable" seed="833154815" result="Passed" start-time="2026-03-07 23:06:44Z" end-time="2026-03-07 23:06:44Z" duration="0.000103" asserts="0">
                <properties>
                  <property name="retryIteration" value="0" />
                  <property name="repeatIteration" value="0" />
                </properties>
              </test-case>
              <test-case id="1233" name="ComputeReplayHash_Returns64CharHexString" fullname="AshenThrone.Tests.Alliance.AsyncPvpManagerTests.ComputeReplayHash_Returns64CharHexString" methodname="ComputeReplayHash_Returns64CharHexString" classname="AshenThrone.Tests.Alliance.AsyncPvpManagerTests" runstate="Runnable" seed="1921639495" result="Passed" start-time="2026-03-07 23:06:44Z" end-time="2026-03-07 23:06:44Z" duration="0.000160" asserts="0">
                <properties>
                  <property name="retryIteration" value="0" />
                  <property name="repeatIteration" value="0" />
                </properties>
              </test-case>
              <test-case id="1232" name="ComputeReplayHash_ReturnsDifferentHash_WhenOutcomeChanges" fullname="AshenThrone.Tests.Alliance.AsyncPvpManagerTests.ComputeReplayHash_ReturnsDifferentHash_WhenOutcomeChanges" methodname="ComputeReplayHash_ReturnsDifferentHash_WhenOutcomeChanges" classname="AshenThrone.Tests.Alliance.AsyncPvpManagerTests" runstate="Runnable" seed="35422171" result="Passed" start-time="2026-03-07 23:06:44Z" end-time="2026-03-07 23:06:44Z" duration="0.000082" asserts="0">
                <properties>
                  <property name="retryIteration" value="0" />
                  <property name="repeatIteration" value="0" />
                </properties>
              </test-case>
              <test-case id="1231" name="ComputeReplayHash_ReturnsSameHash_ForSameInputs" fullname="AshenThrone.Tests.Alliance.AsyncPvpManagerTests.ComputeReplayHash_ReturnsSameHash_ForSameInputs" methodname="ComputeReplayHash_ReturnsSameHash_ForSameInputs" classname="AshenThrone.Tests.Alliance.AsyncPvpManagerTests" runstate="Runnable" seed="1687960063" result="Passed" start-time="2026-03-07 23:06:44Z" end-time="2026-03-07 23:06:44Z" duration="0.000081" asserts="0">
                <properties>
                  <property name="retryIteration" value="0" />
                  <property name="repeatIteration" value="0" />
                </properties>
              </test-case>
              <test-case id="1244" name="GetReplay_ReturnsCorrectReplay_ByReplayId" fullname="AshenThrone.Tests.Alliance.AsyncPvpManagerTests.GetReplay_ReturnsCorrectReplay_ByReplayId" methodname="GetReplay_ReturnsCorrectReplay_ByReplayId" classname="AshenThrone.Tests.Alliance.AsyncPvpManagerTests" runstate="Runnable" seed="959499856" result="Passed" start-time="2026-03-07 23:06:44Z" end-time="2026-03-07 23:06:44Z" duration="0.000412" asserts="0">
                <properties>
                  <property name="retryIteration" value="0" />
                  <property name="repeatIteration" value="0" />
                </properties>
              </test-case>
              <test-case id="1243" name="GetReplay_ReturnsNull_ForNullId" fullname="AshenThrone.Tests.Alliance.AsyncPvpManagerTests.GetReplay_ReturnsNull_ForNullId" methodname="GetReplay_ReturnsNull_ForNullId" classname="AshenThrone.Tests.Alliance.AsyncPvpManagerTests" runstate="Runnable" seed="1231290622" result="Passed" start-time="2026-03-07 23:06:44Z" end-time="2026-03-07 23:06:44Z" duration="0.000091" asserts="0">
                <properties>
                  <property name="retryIteration" value="0" />
                  <property name="repeatIteration" value="0" />
                </properties>
              </test-case>
              <test-case id="1237" name="ReceiveReplay_AddsToHistory_WhenValid" fullname="AshenThrone.Tests.Alliance.AsyncPvpManagerTests.ReceiveReplay_AddsToHistory_WhenValid" methodname="ReceiveReplay_AddsToHistory_WhenValid" classname="AshenThrone.Tests.Alliance.AsyncPvpManagerTests" runstate="Runnable" seed="525306452" result="Passed" start-time="2026-03-07 23:06:44Z" end-time="2026-03-07 23:06:44Z" duration="0.000126" asserts="0">
                <properties>
                  <property name="retryIteration" value="0" />
                  <property name="repeatIteration" value="0" />
                </properties>
              </test-case>
              <test-case id="1238" name="ReceiveReplay_EvictsOldest_WhenHistoryFull" fullname="AshenThrone.Tests.Alliance.AsyncPvpManagerTests.ReceiveReplay_EvictsOldest_WhenHistoryFull" methodname="ReceiveReplay_EvictsOldest_WhenHistoryFull" classname="AshenThrone.Tests.Alliance.AsyncPvpManagerTests" runstate="Runnable" seed="1635689272" result="Passed" start-time="2026-03-07 23:06:44Z" end-time="2026-03-07 23:06:44Z" duration="0.001469" asserts="0">
                <properties>
                  <property name="retryIteration" value="0" />
                  <property name="repeatIteration" value="0" />
                </properties>
              </test-case>
              <test-case id="1239" name="ReceiveReplay_FiresOnReplayReceivedEvent" fullname="AshenThrone.Tests.Alliance.AsyncPvpManagerTests.ReceiveReplay_FiresOnReplayReceivedEvent" methodname="ReceiveReplay_FiresOnReplayReceivedEvent" classname="AshenThrone.Tests.Alliance.AsyncPvpManagerTests" runstate="Runnable" seed="473302992" result="Passed" start-time="2026-03-07 23:06:44Z" end-time="2026-03-07 23:06:44Z" duration="0.000150" asserts="0">
                <properties>
                  <property name="retryIteration" value="0" />
                  <property name="repeatIteration" value="0" />
                </properties>
              </test-case>
              <test-case id="1234" name="ReceiveReplay_ReturnsFalse_ForNullReplay" fullname="AshenThrone.Tests.Alliance.AsyncPvpManagerTests.ReceiveReplay_ReturnsFalse_ForNullReplay" methodname="ReceiveReplay_ReturnsFalse_ForNullReplay" classname="AshenThrone.Tests.Alliance.AsyncPvpManagerTests" runstate="Runnable" seed="220428163" result="Passed" start-time="2026-03-07 23:06:44Z" end-time="2026-03-07 23:06:44Z" duration="0.000064" asserts="0">
                <properties>
                  <property name="retryIteration" value="0" />
                  <property name="repeatIteration" value="0" />
                </properties>
              </test-case>
              <test-case id="1235" name="ReceiveReplay_ReturnsFalse_WhenHashInvalid" fullname="AshenThrone.Tests.Alliance.AsyncPvpManagerTests.ReceiveReplay_ReturnsFalse_WhenHashInvalid" methodname="ReceiveReplay_ReturnsFalse_WhenHashInvalid" classname="AshenThrone.Tests.Alliance.AsyncPvpManagerTests" runstate="Runnable" seed="611021266" result="Passed" start-time="2026-03-07 23:06:44Z" end-time="2026-03-07 23:06:44Z" duration="0.000728" asserts="0">
                <properties>
                  <property name="retryIteration" value="0" />
                  <property name="repeatIteration" value="0" />
                </properties>
                <output><![CDATA[[AsyncPvpManager] Replay test_replay_1 failed hash validation. Discarding.
[AsyncPvpManager] Replay test_replay_1 failed hash validation. Discarding.
]]></output>
              </test-case>
              <test-case id="1236" name="ReceiveReplay_ReturnsTrue_WhenHashValid" fullname="AshenThrone.Tests.Alliance.AsyncPvpManagerTests.ReceiveReplay_ReturnsTrue_WhenHashValid" methodname="ReceiveReplay_ReturnsTrue_WhenHashValid" classname="AshenThrone.Tests.Alliance.AsyncPvpManagerTests" runstate="Runnable" seed="454603221" result="Passed" start-time="2026-03-07 23:06:44Z" end-time="2026-03-07 23:06:44Z" duration="0.000102" asserts="0">
                <properties>
                  <property name="retryIteration" value="0" />
                  <property name="repeatIteration" value="0" />
                </properties>
              </test-case>
              <test-case id="1227" name="RecordLoadout_ComputesNonEmptyIntegrityHash" fullname="AshenThrone.Tests.Alliance.AsyncPvpManagerTests.RecordLoadout_ComputesNonEmptyIntegrityHash" methodname="RecordLoadout_ComputesNonEmptyIntegrityHash" classname="AshenThrone.Tests.Alliance.AsyncPvpManagerTests" runstate="Runnable" seed="946141970" result="Passed" start-time="2026-03-07 23:06:44Z" end-time="2026-03-07 23:06:44Z" duration="0.000261" asserts="0">
                <properties>
                  <property name="retryIteration" value="0" />
                  <property name="repeatIteration" value="0" />
                </properties>
              </test-case>
              <test-case id="1223" name="RecordLoadout_ReturnsFalse_WhenHeroListEmpty" fullname="AshenThrone.Tests.Alliance.AsyncPvpManagerTests.RecordLoadout_ReturnsFalse_WhenHeroListEmpty" methodname="RecordLoadout_ReturnsFalse_WhenHeroListEmpty" classname="AshenThrone.Tests.Alliance.AsyncPvpManagerTests" runstate="Runnable" seed="1420943830" result="Passed" start-time="2026-03-07 23:06:44Z" end-time="2026-03-07 23:06:44Z" duration="0.000359" asserts="0">
                <properties>
                  <property name="retryIteration" value="0" />
                  <property name="repeatIteration" value="0" />
                </properties>
                <output><![CDATA[[AsyncPvpManager] Loadout must contain 1–3 heroes.
[AsyncPvpManager] Loadout must contain 1–3 heroes.
]]></output>
              </test-case>
              <test-case id="1222" name="RecordLoadout_ReturnsFalse_WhenHeroListNull" fullname="AshenThrone.Tests.Alliance.AsyncPvpManagerTests.RecordLoadout_ReturnsFalse_WhenHeroListNull" methodname="RecordLoadout_ReturnsFalse_WhenHeroListNull" classname="AshenThrone.Tests.Alliance.AsyncPvpManagerTests" runstate="Runnable" seed="168252841" result="Passed" start-time="2026-03-07 23:06:44Z" end-time="2026-03-07 23:06:44Z" duration="0.000316" asserts="0">
                <properties>
                  <property name="retryIteration" value="0" />
                  <property name="repeatIteration" value="0" />
                </properties>
                <output><![CDATA[[AsyncPvpManager] Loadout must contain 1–3 heroes.
[AsyncPvpManager] Loadout must contain 1–3 heroes.
]]></output>
              </test-case>
              <test-case id="1221" name="RecordLoadout_ReturnsFalse_WhenOwnerIdEmpty" fullname="AshenThrone.Tests.Alliance.AsyncPvpManagerTests.RecordLoadout_ReturnsFalse_WhenOwnerIdEmpty" methodname="RecordLoadout_ReturnsFalse_WhenOwnerIdEmpty" classname="AshenThrone.Tests.Alliance.AsyncPvpManagerTests" runstate="Runnable" seed="819216821" result="Passed" start-time="2026-03-07 23:06:44Z" end-time="2026-03-07 23:06:44Z" duration="0.000317" asserts="0">
                <properties>
                  <property name="retryIteration" value="0" />
                  <property name="repeatIteration" value="0" />
                </properties>
                <output><![CDATA[[AsyncPvpManager] Cannot record loadout: ownerPlayFabId is null/empty.
[AsyncPvpManager] Cannot record loadout: ownerPlayFabId is null/empty.
]]></output>
              </test-case>
              <test-case id="1224" name="RecordLoadout_ReturnsFalse_WhenTooManyHeroes" fullname="AshenThrone.Tests.Alliance.AsyncPvpManagerTests.RecordLoadout_ReturnsFalse_WhenTooManyHeroes" methodname="RecordLoadout_ReturnsFalse_WhenTooManyHeroes" classname="AshenThrone.Tests.Alliance.AsyncPvpManagerTests" runstate="Runnable" seed="321522300" result="Passed" start-time="2026-03-07 23:06:44Z" end-time="2026-03-07 23:06:44Z" duration="0.000313" asserts="0">
                <properties>
                  <property name="retryIteration" value="0" />
                  <property name="repeatIteration" value="0" />
                </properties>
                <output><![CDATA[[AsyncPvpManager] Loadout must contain 1–3 heroes.
[AsyncPvpManager] Loadout must contain 1–3 heroes.
]]></output>
              </test-case>
              <test-case id="1225" name="RecordLoadout_ReturnsTrue_WithValidInput" fullname="AshenThrone.Tests.Alliance.AsyncPvpManagerTests.RecordLoadout_ReturnsTrue_WithValidInput" methodname="RecordLoadout_ReturnsTrue_WithValidInput" classname="AshenThrone.Tests.Alliance.AsyncPvpManagerTests" runstate="Runnable" seed="2029774043" result="Passed" start-time="2026-03-07 23:06:44Z" end-time="2026-03-07 23:06:44Z" duration="0.000070" asserts="0">
                <properties>
                  <property name="retryIteration" value="0" />
                  <property name="repeatIteration" value="0" />
                </properties>
              </test-case>
              <test-case id="1226" name="RecordLoadout_SetsLocalLoadout" fullname="AshenThrone.Tests.Alliance.AsyncPvpManagerTests.RecordLoadout_SetsLocalLoadout" methodname="RecordLoadout_SetsLocalLoadout" classname="AshenThrone.Tests.Alliance.AsyncPvpManagerTests" runstate="Runnable" seed="1937949988" result="Passed" start-time="2026-03-07 23:06:44Z" end-time="2026-03-07 23:06:44Z" duration="0.000092" asserts="0">
                <properties>
                  <property name="retryIteration" value="0" />
                  <property name="repeatIteration" value="0" />
                </properties>
              </test-case>
              <test-case id="1241" name="RequestAttack_ReturnsNonNullRequestId_WhenLoadoutRecorded" fullname="AshenThrone.Tests.Alliance.AsyncPvpManagerTests.RequestAttack_ReturnsNonNullRequestId_WhenLoadoutRecorded" methodname="RequestAttack_ReturnsNonNullRequestId_WhenLoadoutRecorded" classname="AshenThrone.Tests.Alliance.AsyncPvpManagerTests" runstate="Runnable" seed="478414309" result="Passed" start-time="2026-03-07 23:06:44Z" end-time="2026-03-07 23:06:44Z" duration="0.000216" asserts="0">
                <properties>
                  <property name="retryIteration" value="0" />
                  <property name="repeatIteration" value="0" />
                </properties>
              </test-case>
              <test-case id="1242" name="RequestAttack_ReturnsNull_WhenAttackerIdEmpty" fullname="AshenThrone.Tests.Alliance.AsyncPvpManagerTests.RequestAttack_ReturnsNull_WhenAttackerIdEmpty" methodname="RequestAttack_ReturnsNull_WhenAttackerIdEmpty" classname="AshenThrone.Tests.Alliance.AsyncPvpManagerTests" runstate="Runnable" seed="913670196" result="Passed" start-time="2026-03-07 23:06:44Z" end-time="2026-03-07 23:06:44Z" duration="0.000080" asserts="0">
                <properties>
                  <property name="retryIteration" value="0" />
                  <property name="repeatIteration" value="0" />
                </properties>
              </test-case>
              <test-case id="1240" name="RequestAttack_ReturnsNull_WhenNoLoadoutRecorded" fullname="AshenThrone.Tests.Alliance.AsyncPvpManagerTests.RequestAttack_ReturnsNull_WhenNoLoadoutRecorded" methodname="RequestAttack_ReturnsNull_WhenNoLoadoutRecorded" classname="AshenThrone.Tests.Alliance.AsyncPvpManagerTests" runstate="Runnable" seed="885288430" result="Passed" start-time="2026-03-07 23:06:44Z" end-time="2026-03-07 23:06:44Z" duration="0.000304" asserts="0">
                <properties>
                  <property name="retryIteration" value="0" />
                  <property name="repeatIteration" value="0" />
                </properties>
                <output><![CDATA[[AsyncPvpManager] Cannot attack: local loadout not recorded.
[AsyncPvpManager] Cannot attack: local loadout not recorded.
]]></output>
              </test-case>
            </test-suite>
            <test-suite type="TestFixture" id="1246" name="TerritorySystemTests" fullname="AshenThrone.Tests.Alliance.TerritorySystemTests" classname="AshenThrone.Tests.Alliance.TerritorySystemTests" runstate="Runnable" testcasecount="23" result="Passed" start-time="2026-03-07 23:06:44Z" end-time="2026-03-07 23:06:44Z" duration="0.007421" total="23" passed="23" failed="0" inconclusive="0" skipped="0" asserts="0">
              <properties />
              <test-case id="1260" name="ApplyCapture_ChangesOwnership" fullname="AshenThrone.Tests.Alliance.TerritorySystemTests.ApplyCapture_ChangesOwnership" methodname="ApplyCapture_ChangesOwnership" classname="AshenThrone.Tests.Alliance.TerritorySystemTests" runstate="Runnable" seed="191573370" result="Passed" start-time="2026-03-07 23:06:44Z" end-time="2026-03-07 23:06:44Z" duration="0.002242" asserts="0">
                <properties>
                  <property name="retryIteration" value="0" />
                  <property name="repeatIteration" value="0" />
                </properties>
              </test-case>
              <test-case id="1261" name="ApplyCapture_UpdatesAllianceIndexes" fullname="AshenThrone.Tests.Alliance.TerritorySystemTests.ApplyCapture_UpdatesAllianceIndexes" methodname="ApplyCapture_UpdatesAllianceIndexes" classname="AshenThrone.Tests.Alliance.TerritorySystemTests" runstate="Runnable" seed="1835917006" result="Passed" start-time="2026-03-07 23:06:44Z" end-time="2026-03-07 23:06:44Z" duration="0.000168" asserts="0">
                <properties>
                  <property name="retryIteration" value="0" />
                  <property name="repeatIteration" value="0" />
                </properties>
              </test-case>
              <test-case id="1262" name="AreAdjacent_AdjacentHexes_ReturnsTrue" fullname="AshenThrone.Tests.Alliance.TerritorySystemTests.AreAdjacent_AdjacentHexes_ReturnsTrue" methodname="AreAdjacent_AdjacentHexes_ReturnsTrue" classname="AshenThrone.Tests.Alliance.TerritorySystemTests" runstate="Runnable" seed="1490778677" result="Passed" start-time="2026-03-07 23:06:44Z" end-time="2026-03-07 23:06:44Z" duration="0.000216" asserts="0">
                <properties>
                  <property name="retryIteration" value="0" />
                  <property name="repeatIteration" value="0" />
                </properties>
              </test-case>
              <test-case id="1263" name="AreAdjacent_NonAdjacentHexes_ReturnsFalse" fullname="AshenThrone.Tests.Alliance.TerritorySystemTests.AreAdjacent_NonAdjacentHexes_ReturnsFalse" methodname="AreAdjacent_NonAdjacentHexes_ReturnsFalse" classname="AshenThrone.Tests.Alliance.TerritorySystemTests" runstate="Runnable" seed="1669864075" result="Passed" start-time="2026-03-07 23:06:44Z" end-time="2026-03-07 23:06:44Z" duration="0.000135" asserts="0">
                <properties>
                  <property name="retryIteration" value="0" />
                  <property name="repeatIteration" value="0" />
                </properties>
              </test-case>
              <test-case id="1258" name="GetTerritoryCount_ReturnsCorrectCount_AfterLoad" fullname="AshenThrone.Tests.Alliance.TerritorySystemTests.GetTerritoryCount_ReturnsCorrectCount_AfterLoad" methodname="GetTerritoryCount_ReturnsCorrectCount_AfterLoad" classname="AshenThrone.Tests.Alliance.TerritorySystemTests" runstate="Runnable" seed="1584672859" result="Passed" start-time="2026-03-07 23:06:44Z" end-time="2026-03-07 23:06:44Z" duration="0.000161" asserts="0">
                <properties>
                  <property name="retryIteration" value="0" />
                  <property name="repeatIteration" value="0" />
                </properties>
              </test-case>
              <test-case id="1259" name="GetTerritoryCount_ReturnsZero_ForUnknownAlliance" fullname="AshenThrone.Tests.Alliance.TerritorySystemTests.GetTerritoryCount_ReturnsZero_ForUnknownAlliance" methodname="GetTerritoryCount_ReturnsZero_ForUnknownAlliance" classname="AshenThrone.Tests.Alliance.TerritorySystemTests" runstate="Runnable" seed="1850806508" result="Passed" start-time="2026-03-07 23:06:44Z" end-time="2026-03-07 23:06:44Z" duration="0.000092" asserts="0">
                <properties>
                  <property name="retryIteration" value="0" />
                  <property name="repeatIteration" value="0" />
                </properties>
              </test-case>
              <test-case id="1247" name="HexCoord_Distance_AdjacentCells_ReturnsOne" fullname="AshenThrone.Tests.Alliance.TerritorySystemTests.HexCoord_Distance_AdjacentCells_ReturnsOne" methodname="HexCoord_Distance_AdjacentCells_ReturnsOne" classname="AshenThrone.Tests.Alliance.TerritorySystemTests" runstate="Runnable" seed="1818167529" result="Passed" start-time="2026-03-07 23:06:44Z" end-time="2026-03-07 23:06:44Z" duration="0.000099" asserts="0">
                <properties>
                  <property name="retryIteration" value="0" />
                  <property name="repeatIteration" value="0" />
                </properties>
              </test-case>
              <test-case id="1248" name="HexCoord_Distance_SameCell_ReturnsZero" fullname="AshenThrone.Tests.Alliance.TerritorySystemTests.HexCoord_Distance_SameCell_ReturnsZero" methodname="HexCoord_Distance_SameCell_ReturnsZero" classname="AshenThrone.Tests.Alliance.TerritorySystemTests" runstate="Runnable" seed="189866207" result="Passed" start-time="2026-03-07 23:06:44Z" end-time="2026-03-07 23:06:44Z" duration="0.000092" asserts="0">
                <properties>
                  <property name="retryIteration" value="0" />
                  <property name="repeatIteration" value="0" />
                </properties>
              </test-case>
              <test-case id="1249" name="HexCoord_Distance_TwoCellsApart_ReturnsTwo" fullname="AshenThrone.Tests.Alliance.TerritorySystemTests.HexCoord_Distance_TwoCellsApart_ReturnsTwo" methodname="HexCoord_Distance_TwoCellsApart_ReturnsTwo" classname="AshenThrone.Tests.Alliance.TerritorySystemTests" runstate="Runnable" seed="966954382" result="Passed" start-time="2026-03-07 23:06:44Z" end-time="2026-03-07 23:06:44Z" duration="0.000095" asserts="0">
                <properties>
                  <property name="retryIteration" value="0" />
                  <property name="repeatIteration" value="0" />
                </properties>
              </test-case>
              <test-case id="1252" name="HexCoord_Equality_DifferentValues_NotEqual" fullname="AshenThrone.Tests.Alliance.TerritorySystemTests.HexCoord_Equality_DifferentValues_NotEqual" methodname="HexCoord_Equality_DifferentValues_NotEqual" classname="AshenThrone.Tests.Alliance.TerritorySystemTests" runstate="Runnable" seed="40211556" result="Passed" start-time="2026-03-07 23:06:44Z" end-time="2026-03-07 23:06:44Z" duration="0.000577" asserts="0">
                <properties>
                  <property name="retryIteration" value="0" />
                  <property name="repeatIteration" value="0" />
                </properties>
              </test-case>
              <test-case id="1251" name="HexCoord_Equality_SameValues_AreEqual" fullname="AshenThrone.Tests.Alliance.TerritorySystemTests.HexCoord_Equality_SameValues_AreEqual" methodname="HexCoord_Equality_SameValues_AreEqual" classname="AshenThrone.Tests.Alliance.TerritorySystemTests" runstate="Runnable" seed="1446279272" result="Passed" start-time="2026-03-07 23:06:44Z" end-time="2026-03-07 23:06:44Z" duration="0.000098" asserts="0">
                <properties>
                  <property name="retryIteration" value="0" />
                  <property name="repeatIteration" value="0" />
                </properties>
              </test-case>
              <test-case id="1250" name="HexCoord_Neighbors_ReturnsExactlySix" fullname="AshenThrone.Tests.Alliance.TerritorySystemTests.HexCoord_Neighbors_ReturnsExactlySix" methodname="HexCoord_Neighbors_ReturnsExactlySix" classname="AshenThrone.Tests.Alliance.TerritorySystemTests" runstate="Runnable" seed="1346020573" result="Passed" start-time="2026-03-07 23:06:44Z" end-time="2026-03-07 23:06:44Z" duration="0.000129" asserts="0">
                <properties>
                  <property name="retryIteration" value="0" />
                  <property name="repeatIteration" value="0" />
                </properties>
              </test-case>
              <test-case id="1255" name="InitializeMap_IgnoresNullEntries" fullname="AshenThrone.Tests.Alliance.TerritorySystemTests.InitializeMap_IgnoresNullEntries" methodname="InitializeMap_IgnoresNullEntries" classname="AshenThrone.Tests.Alliance.TerritorySystemTests" runstate="Runnable" seed="296079577" result="Passed" start-time="2026-03-07 23:06:44Z" end-time="2026-03-07 23:06:44Z" duration="0.000216" asserts="0">
                <properties>
                  <property name="retryIteration" value="0" />
                  <property name="repeatIteration" value="0" />
                </properties>
              </test-case>
              <test-case id="1254" name="InitializeMap_PopulatesRegions" fullname="AshenThrone.Tests.Alliance.TerritorySystemTests.InitializeMap_PopulatesRegions" methodname="InitializeMap_PopulatesRegions" classname="AshenThrone.Tests.Alliance.TerritorySystemTests" runstate="Runnable" seed="834601395" result="Passed" start-time="2026-03-07 23:06:44Z" end-time="2026-03-07 23:06:44Z" duration="0.000111" asserts="0">
                <properties>
                  <property name="retryIteration" value="0" />
                  <property name="repeatIteration" value="0" />
                </properties>
              </test-case>
              <test-case id="1253" name="InitializeMap_Throws_WhenRegionsIsNull" fullname="AshenThrone.Tests.Alliance.TerritorySystemTests.InitializeMap_Throws_WhenRegionsIsNull" methodname="InitializeMap_Throws_WhenRegionsIsNull" classname="AshenThrone.Tests.Alliance.TerritorySystemTests" runstate="Runnable" seed="821430916" result="Passed" start-time="2026-03-07 23:06:44Z" end-time="2026-03-07 23:06:44Z" duration="0.000122" asserts="0">
                <properties>
                  <property name="retryIteration" value="0" />
                  <property name="repeatIteration" value="0" />
                </properties>
              </test-case>
              <test-case id="1264" name="IsAttackable_ReturnsFalse_WhenAllianceOwnsRegion" fullname="AshenThrone.Tests.Alliance.TerritorySystemTests.IsAttackable_ReturnsFalse_WhenAllianceOwnsRegion" methodname="IsAttackable_ReturnsFalse_WhenAllianceOwnsRegion" classname="AshenThrone.Tests.Alliance.TerritorySystemTests" runstate="Runnable" seed="858655670" result="Passed" start-time="2026-03-07 23:06:44Z" end-time="2026-03-07 23:06:44Z" duration="0.000198" asserts="0">
                <properties>
                  <property name="retryIteration" value="0" />
                  <property name="repeatIteration" value="0" />
                </properties>
              </test-case>
              <test-case id="1265" name="IsAttackable_ReturnsFalse_WhenNoAdjacentOwnedRegion" fullname="AshenThrone.Tests.Alliance.TerritorySystemTests.IsAttackable_ReturnsFalse_WhenNoAdjacentOwnedRegion" methodname="IsAttackable_ReturnsFalse_WhenNoAdjacentOwnedRegion" classname="AshenThrone.Tests.Alliance.TerritorySystemTests" runstate="Runnable" seed="506507354" result="Passed" start-time="2026-03-07 23:06:44Z" end-time="2026-03-07 23:06:44Z" duration="0.000164" asserts="0">
                <properties>
                  <property name="retryIteration" value="0" />
                  <property name="repeatIteration" value="0" />
                </properties>
              </test-case>
              <test-case id="1266" name="IsAttackable_ReturnsTrue_WhenAdjacentOwnedRegionExists" fullname="AshenThrone.Tests.Alliance.TerritorySystemTests.IsAttackable_ReturnsTrue_WhenAdjacentOwnedRegionExists" methodname="IsAttackable_ReturnsTrue_WhenAdjacentOwnedRegionExists" classname="AshenThrone.Tests.Alliance.TerritorySystemTests" runstate="Runnable" seed="2029221465" result="Passed" start-time="2026-03-07 23:06:44Z" end-time="2026-03-07 23:06:44Z" duration="0.000144" asserts="0">
                <properties>
                  <property name="retryIteration" value="0" />
                  <property name="repeatIteration" value="0" />
                </properties>
              </test-case>
              <test-case id="1257" name="LoadFromServerData_NeutralRegions_HaveNullOwner" fullname="AshenThrone.Tests.Alliance.TerritorySystemTests.LoadFromServerData_NeutralRegions_HaveNullOwner" methodname="LoadFromServerData_NeutralRegions_HaveNullOwner" classname="AshenThrone.Tests.Alliance.TerritorySystemTests" runstate="Runnable" seed="1071362938" result="Passed" start-time="2026-03-07 23:06:44Z" end-time="2026-03-07 23:06:44Z" duration="0.000122" asserts="0">
                <properties>
                  <property name="retryIteration" value="0" />
                  <property name="repeatIteration" value="0" />
                </properties>
              </test-case>
              <test-case id="1256" name="LoadFromServerData_SetsOwnership" fullname="AshenThrone.Tests.Alliance.TerritorySystemTests.LoadFromServerData_SetsOwnership" methodname="LoadFromServerData_SetsOwnership" classname="AshenThrone.Tests.Alliance.TerritorySystemTests" runstate="Runnable" seed="14014083" result="Passed" start-time="2026-03-07 23:06:44Z" end-time="2026-03-07 23:06:44Z" duration="0.000126" asserts="0">
                <properties>
                  <property name="retryIteration" value="0" />
                  <property name="repeatIteration" value="0" />
                </properties>
              </test-case>
              <test-case id="1269" name="TerritoryRegion_TakeFortificationDamage_DoesNotGoBelowZero" fullname="AshenThrone.Tests.Alliance.TerritorySystemTests.TerritoryRegion_TakeFortificationDamage_DoesNotGoBelowZero" methodname="TerritoryRegion_TakeFortificationDamage_DoesNotGoBelowZero" classname="AshenThrone.Tests.Alliance.TerritorySystemTests" runstate="Runnable" seed="1968756258" result="Passed" start-time="2026-03-07 23:06:44Z" end-time="2026-03-07 23:06:44Z" duration="0.000131" asserts="0">
                <properties>
                  <property name="retryIteration" value="0" />
                  <property name="repeatIteration" value="0" />
                </properties>
              </test-case>
              <test-case id="1267" name="TerritoryRegion_TakeFortificationDamage_ReducesHp" fullname="AshenThrone.Tests.Alliance.TerritorySystemTests.TerritoryRegion_TakeFortificationDamage_ReducesHp" methodname="TerritoryRegion_TakeFortificationDamage_ReducesHp" classname="AshenThrone.Tests.Alliance.TerritorySystemTests" runstate="Runnable" seed="1103457185" result="Passed" start-time="2026-03-07 23:06:44Z" end-time="2026-03-07 23:06:44Z" duration="0.000091" asserts="0">
                <properties>
                  <property name="retryIteration" value="0" />
                  <property name="repeatIteration" value="0" />
                </properties>
              </test-case>
              <test-case id="1268" name="TerritoryRegion_TakeFortificationDamage_ReturnsTrue_WhenDestroyed" fullname="AshenThrone.Tests.Alliance.TerritorySystemTests.TerritoryRegion_TakeFortificationDamage_ReturnsTrue_WhenDestroyed" methodname="TerritoryRegion_TakeFortificationDamage_ReturnsTrue_WhenDestroyed" classname="AshenThrone.Tests.Alliance.TerritorySystemTests" runstate="Runnable" seed="1684646563" result="Passed" start-time="2026-03-07 23:06:44Z" end-time="2026-03-07 23:06:44Z" duration="0.000094" asserts="0">
                <properties>
                  <property name="retryIteration" value="0" />
                  <property name="repeatIteration" value="0" />
                </properties>
              </test-case>
            </test-suite>
            <test-suite type="TestFixture" id="1270" name="WarEngineTests" fullname="AshenThrone.Tests.Alliance.WarEngineTests" classname="AshenThrone.Tests.Alliance.WarEngineTests" runstate="Runnable" testcasecount="26" result="Passed" start-time="2026-03-07 23:06:44Z" end-time="2026-03-07 23:06:44Z" duration="0.005298" total="26" passed="26" failed="0" inconclusive="0" skipped="0" asserts="0">
              <properties />
              <test-case id="1274" name="ComputeAttackerPower_MultipleAttackers_GreaterThanSum" fullname="AshenThrone.Tests.Alliance.WarEngineTests.ComputeAttackerPower_MultipleAttackers_GreaterThanSum" methodname="ComputeAttackerPower_MultipleAttackers_GreaterThanSum" classname="AshenThrone.Tests.Alliance.WarEngineTests" runstate="Runnable" seed="1639991653" result="Passed" start-time="2026-03-07 23:06:44Z" end-time="2026-03-07 23:06:44Z" duration="0.000398" asserts="0">
                <properties>
                  <property name="retryIteration" value="0" />
                  <property name="repeatIteration" value="0" />
                </properties>
              </test-case>
              <test-case id="1275" name="ComputeAttackerPower_NegativeScores_ClampedToZero" fullname="AshenThrone.Tests.Alliance.WarEngineTests.ComputeAttackerPower_NegativeScores_ClampedToZero" methodname="ComputeAttackerPower_NegativeScores_ClampedToZero" classname="AshenThrone.Tests.Alliance.WarEngineTests" runstate="Runnable" seed="745362930" result="Passed" start-time="2026-03-07 23:06:44Z" end-time="2026-03-07 23:06:44Z" duration="0.000070" asserts="0">
                <properties>
                  <property name="retryIteration" value="0" />
                  <property name="repeatIteration" value="0" />
                </properties>
              </test-case>
              <test-case id="1271" name="ComputeAttackerPower_ReturnsZero_ForEmptyList" fullname="AshenThrone.Tests.Alliance.WarEngineTests.ComputeAttackerPower_ReturnsZero_ForEmptyList" methodname="ComputeAttackerPower_ReturnsZero_ForEmptyList" classname="AshenThrone.Tests.Alliance.WarEngineTests" runstate="Runnable" seed="662986149" result="Passed" start-time="2026-03-07 23:06:44Z" end-time="2026-03-07 23:06:44Z" duration="0.000039" asserts="0">
                <properties>
                  <property name="retryIteration" value="0" />
                  <property name="repeatIteration" value="0" />
                </properties>
              </test-case>
              <test-case id="1272" name="ComputeAttackerPower_ReturnsZero_ForNullList" fullname="AshenThrone.Tests.Alliance.WarEngineTests.ComputeAttackerPower_ReturnsZero_ForNullList" methodname="ComputeAttackerPower_ReturnsZero_ForNullList" classname="AshenThrone.Tests.Alliance.WarEngineTests" runstate="Runnable" seed="26880752" result="Passed" start-time="2026-03-07 23:06:44Z" end-time="2026-03-07 23:06:44Z" duration="0.000034" asserts="0">
                <properties>
                  <property name="retryIteration" value="0" />
                  <property name="repeatIteration" value="0" />
                </properties>
              </test-case>
              <test-case id="1273" name="ComputeAttackerPower_SingleAttacker_ReturnBasePower" fullname="AshenThrone.Tests.Alliance.WarEngineTests.ComputeAttackerPower_SingleAttacker_ReturnBasePower" methodname="ComputeAttackerPower_SingleAttacker_ReturnBasePower" classname="AshenThrone.Tests.Alliance.WarEngineTests" runstate="Runnable" seed="1566740470" result="Passed" start-time="2026-03-07 23:06:44Z" end-time="2026-03-07 23:06:44Z" duration="0.000047" asserts="0">
                <properties>
                  <property name="retryIteration" value="0" />
                  <property name="repeatIteration" value="0" />
                </properties>
              </test-case>
              <test-case id="1282" name="ComputeResultHash_Returns64CharHexString" fullname="AshenThrone.Tests.Alliance.WarEngineTests.ComputeResultHash_Returns64CharHexString" methodname="ComputeResultHash_Returns64CharHexString" classname="AshenThrone.Tests.Alliance.WarEngineTests" runstate="Runnable" seed="1289752405" result="Passed" start-time="2026-03-07 23:06:44Z" end-time="2026-03-07 23:06:44Z" duration="0.000251" asserts="0">
                <properties>
                  <property name="retryIteration" value="0" />
                  <property name="repeatIteration" value="0" />
                </properties>
              </test-case>
              <test-case id="1281" name="ComputeResultHash_ReturnsDifferentHash_ForDifferentOutcomes" fullname="AshenThrone.Tests.Alliance.WarEngineTests.ComputeResultHash_ReturnsDifferentHash_ForDifferentOutcomes" methodname="ComputeResultHash_ReturnsDifferentHash_ForDifferentOutcomes" classname="AshenThrone.Tests.Alliance.WarEngineTests" runstate="Runnable" seed="1189304874" result="Passed" start-time="2026-03-07 23:06:44Z" end-time="2026-03-07 23:06:44Z" duration="0.000051" asserts="0">
                <properties>
                  <property name="retryIteration" value="0" />
                  <property name="repeatIteration" value="0" />
                </properties>
              </test-case>
              <test-case id="1280" name="ComputeResultHash_ReturnsSameHash_ForSameInputs" fullname="AshenThrone.Tests.Alliance.WarEngineTests.ComputeResultHash_ReturnsSameHash_ForSameInputs" methodname="ComputeResultHash_ReturnsSameHash_ForSameInputs" classname="AshenThrone.Tests.Alliance.WarEngineTests" runstate="Runnable" seed="1322199573" result="Passed" start-time="2026-03-07 23:06:44Z" end-time="2026-03-07 23:06:44Z" duration="0.000045" asserts="0">
                <properties>
                  <property name="retryIteration" value="0" />
                  <property name="repeatIteration" value="0" />
                </properties>
              </test-case>
              <test-case id="1292" name="RallyAttack_Cancel_SetsStateToCancelled" fullname="AshenThrone.Tests.Alliance.WarEngineTests.RallyAttack_Cancel_SetsStateToCancelled" methodname="RallyAttack_Cancel_SetsStateToCancelled" classname="AshenThrone.Tests.Alliance.WarEngineTests" runstate="Runnable" seed="1680859512" result="Passed" start-time="2026-03-07 23:06:44Z" end-time="2026-03-07 23:06:44Z" duration="0.000210" asserts="0">
                <properties>
                  <property name="retryIteration" value="0" />
                  <property name="repeatIteration" value="0" />
                </properties>
              </test-case>
              <test-case id="1286" name="RallyAttack_OrganizerAutoJoins" fullname="AshenThrone.Tests.Alliance.WarEngineTests.RallyAttack_OrganizerAutoJoins" methodname="RallyAttack_OrganizerAutoJoins" classname="AshenThrone.Tests.Alliance.WarEngineTests" runstate="Runnable" seed="2121701597" result="Passed" start-time="2026-03-07 23:06:44Z" end-time="2026-03-07 23:06:44Z" duration="0.001046" asserts="0">
                <properties>
                  <property name="retryIteration" value="0" />
                  <property name="repeatIteration" value="0" />
                </properties>
              </test-case>
              <test-case id="1285" name="RallyAttack_ThrowsArgumentException_WhenRallyIdEmpty" fullname="AshenThrone.Tests.Alliance.WarEngineTests.RallyAttack_ThrowsArgumentException_WhenRallyIdEmpty" methodname="RallyAttack_ThrowsArgumentException_WhenRallyIdEmpty" classname="AshenThrone.Tests.Alliance.WarEngineTests" runstate="Runnable" seed="236359592" result="Passed" start-time="2026-03-07 23:06:44Z" end-time="2026-03-07 23:06:44Z" duration="0.000196" asserts="0">
                <properties>
                  <property name="retryIteration" value="0" />
                  <property name="repeatIteration" value="0" />
                </properties>
              </test-case>
              <test-case id="1287" name="RallyAttack_TryJoin_AddsMember_WhenRecruitingAndNotFull" fullname="AshenThrone.Tests.Alliance.WarEngineTests.RallyAttack_TryJoin_AddsMember_WhenRecruitingAndNotFull" methodname="RallyAttack_TryJoin_AddsMember_WhenRecruitingAndNotFull" classname="AshenThrone.Tests.Alliance.WarEngineTests" runstate="Runnable" seed="1114457253" result="Passed" start-time="2026-03-07 23:06:44Z" end-time="2026-03-07 23:06:44Z" duration="0.000082" asserts="0">
                <properties>
                  <property name="retryIteration" value="0" />
                  <property name="repeatIteration" value="0" />
                </properties>
              </test-case>
              <test-case id="1293" name="RallyAttack_TryJoin_ReturnsFalse_AfterCancelled" fullname="AshenThrone.Tests.Alliance.WarEngineTests.RallyAttack_TryJoin_ReturnsFalse_AfterCancelled" methodname="RallyAttack_TryJoin_ReturnsFalse_AfterCancelled" classname="AshenThrone.Tests.Alliance.WarEngineTests" runstate="Runnable" seed="1050797411" result="Passed" start-time="2026-03-07 23:06:44Z" end-time="2026-03-07 23:06:44Z" duration="0.000045" asserts="0">
                <properties>
                  <property name="retryIteration" value="0" />
                  <property name="repeatIteration" value="0" />
                </properties>
              </test-case>
              <test-case id="1289" name="RallyAttack_TryJoin_ReturnsFalse_WhenAlreadyJoined" fullname="AshenThrone.Tests.Alliance.WarEngineTests.RallyAttack_TryJoin_ReturnsFalse_WhenAlreadyJoined" methodname="RallyAttack_TryJoin_ReturnsFalse_WhenAlreadyJoined" classname="AshenThrone.Tests.Alliance.WarEngineTests" runstate="Runnable" seed="759722385" result="Passed" start-time="2026-03-07 23:06:44Z" end-time="2026-03-07 23:06:44Z" duration="0.000036" asserts="0">
                <properties>
                  <property name="retryIteration" value="0" />
                  <property name="repeatIteration" value="0" />
                </properties>
              </test-case>
              <test-case id="1288" name="RallyAttack_TryJoin_ReturnsFalse_WhenFull" fullname="AshenThrone.Tests.Alliance.WarEngineTests.RallyAttack_TryJoin_ReturnsFalse_WhenFull" methodname="RallyAttack_TryJoin_ReturnsFalse_WhenFull" classname="AshenThrone.Tests.Alliance.WarEngineTests" runstate="Runnable" seed="2137783694" result="Passed" start-time="2026-03-07 23:06:44Z" end-time="2026-03-07 23:06:44Z" duration="0.000035" asserts="0">
                <properties>
                  <property name="retryIteration" value="0" />
                  <property name="repeatIteration" value="0" />
                </properties>
              </test-case>
              <test-case id="1290" name="RallyAttack_TryLaunch_ReturnsFalse_WhenBelowMinAttackers" fullname="AshenThrone.Tests.Alliance.WarEngineTests.RallyAttack_TryLaunch_ReturnsFalse_WhenBelowMinAttackers" methodname="RallyAttack_TryLaunch_ReturnsFalse_WhenBelowMinAttackers" classname="AshenThrone.Tests.Alliance.WarEngineTests" runstate="Runnable" seed="1951946931" result="Passed" start-time="2026-03-07 23:06:44Z" end-time="2026-03-07 23:06:44Z" duration="0.000045" asserts="0">
                <properties>
                  <property name="retryIteration" value="0" />
                  <property name="repeatIteration" value="0" />
                </properties>
              </test-case>
              <test-case id="1291" name="RallyAttack_TryLaunch_ReturnsTrue_WhenMinMet" fullname="AshenThrone.Tests.Alliance.WarEngineTests.RallyAttack_TryLaunch_ReturnsTrue_WhenMinMet" methodname="RallyAttack_TryLaunch_ReturnsTrue_WhenMinMet" classname="AshenThrone.Tests.Alliance.WarEngineTests" runstate="Runnable" seed="1039457006" result="Passed" start-time="2026-03-07 23:06:44Z" end-time="2026-03-07 23:06:44Z" duration="0.000046" asserts="0">
                <properties>
                  <property name="retryIteration" value="0" />
                  <property name="repeatIteration" value="0" />
                </properties>
              </test-case>
              <test-case id="1276" name="ResolveAttack_AttackerWins_WhenPowerExceedsTotalDefense" fullname="AshenThrone.Tests.Alliance.WarEngineTests.ResolveAttack_AttackerWins_WhenPowerExceedsTotalDefense" methodname="ResolveAttack_AttackerWins_WhenPowerExceedsTotalDefense" classname="AshenThrone.Tests.Alliance.WarEngineTests" runstate="Runnable" seed="116903175" result="Passed" start-time="2026-03-07 23:06:44Z" end-time="2026-03-07 23:06:44Z" duration="0.000048" asserts="0">
                <properties>
                  <property name="retryIteration" value="0" />
                  <property name="repeatIteration" value="0" />
                </properties>
              </test-case>
              <test-case id="1277" name="ResolveAttack_DefenderWins_WhenDefenseExceedsAttack" fullname="AshenThrone.Tests.Alliance.WarEngineTests.ResolveAttack_DefenderWins_WhenDefenseExceedsAttack" methodname="ResolveAttack_DefenderWins_WhenDefenseExceedsAttack" classname="AshenThrone.Tests.Alliance.WarEngineTests" runstate="Runnable" seed="1800132451" result="Passed" start-time="2026-03-07 23:06:44Z" end-time="2026-03-07 23:06:44Z" duration="0.000036" asserts="0">
                <properties>
                  <property name="retryIteration" value="0" />
                  <property name="repeatIteration" value="0" />
                </properties>
              </test-case>
              <test-case id="1278" name="ResolveAttack_Draw_WhenEqualPower" fullname="AshenThrone.Tests.Alliance.WarEngineTests.ResolveAttack_Draw_WhenEqualPower" methodname="ResolveAttack_Draw_WhenEqualPower" classname="AshenThrone.Tests.Alliance.WarEngineTests" runstate="Runnable" seed="299027486" result="Passed" start-time="2026-03-07 23:06:44Z" end-time="2026-03-07 23:06:44Z" duration="0.000037" asserts="0">
                <properties>
                  <property name="retryIteration" value="0" />
                  <property name="repeatIteration" value="0" />
                </properties>
              </test-case>
              <test-case id="1279" name="ResolveAttack_FortificationAddsToDefense" fullname="AshenThrone.Tests.Alliance.WarEngineTests.ResolveAttack_FortificationAddsToDefense" methodname="ResolveAttack_FortificationAddsToDefense" classname="AshenThrone.Tests.Alliance.WarEngineTests" runstate="Runnable" seed="735152914" result="Passed" start-time="2026-03-07 23:06:44Z" end-time="2026-03-07 23:06:44Z" duration="0.000053" asserts="0">
                <properties>
                  <property name="retryIteration" value="0" />
                  <property name="repeatIteration" value="0" />
                </properties>
              </test-case>
              <test-case id="1284" name="WarResult_IsHashValid_ReturnsFalse_ForTamperedHash" fullname="AshenThrone.Tests.Alliance.WarEngineTests.WarResult_IsHashValid_ReturnsFalse_ForTamperedHash" methodname="WarResult_IsHashValid_ReturnsFalse_ForTamperedHash" classname="AshenThrone.Tests.Alliance.WarEngineTests" runstate="Runnable" seed="1247651623" result="Passed" start-time="2026-03-07 23:06:44Z" end-time="2026-03-07 23:06:44Z" duration="0.000091" asserts="0">
                <properties>
                  <property name="retryIteration" value="0" />
                  <property name="repeatIteration" value="0" />
                </properties>
              </test-case>
              <test-case id="1283" name="WarResult_IsHashValid_ReturnsTrue_ForMatchingHash" fullname="AshenThrone.Tests.Alliance.WarEngineTests.WarResult_IsHashValid_ReturnsTrue_ForMatchingHash" methodname="WarResult_IsHashValid_ReturnsTrue_ForMatchingHash" classname="AshenThrone.Tests.Alliance.WarEngineTests" runstate="Runnable" seed="1802274608" result="Passed" start-time="2026-03-07 23:06:44Z" end-time="2026-03-07 23:06:44Z" duration="0.000058" asserts="0">
                <properties>
                  <property name="retryIteration" value="0" />
                  <property name="repeatIteration" value="0" />
                </properties>
              </test-case>
              <test-case id="1296" name="WarWindow_IsNotOpen_BeforeWindowStarts" fullname="AshenThrone.Tests.Alliance.WarEngineTests.WarWindow_IsNotOpen_BeforeWindowStarts" methodname="WarWindow_IsNotOpen_BeforeWindowStarts" classname="AshenThrone.Tests.Alliance.WarEngineTests" runstate="Runnable" seed="143346321" result="Passed" start-time="2026-03-07 23:06:44Z" end-time="2026-03-07 23:06:44Z" duration="0.000120" asserts="0">
                <properties>
                  <property name="retryIteration" value="0" />
                  <property name="repeatIteration" value="0" />
                </properties>
              </test-case>
              <test-case id="1295" name="WarWindow_IsOpen_WhenCurrentTimeWithinWindow" fullname="AshenThrone.Tests.Alliance.WarEngineTests.WarWindow_IsOpen_WhenCurrentTimeWithinWindow" methodname="WarWindow_IsOpen_WhenCurrentTimeWithinWindow" classname="AshenThrone.Tests.Alliance.WarEngineTests" runstate="Runnable" seed="218594319" result="Passed" start-time="2026-03-07 23:06:44Z" end-time="2026-03-07 23:06:44Z" duration="0.000047" asserts="0">
                <properties>
                  <property name="retryIteration" value="0" />
                  <property name="repeatIteration" value="0" />
                </properties>
              </test-case>
              <test-case id="1294" name="WarWindow_ThrowsArgumentException_WhenCloseBeforeOpen" fullname="AshenThrone.Tests.Alliance.WarEngineTests.WarWindow_ThrowsArgumentException_WhenCloseBeforeOpen" methodname="WarWindow_ThrowsArgumentException_WhenCloseBeforeOpen" classname="AshenThrone.Tests.Alliance.WarEngineTests" runstate="Runnable" seed="1371612378" result="Passed" start-time="2026-03-07 23:06:44Z" end-time="2026-03-07 23:06:44Z" duration="0.000085" asserts="0">
                <properties>
                  <property name="retryIteration" value="0" />
                  <property name="repeatIteration" value="0" />
                </properties>
              </test-case>
            </test-suite>
          </test-suite>
          <test-suite type="TestSuite" id="1302" name="Combat" fullname="AshenThrone.Tests.Combat" runstate="Runnable" testcasecount="60" result="Failed" site="Child" start-time="2026-03-07 23:06:44Z" end-time="2026-03-07 23:06:44Z" duration="0.027587" total="60" passed="44" failed="15" inconclusive="0" skipped="1" asserts="0">
            <properties />
            <failure>
              <message><![CDATA[One or more child tests had errors]]></message>
            </failure>
            <test-suite type="TestFixture" id="1135" name="AbilityResolverTests" fullname="AshenThrone.Tests.Combat.AbilityResolverTests" classname="AshenThrone.Tests.Combat.AbilityResolverTests" runstate="Runnable" testcasecount="10" result="Failed" site="Child" start-time="2026-03-07 23:06:44Z" end-time="2026-03-07 23:06:44Z" duration="0.006333" total="10" passed="3" failed="7" inconclusive="0" skipped="0" asserts="0">
              <properties />
              <failure>
                <message><![CDATA[One or more child tests had errors]]></message>
              </failure>
              <test-case id="1145" name="AllEnemies_TargetType_HitsAllLivingEnemies" fullname="AshenThrone.Tests.Combat.AbilityResolverTests.AllEnemies_TargetType_HitsAllLivingEnemies" methodname="AllEnemies_TargetType_HitsAllLivingEnemies" classname="AshenThrone.Tests.Combat.AbilityResolverTests" runstate="Runnable" seed="1427141831" result="Failed" label="Error" start-time="2026-03-07 23:06:44Z" end-time="2026-03-07 23:06:44Z" duration="0.001101" asserts="0">
                <properties>
                  <property name="retryIteration" value="0" />
                  <property name="repeatIteration" value="0" />
                </properties>
                <failure>
                  <message><![CDATA[System.NullReferenceException : Object reference not set to an instance of an object]]></message>
                  <stack-trace><![CDATA[  at AshenThrone.Combat.CombatGrid.PlaceUnit (System.Int32 heroInstanceId, AshenThrone.Combat.GridPosition pos) [0x0000b] in /Users/tomterhune/ashen-throne/game/Assets/Scripts/Combat/CombatGrid.cs:71 
  at AshenThrone.Tests.Combat.AbilityResolverTests.AllEnemies_TargetType_HitsAllLivingEnemies () [0x00068] in /Users/tomterhune/ashen-throne/game/Assets/Scripts/Tests/Combat/AbilityResolverTests.cs:363 
  at (wrapper managed-to-native) System.Reflection.RuntimeMethodInfo.InternalInvoke(System.Reflection.RuntimeMethodInfo,object,object[],System.Exception&)
  at System.Reflection.RuntimeMethodInfo.Invoke (System.Object obj, System.Reflection.BindingFlags invokeAttr, System.Reflection.Binder binder, System.Object[] parameters, System.Globalization.CultureInfo culture) [0x0006a] in <c5eeda5e65d44b388e164c6c5cfe0702>:0 ]]></stack-trace>
                </failure>
              </test-case>
              <test-case id="1136" name="AttackCard_DealsExpectedDamage_ToEnemy" fullname="AshenThrone.Tests.Combat.AbilityResolverTests.AttackCard_DealsExpectedDamage_ToEnemy" methodname="AttackCard_DealsExpectedDamage_ToEnemy" classname="AshenThrone.Tests.Combat.AbilityResolverTests" runstate="Runnable" seed="778147385" result="Failed" label="Error" start-time="2026-03-07 23:06:44Z" end-time="2026-03-07 23:06:44Z" duration="0.000313" asserts="0">
                <properties>
                  <property name="retryIteration" value="0" />
                  <property name="repeatIteration" value="0" />
                </properties>
                <failure>
                  <message><![CDATA[System.NullReferenceException : Object reference not set to an instance of an object]]></message>
                  <stack-trace><![CDATA[  at AshenThrone.Combat.CombatGrid.PlaceUnit (System.Int32 heroInstanceId, AshenThrone.Combat.GridPosition pos) [0x0000b] in /Users/tomterhune/ashen-throne/game/Assets/Scripts/Combat/CombatGrid.cs:71 
  at AshenThrone.Tests.Combat.AbilityResolverTests.AttackCard_DealsExpectedDamage_ToEnemy () [0x0004a] in /Users/tomterhune/ashen-throne/game/Assets/Scripts/Tests/Combat/AbilityResolverTests.cs:123 
  at (wrapper managed-to-native) System.Reflection.RuntimeMethodInfo.InternalInvoke(System.Reflection.RuntimeMethodInfo,object,object[],System.Exception&)
  at System.Reflection.RuntimeMethodInfo.Invoke (System.Object obj, System.Reflection.BindingFlags invokeAttr, System.Reflection.Binder binder, System.Object[] parameters, System.Globalization.CultureInfo culture) [0x0006a] in <c5eeda5e65d44b388e164c6c5cfe0702>:0 ]]></stack-trace>
                </failure>
              </test-case>
              <test-case id="1139" name="AttackCard_DoesNotHitDeadTarget" fullname="AshenThrone.Tests.Combat.AbilityResolverTests.AttackCard_DoesNotHitDeadTarget" methodname="AttackCard_DoesNotHitDeadTarget" classname="AshenThrone.Tests.Combat.AbilityResolverTests" runstate="Runnable" seed="583767875" result="Failed" label="Error" start-time="2026-03-07 23:06:44Z" end-time="2026-03-07 23:06:44Z" duration="0.000572" asserts="0">
                <properties>
                  <property name="retryIteration" value="0" />
                  <property name="repeatIteration" value="0" />
                </properties>
                <failure>
                  <message><![CDATA[System.NullReferenceException : Object reference not set to an instance of an object]]></message>
                  <stack-trace><![CDATA[  at AshenThrone.Combat.CombatGrid.PlaceUnit (System.Int32 heroInstanceId, AshenThrone.Combat.GridPosition pos) [0x0000b] in /Users/tomterhune/ashen-throne/game/Assets/Scripts/Combat/CombatGrid.cs:71 
  at AshenThrone.Tests.Combat.AbilityResolverTests.AttackCard_DoesNotHitDeadTarget () [0x0006d] in /Users/tomterhune/ashen-throne/game/Assets/Scripts/Tests/Combat/AbilityResolverTests.cs:225 
  at (wrapper managed-to-native) System.Reflection.RuntimeMethodInfo.InternalInvoke(System.Reflection.RuntimeMethodInfo,object,object[],System.Exception&)
  at System.Reflection.RuntimeMethodInfo.Invoke (System.Object obj, System.Reflection.BindingFlags invokeAttr, System.Reflection.Binder binder, System.Object[] parameters, System.Globalization.CultureInfo culture) [0x0006a] in <c5eeda5e65d44b388e164c6c5cfe0702>:0 ]]></stack-trace>
                </failure>
              </test-case>
              <test-case id="1137" name="AttackCard_NeverDealsZeroDamage_WhenTargetHasHighDefense" fullname="AshenThrone.Tests.Combat.AbilityResolverTests.AttackCard_NeverDealsZeroDamage_WhenTargetHasHighDefense" methodname="AttackCard_NeverDealsZeroDamage_WhenTargetHasHighDefense" classname="AshenThrone.Tests.Combat.AbilityResolverTests" runstate="Runnable" seed="685396073" result="Failed" label="Error" start-time="2026-03-07 23:06:44Z" end-time="2026-03-07 23:06:44Z" duration="0.000232" asserts="0">
                <properties>
                  <property name="retryIteration" value="0" />
                  <property name="repeatIteration" value="0" />
                </properties>
                <failure>
                  <message><![CDATA[System.NullReferenceException : Object reference not set to an instance of an object]]></message>
                  <stack-trace><![CDATA[  at AshenThrone.Combat.CombatGrid.PlaceUnit (System.Int32 heroInstanceId, AshenThrone.Combat.GridPosition pos) [0x0000b] in /Users/tomterhune/ashen-throne/game/Assets/Scripts/Combat/CombatGrid.cs:71 
  at AshenThrone.Tests.Combat.AbilityResolverTests.AttackCard_NeverDealsZeroDamage_WhenTargetHasHighDefense () [0x0004d] in /Users/tomterhune/ashen-throne/game/Assets/Scripts/Tests/Combat/AbilityResolverTests.cs:156 
  at (wrapper managed-to-native) System.Reflection.RuntimeMethodInfo.InternalInvoke(System.Reflection.RuntimeMethodInfo,object,object[],System.Exception&)
  at System.Reflection.RuntimeMethodInfo.Invoke (System.Object obj, System.Reflection.BindingFlags invokeAttr, System.Reflection.Binder binder, System.Object[] parameters, System.Globalization.CultureInfo culture) [0x0006a] in <c5eeda5e65d44b388e164c6c5cfe0702>:0 ]]></stack-trace>
                </failure>
              </test-case>
              <test-case id="1138" name="AttackCard_WithComboBonus_DealsIncreasedDamage" fullname="AshenThrone.Tests.Combat.AbilityResolverTests.AttackCard_WithComboBonus_DealsIncreasedDamage" methodname="AttackCard_WithComboBonus_DealsIncreasedDamage" classname="AshenThrone.Tests.Combat.AbilityResolverTests" runstate="Runnable" seed="692549874" result="Failed" label="Error" start-time="2026-03-07 23:06:44Z" end-time="2026-03-07 23:06:44Z" duration="0.000233" asserts="0">
                <properties>
                  <property name="retryIteration" value="0" />
                  <property name="repeatIteration" value="0" />
                </properties>
                <failure>
                  <message><![CDATA[System.NullReferenceException : Object reference not set to an instance of an object]]></message>
                  <stack-trace><![CDATA[  at AshenThrone.Combat.CombatGrid.PlaceUnit (System.Int32 heroInstanceId, AshenThrone.Combat.GridPosition pos) [0x0000b] in /Users/tomterhune/ashen-throne/game/Assets/Scripts/Combat/CombatGrid.cs:71 
  at AshenThrone.Tests.Combat.AbilityResolverTests.AttackCard_WithComboBonus_DealsIncreasedDamage () [0x00049] in /Users/tomterhune/ashen-throne/game/Assets/Scripts/Tests/Combat/AbilityResolverTests.cs:188 
  at (wrapper managed-to-native) System.Reflection.RuntimeMethodInfo.InternalInvoke(System.Reflection.RuntimeMethodInfo,object,object[],System.Exception&)
  at System.Reflection.RuntimeMethodInfo.Invoke (System.Object obj, System.Reflection.BindingFlags invokeAttr, System.Reflection.Binder binder, System.Object[] parameters, System.Globalization.CultureInfo culture) [0x0006a] in <c5eeda5e65d44b388e164c6c5cfe0702>:0 ]]></stack-trace>
                </failure>
              </test-case>
              <test-case id="1144" name="Constructor_ThrowsArgumentNullException_WhenGridIsNull" fullname="AshenThrone.Tests.Combat.AbilityResolverTests.Constructor_ThrowsArgumentNullException_WhenGridIsNull" methodname="Constructor_ThrowsArgumentNullException_WhenGridIsNull" classname="AshenThrone.Tests.Combat.AbilityResolverTests" runstate="Runnable" seed="1811727357" result="Passed" start-time="2026-03-07 23:06:44Z" end-time="2026-03-07 23:06:44Z" duration="0.000192" asserts="0">
                <properties>
                  <property name="retryIteration" value="0" />
                  <property name="repeatIteration" value="0" />
                </properties>
              </test-case>
              <test-case id="1141" name="HealCard_DoesNotOverheal_BeyondMaxHealth" fullname="AshenThrone.Tests.Combat.AbilityResolverTests.HealCard_DoesNotOverheal_BeyondMaxHealth" methodname="HealCard_DoesNotOverheal_BeyondMaxHealth" classname="AshenThrone.Tests.Combat.AbilityResolverTests" runstate="Runnable" seed="742146972" result="Failed" label="Error" start-time="2026-03-07 23:06:44Z" end-time="2026-03-07 23:06:44Z" duration="0.000236" asserts="0">
                <properties>
                  <property name="retryIteration" value="0" />
                  <property name="repeatIteration" value="0" />
                </properties>
                <failure>
                  <message><![CDATA[System.NullReferenceException : Object reference not set to an instance of an object]]></message>
                  <stack-trace><![CDATA[  at AshenThrone.Combat.CombatGrid.PlaceUnit (System.Int32 heroInstanceId, AshenThrone.Combat.GridPosition pos) [0x0000b] in /Users/tomterhune/ashen-throne/game/Assets/Scripts/Combat/CombatGrid.cs:71 
  at AshenThrone.Tests.Combat.AbilityResolverTests.HealCard_DoesNotOverheal_BeyondMaxHealth () [0x0005b] in /Users/tomterhune/ashen-throne/game/Assets/Scripts/Tests/Combat/AbilityResolverTests.cs:294 
  at (wrapper managed-to-native) System.Reflection.RuntimeMethodInfo.InternalInvoke(System.Reflection.RuntimeMethodInfo,object,object[],System.Exception&)
  at System.Reflection.RuntimeMethodInfo.Invoke (System.Object obj, System.Reflection.BindingFlags invokeAttr, System.Reflection.Binder binder, System.Object[] parameters, System.Globalization.CultureInfo culture) [0x0006a] in <c5eeda5e65d44b388e164c6c5cfe0702>:0 ]]></stack-trace>
                </failure>
              </test-case>
              <test-case id="1140" name="HealCard_RestoresExpectedHp_ToAlly" fullname="AshenThrone.Tests.Combat.AbilityResolverTests.HealCard_RestoresExpectedHp_ToAlly" methodname="HealCard_RestoresExpectedHp_ToAlly" classname="AshenThrone.Tests.Combat.AbilityResolverTests" runstate="Runnable" seed="1041059753" result="Failed" label="Error" start-time="2026-03-07 23:06:44Z" end-time="2026-03-07 23:06:44Z" duration="0.000264" asserts="0">
                <properties>
                  <property name="retryIteration" value="0" />
                  <property name="repeatIteration" value="0" />
                </properties>
                <failure>
                  <message><![CDATA[System.NullReferenceException : Object reference not set to an instance of an object]]></message>
                  <stack-trace><![CDATA[  at AshenThrone.Combat.CombatGrid.PlaceUnit (System.Int32 heroInstanceId, AshenThrone.Combat.GridPosition pos) [0x0000b] in /Users/tomterhune/ashen-throne/game/Assets/Scripts/Combat/CombatGrid.cs:71 
  at AshenThrone.Tests.Combat.AbilityResolverTests.HealCard_RestoresExpectedHp_ToAlly () [0x0005f] in /Users/tomterhune/ashen-throne/game/Assets/Scripts/Tests/Combat/AbilityResolverTests.cs:260 
  at (wrapper managed-to-native) System.Reflection.RuntimeMethodInfo.InternalInvoke(System.Reflection.RuntimeMethodInfo,object,object[],System.Exception&)
  at System.Reflection.RuntimeMethodInfo.Invoke (System.Object obj, System.Reflection.BindingFlags invokeAttr, System.Reflection.Binder binder, System.Object[] parameters, System.Globalization.CultureInfo culture) [0x0006a] in <c5eeda5e65d44b388e164c6c5cfe0702>:0 ]]></stack-trace>
                </failure>
              </test-case>
              <test-case id="1142" name="Resolve_ThrowsArgumentNullException_WhenCardIsNull" fullname="AshenThrone.Tests.Combat.AbilityResolverTests.Resolve_ThrowsArgumentNullException_WhenCardIsNull" methodname="Resolve_ThrowsArgumentNullException_WhenCardIsNull" classname="AshenThrone.Tests.Combat.AbilityResolverTests" runstate="Runnable" seed="502798858" result="Passed" start-time="2026-03-07 23:06:44Z" end-time="2026-03-07 23:06:44Z" duration="0.000304" asserts="0">
                <properties>
                  <property name="retryIteration" value="0" />
                  <property name="repeatIteration" value="0" />
                </properties>
              </test-case>
              <test-case id="1143" name="Resolve_ThrowsArgumentNullException_WhenCasterIsNull" fullname="AshenThrone.Tests.Combat.AbilityResolverTests.Resolve_ThrowsArgumentNullException_WhenCasterIsNull" methodname="Resolve_ThrowsArgumentNullException_WhenCasterIsNull" classname="AshenThrone.Tests.Combat.AbilityResolverTests" runstate="Runnable" seed="1622369506" result="Passed" start-time="2026-03-07 23:06:44Z" end-time="2026-03-07 23:06:44Z" duration="0.000257" asserts="0">
                <properties>
                  <property name="retryIteration" value="0" />
                  <property name="repeatIteration" value="0" />
                </properties>
              </test-case>
            </test-suite>
            <test-suite type="TestFixture" id="1146" name="CardHandManagerTests" fullname="AshenThrone.Tests.Combat.CardHandManagerTests" classname="AshenThrone.Tests.Combat.CardHandManagerTests" runstate="Runnable" testcasecount="25" result="Skipped" label="Ignored" start-time="2026-03-07 23:06:44Z" end-time="2026-03-07 23:06:44Z" duration="0.010193" total="25" passed="24" failed="0" inconclusive="0" skipped="1" asserts="0">
              <properties />
              <reason>
                <message><![CDATA[One or more child tests were ignored]]></message>
              </reason>
              <test-case id="1168" name="DiscardCard_DoesNotThrow_WhenCardNotInHand" fullname="AshenThrone.Tests.Combat.CardHandManagerTests.DiscardCard_DoesNotThrow_WhenCardNotInHand" methodname="DiscardCard_DoesNotThrow_WhenCardNotInHand" classname="AshenThrone.Tests.Combat.CardHandManagerTests" runstate="Runnable" seed="681158272" result="Passed" start-time="2026-03-07 23:06:44Z" end-time="2026-03-07 23:06:44Z" duration="0.001043" asserts="0">
                <properties>
                  <property name="retryIteration" value="0" />
                  <property name="repeatIteration" value="0" />
                </properties>
              </test-case>
              <test-case id="1169" name="DiscardCard_FiresOnCardDiscardedEvent" fullname="AshenThrone.Tests.Combat.CardHandManagerTests.DiscardCard_FiresOnCardDiscardedEvent" methodname="DiscardCard_FiresOnCardDiscardedEvent" classname="AshenThrone.Tests.Combat.CardHandManagerTests" runstate="Runnable" seed="435567963" result="Passed" start-time="2026-03-07 23:06:44Z" end-time="2026-03-07 23:06:44Z" duration="0.000551" asserts="0">
                <properties>
                  <property name="retryIteration" value="0" />
                  <property name="repeatIteration" value="0" />
                </properties>
              </test-case>
              <test-case id="1167" name="DiscardCard_RemovesCardFromHand" fullname="AshenThrone.Tests.Combat.CardHandManagerTests.DiscardCard_RemovesCardFromHand" methodname="DiscardCard_RemovesCardFromHand" classname="AshenThrone.Tests.Combat.CardHandManagerTests" runstate="Runnable" seed="1040744824" result="Passed" start-time="2026-03-07 23:06:44Z" end-time="2026-03-07 23:06:44Z" duration="0.000244" asserts="0">
                <properties>
                  <property name="retryIteration" value="0" />
                  <property name="repeatIteration" value="0" />
                </properties>
              </test-case>
              <test-case id="1157" name="DrawForTurn_DecrementsDeckCount" fullname="AshenThrone.Tests.Combat.CardHandManagerTests.DrawForTurn_DecrementsDeckCount" methodname="DrawForTurn_DecrementsDeckCount" classname="AshenThrone.Tests.Combat.CardHandManagerTests" runstate="Runnable" seed="558037589" result="Passed" start-time="2026-03-07 23:06:44Z" end-time="2026-03-07 23:06:44Z" duration="0.000187" asserts="0">
                <properties>
                  <property name="retryIteration" value="0" />
                  <property name="repeatIteration" value="0" />
                </properties>
              </test-case>
              <test-case id="1155" name="DrawForTurn_DoesNotExceedMaxHandSize" fullname="AshenThrone.Tests.Combat.CardHandManagerTests.DrawForTurn_DoesNotExceedMaxHandSize" methodname="DrawForTurn_DoesNotExceedMaxHandSize" classname="AshenThrone.Tests.Combat.CardHandManagerTests" runstate="Runnable" seed="1577965669" result="Passed" start-time="2026-03-07 23:06:44Z" end-time="2026-03-07 23:06:44Z" duration="0.000184" asserts="0">
                <properties>
                  <property name="retryIteration" value="0" />
                  <property name="repeatIteration" value="0" />
                </properties>
              </test-case>
              <test-case id="1154" name="DrawForTurn_DrawsExactlyDrawsPerTurn_WhenHandEmpty" fullname="AshenThrone.Tests.Combat.CardHandManagerTests.DrawForTurn_DrawsExactlyDrawsPerTurn_WhenHandEmpty" methodname="DrawForTurn_DrawsExactlyDrawsPerTurn_WhenHandEmpty" classname="AshenThrone.Tests.Combat.CardHandManagerTests" runstate="Runnable" seed="2112592474" result="Passed" start-time="2026-03-07 23:06:44Z" end-time="2026-03-07 23:06:44Z" duration="0.000173" asserts="0">
                <properties>
                  <property name="retryIteration" value="0" />
                  <property name="repeatIteration" value="0" />
                </properties>
              </test-case>
              <test-case id="1158" name="DrawForTurn_FiresOnCardDrawnEvent_ForEachCard" fullname="AshenThrone.Tests.Combat.CardHandManagerTests.DrawForTurn_FiresOnCardDrawnEvent_ForEachCard" methodname="DrawForTurn_FiresOnCardDrawnEvent_ForEachCard" classname="AshenThrone.Tests.Combat.CardHandManagerTests" runstate="Runnable" seed="307481147" result="Passed" start-time="2026-03-07 23:06:44Z" end-time="2026-03-07 23:06:44Z" duration="0.000221" asserts="0">
                <properties>
                  <property name="retryIteration" value="0" />
                  <property name="repeatIteration" value="0" />
                </properties>
              </test-case>
              <test-case id="1156" name="DrawForTurn_RegeneratesEnergy" fullname="AshenThrone.Tests.Combat.CardHandManagerTests.DrawForTurn_RegeneratesEnergy" methodname="DrawForTurn_RegeneratesEnergy" classname="AshenThrone.Tests.Combat.CardHandManagerTests" runstate="Runnable" seed="1254348883" result="Passed" start-time="2026-03-07 23:06:44Z" end-time="2026-03-07 23:06:44Z" duration="0.000358" asserts="0">
                <properties>
                  <property name="retryIteration" value="0" />
                  <property name="repeatIteration" value="0" />
                </properties>
              </test-case>
              <test-case id="1159" name="DrawForTurn_ReshufflesDiscardWhenDeckExhausted" fullname="AshenThrone.Tests.Combat.CardHandManagerTests.DrawForTurn_ReshufflesDiscardWhenDeckExhausted" methodname="DrawForTurn_ReshufflesDiscardWhenDeckExhausted" classname="AshenThrone.Tests.Combat.CardHandManagerTests" runstate="Runnable" seed="973330086" result="Passed" start-time="2026-03-07 23:06:44Z" end-time="2026-03-07 23:06:44Z" duration="0.000409" asserts="0">
                <properties>
                  <property name="retryIteration" value="0" />
                  <property name="repeatIteration" value="0" />
                </properties>
              </test-case>
              <test-case id="1171" name="Energy_NeverDropsBelowZero" fullname="AshenThrone.Tests.Combat.CardHandManagerTests.Energy_NeverDropsBelowZero" methodname="Energy_NeverDropsBelowZero" classname="AshenThrone.Tests.Combat.CardHandManagerTests" runstate="Runnable" seed="1999433203" result="Passed" start-time="2026-03-07 23:06:44Z" end-time="2026-03-07 23:06:44Z" duration="0.000264" asserts="0">
                <properties>
                  <property name="retryIteration" value="0" />
                  <property name="repeatIteration" value="0" />
                </properties>
              </test-case>
              <test-case id="1170" name="Energy_NeverExceedsMaxEnergy" fullname="AshenThrone.Tests.Combat.CardHandManagerTests.Energy_NeverExceedsMaxEnergy" methodname="Energy_NeverExceedsMaxEnergy" classname="AshenThrone.Tests.Combat.CardHandManagerTests" runstate="Runnable" seed="1087376520" result="Passed" start-time="2026-03-07 23:06:44Z" end-time="2026-03-07 23:06:44Z" duration="0.000178" asserts="0">
                <properties>
                  <property name="retryIteration" value="0" />
                  <property name="repeatIteration" value="0" />
                </properties>
              </test-case>
              <test-case id="1152" name="InitializeDeck_DeckContainsAllCards_AfterInit" fullname="AshenThrone.Tests.Combat.CardHandManagerTests.InitializeDeck_DeckContainsAllCards_AfterInit" methodname="InitializeDeck_DeckContainsAllCards_AfterInit" classname="AshenThrone.Tests.Combat.CardHandManagerTests" runstate="Runnable" seed="1291452352" result="Passed" start-time="2026-03-07 23:06:44Z" end-time="2026-03-07 23:06:44Z" duration="0.000175" asserts="0">
                <properties>
                  <property name="retryIteration" value="0" />
                  <property name="repeatIteration" value="0" />
                </properties>
              </test-case>
              <test-case id="1151" name="InitializeDeck_HandIsEmpty_AfterInit" fullname="AshenThrone.Tests.Combat.CardHandManagerTests.InitializeDeck_HandIsEmpty_AfterInit" methodname="InitializeDeck_HandIsEmpty_AfterInit" classname="AshenThrone.Tests.Combat.CardHandManagerTests" runstate="Runnable" seed="1014516141" result="Passed" start-time="2026-03-07 23:06:44Z" end-time="2026-03-07 23:06:44Z" duration="0.000169" asserts="0">
                <properties>
                  <property name="retryIteration" value="0" />
                  <property name="repeatIteration" value="0" />
                </properties>
              </test-case>
              <test-case id="1153" name="InitializeDeck_ResetsStateFromPreviousGame" fullname="AshenThrone.Tests.Combat.CardHandManagerTests.InitializeDeck_ResetsStateFromPreviousGame" methodname="InitializeDeck_ResetsStateFromPreviousGame" classname="AshenThrone.Tests.Combat.CardHandManagerTests" runstate="Runnable" seed="415012985" result="Passed" start-time="2026-03-07 23:06:44Z" end-time="2026-03-07 23:06:44Z" duration="0.000270" asserts="0">
                <properties>
                  <property name="retryIteration" value="0" />
                  <property name="repeatIteration" value="0" />
                </properties>
              </test-case>
              <test-case id="1150" name="InitializeDeck_SetsEnergyToMax" fullname="AshenThrone.Tests.Combat.CardHandManagerTests.InitializeDeck_SetsEnergyToMax" methodname="InitializeDeck_SetsEnergyToMax" classname="AshenThrone.Tests.Combat.CardHandManagerTests" runstate="Runnable" seed="1595059168" result="Passed" start-time="2026-03-07 23:06:44Z" end-time="2026-03-07 23:06:44Z" duration="0.000163" asserts="0">
                <properties>
                  <property name="retryIteration" value="0" />
                  <property name="repeatIteration" value="0" />
                </properties>
              </test-case>
              <test-case id="1147" name="InitializeDeck_ThrowsArgumentException_WhenLoadoutIsNull" fullname="AshenThrone.Tests.Combat.CardHandManagerTests.InitializeDeck_ThrowsArgumentException_WhenLoadoutIsNull" methodname="InitializeDeck_ThrowsArgumentException_WhenLoadoutIsNull" classname="AshenThrone.Tests.Combat.CardHandManagerTests" runstate="Runnable" seed="1000434431" result="Passed" start-time="2026-03-07 23:06:44Z" end-time="2026-03-07 23:06:44Z" duration="0.000094" asserts="0">
                <properties>
                  <property name="retryIteration" value="0" />
                  <property name="repeatIteration" value="0" />
                </properties>
              </test-case>
              <test-case id="1149" name="InitializeDeck_ThrowsArgumentException_WhenLoadoutTooLarge" fullname="AshenThrone.Tests.Combat.CardHandManagerTests.InitializeDeck_ThrowsArgumentException_WhenLoadoutTooLarge" methodname="InitializeDeck_ThrowsArgumentException_WhenLoadoutTooLarge" classname="AshenThrone.Tests.Combat.CardHandManagerTests" runstate="Runnable" seed="1729996610" result="Passed" start-time="2026-03-07 23:06:44Z" end-time="2026-03-07 23:06:44Z" duration="0.000204" asserts="0">
                <properties>
                  <property name="retryIteration" value="0" />
                  <property name="repeatIteration" value="0" />
                </properties>
              </test-case>
              <test-case id="1148" name="InitializeDeck_ThrowsArgumentException_WhenLoadoutTooSmall" fullname="AshenThrone.Tests.Combat.CardHandManagerTests.InitializeDeck_ThrowsArgumentException_WhenLoadoutTooSmall" methodname="InitializeDeck_ThrowsArgumentException_WhenLoadoutTooSmall" classname="AshenThrone.Tests.Combat.CardHandManagerTests" runstate="Runnable" seed="982893622" result="Passed" start-time="2026-03-07 23:06:44Z" end-time="2026-03-07 23:06:44Z" duration="0.000180" asserts="0">
                <properties>
                  <property name="retryIteration" value="0" />
                  <property name="repeatIteration" value="0" />
                </properties>
              </test-case>
              <test-case id="1163" name="TryPlayCard_DecrementsEnergy_ByCardCost" fullname="AshenThrone.Tests.Combat.CardHandManagerTests.TryPlayCard_DecrementsEnergy_ByCardCost" methodname="TryPlayCard_DecrementsEnergy_ByCardCost" classname="AshenThrone.Tests.Combat.CardHandManagerTests" runstate="Runnable" seed="1722528539" result="Passed" start-time="2026-03-07 23:06:44Z" end-time="2026-03-07 23:06:44Z" duration="0.000193" asserts="0">
                <properties>
                  <property name="retryIteration" value="0" />
                  <property name="repeatIteration" value="0" />
                </properties>
              </test-case>
              <test-case id="1164" name="TryPlayCard_FiresCardPlayedEvent" fullname="AshenThrone.Tests.Combat.CardHandManagerTests.TryPlayCard_FiresCardPlayedEvent" methodname="TryPlayCard_FiresCardPlayedEvent" classname="AshenThrone.Tests.Combat.CardHandManagerTests" runstate="Runnable" seed="1269435614" result="Passed" start-time="2026-03-07 23:06:44Z" end-time="2026-03-07 23:06:44Z" duration="0.000237" asserts="0">
                <properties>
                  <property name="retryIteration" value="0" />
                  <property name="repeatIteration" value="0" />
                </properties>
              </test-case>
              <test-case id="1160" name="TryPlayCard_ReturnsFalse_WhenCardNotInHand" fullname="AshenThrone.Tests.Combat.CardHandManagerTests.TryPlayCard_ReturnsFalse_WhenCardNotInHand" methodname="TryPlayCard_ReturnsFalse_WhenCardNotInHand" classname="AshenThrone.Tests.Combat.CardHandManagerTests" runstate="Runnable" seed="541585811" result="Passed" start-time="2026-03-07 23:06:44Z" end-time="2026-03-07 23:06:44Z" duration="0.000538" asserts="0">
                <properties>
                  <property name="retryIteration" value="0" />
                  <property name="repeatIteration" value="0" />
                </properties>
                <output><![CDATA[[CardHandManager] Card not_in_hand is not in hand.
[CardHandManager] Card not_in_hand is not in hand.
]]></output>
              </test-case>
              <test-case id="1161" name="TryPlayCard_ReturnsFalse_WhenInsufficientEnergy" fullname="AshenThrone.Tests.Combat.CardHandManagerTests.TryPlayCard_ReturnsFalse_WhenInsufficientEnergy" methodname="TryPlayCard_ReturnsFalse_WhenInsufficientEnergy" classname="AshenThrone.Tests.Combat.CardHandManagerTests" runstate="Runnable" seed="637531348" result="Passed" start-time="2026-03-07 23:06:44Z" end-time="2026-03-07 23:06:44Z" duration="0.000267" asserts="0">
                <properties>
                  <property name="retryIteration" value="0" />
                  <property name="repeatIteration" value="0" />
                </properties>
              </test-case>
              <test-case id="1162" name="TryPlayCard_ReturnsTrue_AndRemovesCardFromHand" fullname="AshenThrone.Tests.Combat.CardHandManagerTests.TryPlayCard_ReturnsTrue_AndRemovesCardFromHand" methodname="TryPlayCard_ReturnsTrue_AndRemovesCardFromHand" classname="AshenThrone.Tests.Combat.CardHandManagerTests" runstate="Runnable" seed="335862204" result="Passed" start-time="2026-03-07 23:06:44Z" end-time="2026-03-07 23:06:44Z" duration="0.000209" asserts="0">
                <properties>
                  <property name="retryIteration" value="0" />
                  <property name="repeatIteration" value="0" />
                </properties>
              </test-case>
              <test-case id="1166" name="TryPlayCard_SetsComboActivated_WhenRequiredTagMatches" fullname="AshenThrone.Tests.Combat.CardHandManagerTests.TryPlayCard_SetsComboActivated_WhenRequiredTagMatches" methodname="TryPlayCard_SetsComboActivated_WhenRequiredTagMatches" classname="AshenThrone.Tests.Combat.CardHandManagerTests" runstate="Runnable" seed="2145220378" result="Passed" start-time="2026-03-07 23:06:44Z" end-time="2026-03-07 23:06:44Z" duration="0.001015" asserts="0">
                <properties>
                  <property name="retryIteration" value="0" />
                  <property name="repeatIteration" value="0" />
                </properties>
              </test-case>
              <test-case id="1165" name="TryPlayCard_SetsOutputComboTag_WhenCardOutputsTag" fullname="AshenThrone.Tests.Combat.CardHandManagerTests.TryPlayCard_SetsOutputComboTag_WhenCardOutputsTag" methodname="TryPlayCard_SetsOutputComboTag_WhenCardOutputsTag" classname="AshenThrone.Tests.Combat.CardHandManagerTests" runstate="Runnable" seed="1841831385" result="Skipped" label="Ignored" start-time="2026-03-07 23:06:44Z" end-time="2026-03-07 23:06:44Z" duration="0.000754" asserts="0">
                <properties>
                  <property name="retryIteration" value="0" />
                  <property name="repeatIteration" value="0" />
                </properties>
                <reason>
                  <message><![CDATA[Ignite card was not drawn this turn (random shuffle).]]></message>
                </reason>
              </test-case>
            </test-suite>
            <test-suite type="TestFixture" id="1172" name="CombatHeroFactoryTests" fullname="AshenThrone.Tests.Combat.CombatHeroFactoryTests" classname="AshenThrone.Tests.Combat.CombatHeroFactoryTests" runstate="Runnable" testcasecount="17" result="Failed" site="Child" start-time="2026-03-07 23:06:44Z" end-time="2026-03-07 23:06:44Z" duration="0.006445" total="17" passed="15" failed="2" inconclusive="0" skipped="0" asserts="0">
              <properties />
              <failure>
                <message><![CDATA[One or more child tests had errors]]></message>
              </failure>
              <test-case id="1184" name="BuildEnemyLoadout_ReturnsExactlyDeckSizeCards" fullname="AshenThrone.Tests.Combat.CombatHeroFactoryTests.BuildEnemyLoadout_ReturnsExactlyDeckSizeCards" methodname="BuildEnemyLoadout_ReturnsExactlyDeckSizeCards" classname="AshenThrone.Tests.Combat.CombatHeroFactoryTests" runstate="Runnable" seed="960345829" result="Passed" start-time="2026-03-07 23:06:44Z" end-time="2026-03-07 23:06:44Z" duration="0.000596" asserts="0">
                <properties>
                  <property name="retryIteration" value="0" />
                  <property name="repeatIteration" value="0" />
                </properties>
              </test-case>
              <test-case id="1183" name="BuildPlayerLoadout_ReturnsExactlyDeckSizeCards_WhenLoadoutShorterThanDeckSize" fullname="AshenThrone.Tests.Combat.CombatHeroFactoryTests.BuildPlayerLoadout_ReturnsExactlyDeckSizeCards_WhenLoadoutShorterThanDeckSize" methodname="BuildPlayerLoadout_ReturnsExactlyDeckSizeCards_WhenLoadoutShorterThanDeckSize" classname="AshenThrone.Tests.Combat.CombatHeroFactoryTests" runstate="Runnable" seed="699357799" result="Passed" start-time="2026-03-07 23:06:44Z" end-time="2026-03-07 23:06:44Z" duration="0.000562" asserts="0">
                <properties>
                  <property name="retryIteration" value="0" />
                  <property name="repeatIteration" value="0" />
                </properties>
              </test-case>
              <test-case id="1182" name="BuildPlayerLoadout_ReturnsExactlyDeckSizeCards_WhenNoSavedLoadout" fullname="AshenThrone.Tests.Combat.CombatHeroFactoryTests.BuildPlayerLoadout_ReturnsExactlyDeckSizeCards_WhenNoSavedLoadout" methodname="BuildPlayerLoadout_ReturnsExactlyDeckSizeCards_WhenNoSavedLoadout" classname="AshenThrone.Tests.Combat.CombatHeroFactoryTests" runstate="Runnable" seed="1138666689" result="Passed" start-time="2026-03-07 23:06:44Z" end-time="2026-03-07 23:06:44Z" duration="0.000125" asserts="0">
                <properties>
                  <property name="retryIteration" value="0" />
                  <property name="repeatIteration" value="0" />
                </properties>
              </test-case>
              <test-case id="1185" name="BuildPlayerLoadout_ThrowsArgumentNullException_WhenHeroDataNull" fullname="AshenThrone.Tests.Combat.CombatHeroFactoryTests.BuildPlayerLoadout_ThrowsArgumentNullException_WhenHeroDataNull" methodname="BuildPlayerLoadout_ThrowsArgumentNullException_WhenHeroDataNull" classname="AshenThrone.Tests.Combat.CombatHeroFactoryTests" runstate="Runnable" seed="1419476913" result="Passed" start-time="2026-03-07 23:06:44Z" end-time="2026-03-07 23:06:44Z" duration="0.000162" asserts="0">
                <properties>
                  <property name="retryIteration" value="0" />
                  <property name="repeatIteration" value="0" />
                </properties>
              </test-case>
              <test-case id="1174" name="Constructor_CreatesFactory_WithValidArgs" fullname="AshenThrone.Tests.Combat.CombatHeroFactoryTests.Constructor_CreatesFactory_WithValidArgs" methodname="Constructor_CreatesFactory_WithValidArgs" classname="AshenThrone.Tests.Combat.CombatHeroFactoryTests" runstate="Runnable" seed="238607811" result="Passed" start-time="2026-03-07 23:06:44Z" end-time="2026-03-07 23:06:44Z" duration="0.000125" asserts="0">
                <properties>
                  <property name="retryIteration" value="0" />
                  <property name="repeatIteration" value="0" />
                </properties>
              </test-case>
              <test-case id="1173" name="Constructor_ThrowsArgumentNullException_WhenProgressionIsNull" fullname="AshenThrone.Tests.Combat.CombatHeroFactoryTests.Constructor_ThrowsArgumentNullException_WhenProgressionIsNull" methodname="Constructor_ThrowsArgumentNullException_WhenProgressionIsNull" classname="AshenThrone.Tests.Combat.CombatHeroFactoryTests" runstate="Runnable" seed="2059356678" result="Passed" start-time="2026-03-07 23:06:44Z" end-time="2026-03-07 23:06:44Z" duration="0.000203" asserts="0">
                <properties>
                  <property name="retryIteration" value="0" />
                  <property name="repeatIteration" value="0" />
                </properties>
              </test-case>
              <test-case id="1181" name="CreateEnemyHero_ClampsLevelToMaxHeroLevel" fullname="AshenThrone.Tests.Combat.CombatHeroFactoryTests.CreateEnemyHero_ClampsLevelToMaxHeroLevel" methodname="CreateEnemyHero_ClampsLevelToMaxHeroLevel" classname="AshenThrone.Tests.Combat.CombatHeroFactoryTests" runstate="Runnable" seed="1170714384" result="Passed" start-time="2026-03-07 23:06:44Z" end-time="2026-03-07 23:06:44Z" duration="0.000209" asserts="0">
                <properties>
                  <property name="retryIteration" value="0" />
                  <property name="repeatIteration" value="0" />
                </properties>
              </test-case>
              <test-case id="1179" name="CreateEnemyHero_ReturnsAiOwnedHero" fullname="AshenThrone.Tests.Combat.CombatHeroFactoryTests.CreateEnemyHero_ReturnsAiOwnedHero" methodname="CreateEnemyHero_ReturnsAiOwnedHero" classname="AshenThrone.Tests.Combat.CombatHeroFactoryTests" runstate="Runnable" seed="680909942" result="Passed" start-time="2026-03-07 23:06:44Z" end-time="2026-03-07 23:06:44Z" duration="0.000128" asserts="0">
                <properties>
                  <property name="retryIteration" value="0" />
                  <property name="repeatIteration" value="0" />
                </properties>
              </test-case>
              <test-case id="1180" name="CreateEnemyHero_ThrowsWhenLevelLessThanOne" fullname="AshenThrone.Tests.Combat.CombatHeroFactoryTests.CreateEnemyHero_ThrowsWhenLevelLessThanOne" methodname="CreateEnemyHero_ThrowsWhenLevelLessThanOne" classname="AshenThrone.Tests.Combat.CombatHeroFactoryTests" runstate="Runnable" seed="1084161850" result="Passed" start-time="2026-03-07 23:06:44Z" end-time="2026-03-07 23:06:44Z" duration="0.000196" asserts="0">
                <properties>
                  <property name="retryIteration" value="0" />
                  <property name="repeatIteration" value="0" />
                </properties>
              </test-case>
              <test-case id="1175" name="CreatePlayerHero_ReturnsPlayerOwnedHero" fullname="AshenThrone.Tests.Combat.CombatHeroFactoryTests.CreatePlayerHero_ReturnsPlayerOwnedHero" methodname="CreatePlayerHero_ReturnsPlayerOwnedHero" classname="AshenThrone.Tests.Combat.CombatHeroFactoryTests" runstate="Runnable" seed="2066101655" result="Passed" start-time="2026-03-07 23:06:44Z" end-time="2026-03-07 23:06:44Z" duration="0.000151" asserts="0">
                <properties>
                  <property name="retryIteration" value="0" />
                  <property name="repeatIteration" value="0" />
                </properties>
              </test-case>
              <test-case id="1176" name="CreatePlayerHero_ScalesStatsToProvidedLevel" fullname="AshenThrone.Tests.Combat.CombatHeroFactoryTests.CreatePlayerHero_ScalesStatsToProvidedLevel" methodname="CreatePlayerHero_ScalesStatsToProvidedLevel" classname="AshenThrone.Tests.Combat.CombatHeroFactoryTests" runstate="Runnable" seed="162571400" result="Passed" start-time="2026-03-07 23:06:44Z" end-time="2026-03-07 23:06:44Z" duration="0.000135" asserts="0">
                <properties>
                  <property name="retryIteration" value="0" />
                  <property name="repeatIteration" value="0" />
                </properties>
              </test-case>
              <test-case id="1177" name="CreatePlayerHero_ThrowsArgumentNullException_WhenHeroDataNull" fullname="AshenThrone.Tests.Combat.CombatHeroFactoryTests.CreatePlayerHero_ThrowsArgumentNullException_WhenHeroDataNull" methodname="CreatePlayerHero_ThrowsArgumentNullException_WhenHeroDataNull" classname="AshenThrone.Tests.Combat.CombatHeroFactoryTests" runstate="Runnable" seed="1071983045" result="Passed" start-time="2026-03-07 23:06:44Z" end-time="2026-03-07 23:06:44Z" duration="0.000147" asserts="0">
                <properties>
                  <property name="retryIteration" value="0" />
                  <property name="repeatIteration" value="0" />
                </properties>
              </test-case>
              <test-case id="1178" name="CreatePlayerHero_ThrowsArgumentNullException_WhenOwnedDataNull" fullname="AshenThrone.Tests.Combat.CombatHeroFactoryTests.CreatePlayerHero_ThrowsArgumentNullException_WhenOwnedDataNull" methodname="CreatePlayerHero_ThrowsArgumentNullException_WhenOwnedDataNull" classname="AshenThrone.Tests.Combat.CombatHeroFactoryTests" runstate="Runnable" seed="1277663132" result="Passed" start-time="2026-03-07 23:06:44Z" end-time="2026-03-07 23:06:44Z" duration="0.000129" asserts="0">
                <properties>
                  <property name="retryIteration" value="0" />
                  <property name="repeatIteration" value="0" />
                </properties>
              </test-case>
              <test-case id="1189" name="PlaceHeroesOnGrid_PlacesEnemiesInEnemyZone" fullname="AshenThrone.Tests.Combat.CombatHeroFactoryTests.PlaceHeroesOnGrid_PlacesEnemiesInEnemyZone" methodname="PlaceHeroesOnGrid_PlacesEnemiesInEnemyZone" classname="AshenThrone.Tests.Combat.CombatHeroFactoryTests" runstate="Runnable" seed="754830934" result="Failed" label="Error" start-time="2026-03-07 23:06:44Z" end-time="2026-03-07 23:06:44Z" duration="0.000839" asserts="0">
                <properties>
                  <property name="retryIteration" value="0" />
                  <property name="repeatIteration" value="0" />
                </properties>
                <failure>
                  <message><![CDATA[System.NullReferenceException : Object reference not set to an instance of an object]]></message>
                  <stack-trace><![CDATA[  at AshenThrone.Combat.CombatGrid.PlaceUnit (System.Int32 heroInstanceId, AshenThrone.Combat.GridPosition pos) [0x0000b] in /Users/tomterhune/ashen-throne/game/Assets/Scripts/Combat/CombatGrid.cs:71 
  at AshenThrone.Combat.CombatHeroFactory.PlaceHeroesOnGrid (System.Collections.Generic.List`1[T] playerHeroes, System.Collections.Generic.List`1[T] enemyHeroes, AshenThrone.Combat.CombatGrid grid) [0x000f1] in /Users/tomterhune/ashen-throne/game/Assets/Scripts/Combat/CombatHeroFactory.cs:138 
  at AshenThrone.Tests.Combat.CombatHeroFactoryTests.PlaceHeroesOnGrid_PlacesEnemiesInEnemyZone () [0x0002b] in /Users/tomterhune/ashen-throne/game/Assets/Scripts/Tests/Combat/CombatHeroFactoryTests.cs:232 
  at (wrapper managed-to-native) System.Reflection.RuntimeMethodInfo.InternalInvoke(System.Reflection.RuntimeMethodInfo,object,object[],System.Exception&)
  at System.Reflection.RuntimeMethodInfo.Invoke (System.Object obj, System.Reflection.BindingFlags invokeAttr, System.Reflection.Binder binder, System.Object[] parameters, System.Globalization.CultureInfo culture) [0x0006a] in <c5eeda5e65d44b388e164c6c5cfe0702>:0 ]]></stack-trace>
                </failure>
              </test-case>
              <test-case id="1188" name="PlaceHeroesOnGrid_PlacesHeroesInPlayerZone" fullname="AshenThrone.Tests.Combat.CombatHeroFactoryTests.PlaceHeroesOnGrid_PlacesHeroesInPlayerZone" methodname="PlaceHeroesOnGrid_PlacesHeroesInPlayerZone" classname="AshenThrone.Tests.Combat.CombatHeroFactoryTests" runstate="Runnable" seed="925873309" result="Failed" label="Error" start-time="2026-03-07 23:06:44Z" end-time="2026-03-07 23:06:44Z" duration="0.000325" asserts="0">
                <properties>
                  <property name="retryIteration" value="0" />
                  <property name="repeatIteration" value="0" />
                </properties>
                <failure>
                  <message><![CDATA[System.NullReferenceException : Object reference not set to an instance of an object]]></message>
                  <stack-trace><![CDATA[  at AshenThrone.Combat.CombatGrid.PlaceUnit (System.Int32 heroInstanceId, AshenThrone.Combat.GridPosition pos) [0x0000b] in /Users/tomterhune/ashen-throne/game/Assets/Scripts/Combat/CombatGrid.cs:71 
  at AshenThrone.Combat.CombatHeroFactory.PlaceHeroesOnGrid (System.Collections.Generic.List`1[T] playerHeroes, System.Collections.Generic.List`1[T] enemyHeroes, AshenThrone.Combat.CombatGrid grid) [0x0007d] in /Users/tomterhune/ashen-throne/game/Assets/Scripts/Combat/CombatHeroFactory.cs:129 
  at AshenThrone.Tests.Combat.CombatHeroFactoryTests.PlaceHeroesOnGrid_PlacesHeroesInPlayerZone () [0x00030] in /Users/tomterhune/ashen-throne/game/Assets/Scripts/Tests/Combat/CombatHeroFactoryTests.cs:214 
  at (wrapper managed-to-native) System.Reflection.RuntimeMethodInfo.InternalInvoke(System.Reflection.RuntimeMethodInfo,object,object[],System.Exception&)
  at System.Reflection.RuntimeMethodInfo.Invoke (System.Object obj, System.Reflection.BindingFlags invokeAttr, System.Reflection.Binder binder, System.Object[] parameters, System.Globalization.CultureInfo culture) [0x0006a] in <c5eeda5e65d44b388e164c6c5cfe0702>:0 ]]></stack-trace>
                </failure>
              </test-case>
              <test-case id="1187" name="PlaceHeroesOnGrid_ThrowsArgumentException_WhenPlayerSquadExceedsThree" fullname="AshenThrone.Tests.Combat.CombatHeroFactoryTests.PlaceHeroesOnGrid_ThrowsArgumentException_WhenPlayerSquadExceedsThree" methodname="PlaceHeroesOnGrid_ThrowsArgumentException_WhenPlayerSquadExceedsThree" classname="AshenThrone.Tests.Combat.CombatHeroFactoryTests" runstate="Runnable" seed="1055107166" result="Passed" start-time="2026-03-07 23:06:44Z" end-time="2026-03-07 23:06:44Z" duration="0.000439" asserts="0">
                <properties>
                  <property name="retryIteration" value="0" />
                  <property name="repeatIteration" value="0" />
                </properties>
              </test-case>
              <test-case id="1186" name="PlaceHeroesOnGrid_ThrowsArgumentNullException_WhenGridNull" fullname="AshenThrone.Tests.Combat.CombatHeroFactoryTests.PlaceHeroesOnGrid_ThrowsArgumentNullException_WhenGridNull" methodname="PlaceHeroesOnGrid_ThrowsArgumentNullException_WhenGridNull" classname="AshenThrone.Tests.Combat.CombatHeroFactoryTests" runstate="Runnable" seed="876626466" result="Passed" start-time="2026-03-07 23:06:44Z" end-time="2026-03-07 23:06:44Z" duration="0.000186" asserts="0">
                <properties>
                  <property name="retryIteration" value="0" />
                  <property name="repeatIteration" value="0" />
                </properties>
              </test-case>
            </test-suite>
            <test-suite type="TestFixture" id="1190" name="TurnManagerTests" fullname="AshenThrone.Tests.Combat.TurnManagerTests" classname="AshenThrone.Tests.Combat.TurnManagerTests" runstate="Runnable" testcasecount="8" result="Failed" site="Child" start-time="2026-03-07 23:06:44Z" end-time="2026-03-07 23:06:44Z" duration="0.003658" total="8" passed="2" failed="6" inconclusive="0" skipped="0" asserts="0">
              <properties />
              <failure>
                <message><![CDATA[One or more child tests had errors]]></message>
              </failure>
              <test-case id="1196" name="BattleEnded_Fires_WhenAllEnemiesDie" fullname="AshenThrone.Tests.Combat.TurnManagerTests.BattleEnded_Fires_WhenAllEnemiesDie" methodname="BattleEnded_Fires_WhenAllEnemiesDie" classname="AshenThrone.Tests.Combat.TurnManagerTests" runstate="Runnable" seed="882157200" result="Failed" label="Error" start-time="2026-03-07 23:06:44Z" end-time="2026-03-07 23:06:44Z" duration="0.000741" asserts="0">
                <properties>
                  <property name="retryIteration" value="0" />
                  <property name="repeatIteration" value="0" />
                </properties>
                <failure>
                  <message><![CDATA[System.NullReferenceException : Object reference not set to an instance of an object]]></message>
                  <stack-trace><![CDATA[  at AshenThrone.Combat.CombatGrid.PlaceUnit (System.Int32 heroInstanceId, AshenThrone.Combat.GridPosition pos) [0x0000b] in /Users/tomterhune/ashen-throne/game/Assets/Scripts/Combat/CombatGrid.cs:71 
  at AshenThrone.Tests.Combat.TurnManagerTests.PlaceHeroes (System.Collections.Generic.List`1[T] playerHeroes, System.Collections.Generic.List`1[T] enemies) [0x00004] in /Users/tomterhune/ashen-throne/game/Assets/Scripts/Tests/Combat/TurnManagerTests.cs:111 
  at AshenThrone.Tests.Combat.TurnManagerTests.BattleEnded_Fires_WhenAllEnemiesDie () [0x00020] in /Users/tomterhune/ashen-throne/game/Assets/Scripts/Tests/Combat/TurnManagerTests.cs:189 
  at (wrapper managed-to-native) System.Reflection.RuntimeMethodInfo.InternalInvoke(System.Reflection.RuntimeMethodInfo,object,object[],System.Exception&)
  at System.Reflection.RuntimeMethodInfo.Invoke (System.Object obj, System.Reflection.BindingFlags invokeAttr, System.Reflection.Binder binder, System.Object[] parameters, System.Globalization.CultureInfo culture) [0x0006a] in <c5eeda5e65d44b388e164c6c5cfe0702>:0 ]]></stack-trace>
                </failure>
              </test-case>
              <test-case id="1197" name="EndActionPhase_TransitionsToResolveOrBattleOver_NotThrow" fullname="AshenThrone.Tests.Combat.TurnManagerTests.EndActionPhase_TransitionsToResolveOrBattleOver_NotThrow" methodname="EndActionPhase_TransitionsToResolveOrBattleOver_NotThrow" classname="AshenThrone.Tests.Combat.TurnManagerTests" runstate="Runnable" seed="1233998899" result="Failed" label="Error" start-time="2026-03-07 23:06:44Z" end-time="2026-03-07 23:06:44Z" duration="0.000285" asserts="0">
                <properties>
                  <property name="retryIteration" value="0" />
                  <property name="repeatIteration" value="0" />
                </properties>
                <failure>
                  <message><![CDATA[System.NullReferenceException : Object reference not set to an instance of an object]]></message>
                  <stack-trace><![CDATA[  at AshenThrone.Combat.CombatGrid.PlaceUnit (System.Int32 heroInstanceId, AshenThrone.Combat.GridPosition pos) [0x0000b] in /Users/tomterhune/ashen-throne/game/Assets/Scripts/Combat/CombatGrid.cs:71 
  at AshenThrone.Tests.Combat.TurnManagerTests.PlaceHeroes (System.Collections.Generic.List`1[T] playerHeroes, System.Collections.Generic.List`1[T] enemies) [0x00004] in /Users/tomterhune/ashen-throne/game/Assets/Scripts/Tests/Combat/TurnManagerTests.cs:111 
  at AshenThrone.Tests.Combat.TurnManagerTests.EndActionPhase_TransitionsToResolveOrBattleOver_NotThrow () [0x0001e] in /Users/tomterhune/ashen-throne/game/Assets/Scripts/Tests/Combat/TurnManagerTests.cs:217 
  at (wrapper managed-to-native) System.Reflection.RuntimeMethodInfo.InternalInvoke(System.Reflection.RuntimeMethodInfo,object,object[],System.Exception&)
  at System.Reflection.RuntimeMethodInfo.Invoke (System.Object obj, System.Reflection.BindingFlags invokeAttr, System.Reflection.Binder binder, System.Object[] parameters, System.Globalization.CultureInfo culture) [0x0006a] in <c5eeda5e65d44b388e164c6c5cfe0702>:0 ]]></stack-trace>
                </failure>
              </test-case>
              <test-case id="1195" name="MarkHeroDead_DoesNotThrow_WhenHeroIdNotInTurnOrder" fullname="AshenThrone.Tests.Combat.TurnManagerTests.MarkHeroDead_DoesNotThrow_WhenHeroIdNotInTurnOrder" methodname="MarkHeroDead_DoesNotThrow_WhenHeroIdNotInTurnOrder" classname="AshenThrone.Tests.Combat.TurnManagerTests" runstate="Runnable" seed="852582510" result="Failed" label="Error" start-time="2026-03-07 23:06:44Z" end-time="2026-03-07 23:06:44Z" duration="0.000256" asserts="0">
                <properties>
                  <property name="retryIteration" value="0" />
                  <property name="repeatIteration" value="0" />
                </properties>
                <failure>
                  <message><![CDATA[System.NullReferenceException : Object reference not set to an instance of an object]]></message>
                  <stack-trace><![CDATA[  at AshenThrone.Combat.CombatGrid.PlaceUnit (System.Int32 heroInstanceId, AshenThrone.Combat.GridPosition pos) [0x0000b] in /Users/tomterhune/ashen-throne/game/Assets/Scripts/Combat/CombatGrid.cs:71 
  at AshenThrone.Tests.Combat.TurnManagerTests.PlaceHeroes (System.Collections.Generic.List`1[T] playerHeroes, System.Collections.Generic.List`1[T] enemies) [0x00004] in /Users/tomterhune/ashen-throne/game/Assets/Scripts/Tests/Combat/TurnManagerTests.cs:111 
  at AshenThrone.Tests.Combat.TurnManagerTests.MarkHeroDead_DoesNotThrow_WhenHeroIdNotInTurnOrder () [0x0001e] in /Users/tomterhune/ashen-throne/game/Assets/Scripts/Tests/Combat/TurnManagerTests.cs:174 
  at (wrapper managed-to-native) System.Reflection.RuntimeMethodInfo.InternalInvoke(System.Reflection.RuntimeMethodInfo,object,object[],System.Exception&)
  at System.Reflection.RuntimeMethodInfo.Invoke (System.Object obj, System.Reflection.BindingFlags invokeAttr, System.Reflection.Binder binder, System.Object[] parameters, System.Globalization.CultureInfo culture) [0x0006a] in <c5eeda5e65d44b388e164c6c5cfe0702>:0 ]]></stack-trace>
                </failure>
              </test-case>
              <test-case id="1194" name="StartBattle_HighestSpeedHeroActsFirst" fullname="AshenThrone.Tests.Combat.TurnManagerTests.StartBattle_HighestSpeedHeroActsFirst" methodname="StartBattle_HighestSpeedHeroActsFirst" classname="AshenThrone.Tests.Combat.TurnManagerTests" runstate="Runnable" seed="349829815" result="Failed" label="Error" start-time="2026-03-07 23:06:44Z" end-time="2026-03-07 23:06:44Z" duration="0.000262" asserts="0">
                <properties>
                  <property name="retryIteration" value="0" />
                  <property name="repeatIteration" value="0" />
                </properties>
                <failure>
                  <message><![CDATA[System.NullReferenceException : Object reference not set to an instance of an object]]></message>
                  <stack-trace><![CDATA[  at AshenThrone.Combat.CombatGrid.PlaceUnit (System.Int32 heroInstanceId, AshenThrone.Combat.GridPosition pos) [0x0000b] in /Users/tomterhune/ashen-throne/game/Assets/Scripts/Combat/CombatGrid.cs:71 
  at AshenThrone.Tests.Combat.TurnManagerTests.PlaceHeroes (System.Collections.Generic.List`1[T] playerHeroes, System.Collections.Generic.List`1[T] enemies) [0x00004] in /Users/tomterhune/ashen-throne/game/Assets/Scripts/Tests/Combat/TurnManagerTests.cs:111 
  at AshenThrone.Tests.Combat.TurnManagerTests.StartBattle_HighestSpeedHeroActsFirst () [0x0001d] in /Users/tomterhune/ashen-throne/game/Assets/Scripts/Tests/Combat/TurnManagerTests.cs:157 
  at (wrapper managed-to-native) System.Reflection.RuntimeMethodInfo.InternalInvoke(System.Reflection.RuntimeMethodInfo,object,object[],System.Exception&)
  at System.Reflection.RuntimeMethodInfo.Invoke (System.Object obj, System.Reflection.BindingFlags invokeAttr, System.Reflection.Binder binder, System.Object[] parameters, System.Globalization.CultureInfo culture) [0x0006a] in <c5eeda5e65d44b388e164c6c5cfe0702>:0 ]]></stack-trace>
                </failure>
              </test-case>
              <test-case id="1198" name="StartBattle_PublishesCombatPhaseChangedEvent" fullname="AshenThrone.Tests.Combat.TurnManagerTests.StartBattle_PublishesCombatPhaseChangedEvent" methodname="StartBattle_PublishesCombatPhaseChangedEvent" classname="AshenThrone.Tests.Combat.TurnManagerTests" runstate="Runnable" seed="2066279774" result="Failed" label="Error" start-time="2026-03-07 23:06:44Z" end-time="2026-03-07 23:06:44Z" duration="0.000325" asserts="0">
                <properties>
                  <property name="retryIteration" value="0" />
                  <property name="repeatIteration" value="0" />
                </properties>
                <failure>
                  <message><![CDATA[System.NullReferenceException : Object reference not set to an instance of an object]]></message>
                  <stack-trace><![CDATA[  at AshenThrone.Combat.CombatGrid.PlaceUnit (System.Int32 heroInstanceId, AshenThrone.Combat.GridPosition pos) [0x0000b] in /Users/tomterhune/ashen-throne/game/Assets/Scripts/Combat/CombatGrid.cs:71 
  at AshenThrone.Tests.Combat.TurnManagerTests.PlaceHeroes (System.Collections.Generic.List`1[T] playerHeroes, System.Collections.Generic.List`1[T] enemies) [0x00004] in /Users/tomterhune/ashen-throne/game/Assets/Scripts/Tests/Combat/TurnManagerTests.cs:111 
  at AshenThrone.Tests.Combat.TurnManagerTests.StartBattle_PublishesCombatPhaseChangedEvent () [0x00024] in /Users/tomterhune/ashen-throne/game/Assets/Scripts/Tests/Combat/TurnManagerTests.cs:232 
  at (wrapper managed-to-native) System.Reflection.RuntimeMethodInfo.InternalInvoke(System.Reflection.RuntimeMethodInfo,object,object[],System.Exception&)
  at System.Reflection.RuntimeMethodInfo.Invoke (System.Object obj, System.Reflection.BindingFlags invokeAttr, System.Reflection.Binder binder, System.Object[] parameters, System.Globalization.CultureInfo culture) [0x0006a] in <c5eeda5e65d44b388e164c6c5cfe0702>:0 ]]></stack-trace>
                </failure>
              </test-case>
              <test-case id="1193" name="StartBattle_SetsCurrentPhaseToDrawAfterStarting" fullname="AshenThrone.Tests.Combat.TurnManagerTests.StartBattle_SetsCurrentPhaseToDrawAfterStarting" methodname="StartBattle_SetsCurrentPhaseToDrawAfterStarting" classname="AshenThrone.Tests.Combat.TurnManagerTests" runstate="Runnable" seed="236392818" result="Failed" label="Error" start-time="2026-03-07 23:06:44Z" end-time="2026-03-07 23:06:44Z" duration="0.000247" asserts="0">
                <properties>
                  <property name="retryIteration" value="0" />
                  <property name="repeatIteration" value="0" />
                </properties>
                <failure>
                  <message><![CDATA[System.NullReferenceException : Object reference not set to an instance of an object]]></message>
                  <stack-trace><![CDATA[  at AshenThrone.Combat.CombatGrid.PlaceUnit (System.Int32 heroInstanceId, AshenThrone.Combat.GridPosition pos) [0x0000b] in /Users/tomterhune/ashen-throne/game/Assets/Scripts/Combat/CombatGrid.cs:71 
  at AshenThrone.Tests.Combat.TurnManagerTests.PlaceHeroes (System.Collections.Generic.List`1[T] playerHeroes, System.Collections.Generic.List`1[T] enemies) [0x00004] in /Users/tomterhune/ashen-throne/game/Assets/Scripts/Tests/Combat/TurnManagerTests.cs:111 
  at AshenThrone.Tests.Combat.TurnManagerTests.StartBattle_SetsCurrentPhaseToDrawAfterStarting () [0x0001e] in /Users/tomterhune/ashen-throne/game/Assets/Scripts/Tests/Combat/TurnManagerTests.cs:137 
  at (wrapper managed-to-native) System.Reflection.RuntimeMethodInfo.InternalInvoke(System.Reflection.RuntimeMethodInfo,object,object[],System.Exception&)
  at System.Reflection.RuntimeMethodInfo.Invoke (System.Object obj, System.Reflection.BindingFlags invokeAttr, System.Reflection.Binder binder, System.Object[] parameters, System.Globalization.CultureInfo culture) [0x0006a] in <c5eeda5e65d44b388e164c6c5cfe0702>:0 ]]></stack-trace>
                </failure>
              </test-case>
              <test-case id="1191" name="StartBattle_ThrowsArgumentException_WhenHeroListEmpty" fullname="AshenThrone.Tests.Combat.TurnManagerTests.StartBattle_ThrowsArgumentException_WhenHeroListEmpty" methodname="StartBattle_ThrowsArgumentException_WhenHeroListEmpty" classname="AshenThrone.Tests.Combat.TurnManagerTests" runstate="Runnable" seed="752319144" result="Passed" start-time="2026-03-07 23:06:44Z" end-time="2026-03-07 23:06:44Z" duration="0.000278" asserts="0">
                <properties>
                  <property name="retryIteration" value="0" />
                  <property name="repeatIteration" value="0" />
                </properties>
              </test-case>
              <test-case id="1192" name="StartBattle_ThrowsArgumentException_WhenHeroListNull" fullname="AshenThrone.Tests.Combat.TurnManagerTests.StartBattle_ThrowsArgumentException_WhenHeroListNull" methodname="StartBattle_ThrowsArgumentException_WhenHeroListNull" classname="AshenThrone.Tests.Combat.TurnManagerTests" runstate="Runnable" seed="615786859" result="Passed" start-time="2026-03-07 23:06:44Z" end-time="2026-03-07 23:06:44Z" duration="0.000130" asserts="0">
                <properties>
                  <property name="retryIteration" value="0" />
                  <property name="repeatIteration" value="0" />
                </properties>
              </test-case>
            </test-suite>
          </test-suite>
          <test-suite type="TestSuite" id="1301" name="Economy" fullname="AshenThrone.Tests.Economy" runstate="Runnable" testcasecount="75" result="Failed" site="Child" start-time="2026-03-07 23:06:44Z" end-time="2026-03-07 23:06:44Z" duration="0.032975" total="75" passed="73" failed="2" inconclusive="0" skipped="0" asserts="0">
            <properties />
            <failure>
              <message><![CDATA[One or more child tests had errors]]></message>
            </failure>
            <test-suite type="TestFixture" id="1056" name="BattlePassManagerTests" fullname="AshenThrone.Tests.Economy.BattlePassManagerTests" classname="AshenThrone.Tests.Economy.BattlePassManagerTests" runstate="Runnable" testcasecount="16" result="Failed" site="Child" start-time="2026-03-07 23:06:44Z" end-time="2026-03-07 23:06:44Z" duration="0.010233" total="16" passed="15" failed="1" inconclusive="0" skipped="0" asserts="0">
              <properties />
              <failure>
                <message><![CDATA[One or more child tests had errors]]></message>
              </failure>
              <test-case id="1066" name="ActivatePremiumTrack_IsIdempotent" fullname="AshenThrone.Tests.Economy.BattlePassManagerTests.ActivatePremiumTrack_IsIdempotent" methodname="ActivatePremiumTrack_IsIdempotent" classname="AshenThrone.Tests.Economy.BattlePassManagerTests" runstate="Runnable" seed="68062568" result="Passed" start-time="2026-03-07 23:06:44Z" end-time="2026-03-07 23:06:44Z" duration="0.001399" asserts="0">
                <properties>
                  <property name="retryIteration" value="0" />
                  <property name="repeatIteration" value="0" />
                </properties>
              </test-case>
              <test-case id="1065" name="ActivatePremiumTrack_SetsPremiumActiveTrue" fullname="AshenThrone.Tests.Economy.BattlePassManagerTests.ActivatePremiumTrack_SetsPremiumActiveTrue" methodname="ActivatePremiumTrack_SetsPremiumActiveTrue" classname="AshenThrone.Tests.Economy.BattlePassManagerTests" runstate="Runnable" seed="1570061805" result="Passed" start-time="2026-03-07 23:06:44Z" end-time="2026-03-07 23:06:44Z" duration="0.000386" asserts="0">
                <properties>
                  <property name="retryIteration" value="0" />
                  <property name="repeatIteration" value="0" />
                </properties>
              </test-case>
              <test-case id="1062" name="AddPoints_AdvancesTier_WhenThresholdMet" fullname="AshenThrone.Tests.Economy.BattlePassManagerTests.AddPoints_AdvancesTier_WhenThresholdMet" methodname="AddPoints_AdvancesTier_WhenThresholdMet" classname="AshenThrone.Tests.Economy.BattlePassManagerTests" runstate="Runnable" seed="917502693" result="Passed" start-time="2026-03-07 23:06:44Z" end-time="2026-03-07 23:06:44Z" duration="0.000508" asserts="0">
                <properties>
                  <property name="retryIteration" value="0" />
                  <property name="repeatIteration" value="0" />
                </properties>
              </test-case>
              <test-case id="1064" name="AddPoints_DoesNotAdvanceBeyondTotalTiers" fullname="AshenThrone.Tests.Economy.BattlePassManagerTests.AddPoints_DoesNotAdvanceBeyondTotalTiers" methodname="AddPoints_DoesNotAdvanceBeyondTotalTiers" classname="AshenThrone.Tests.Economy.BattlePassManagerTests" runstate="Runnable" seed="58204033" result="Passed" start-time="2026-03-07 23:06:44Z" end-time="2026-03-07 23:06:44Z" duration="0.000255" asserts="0">
                <properties>
                  <property name="retryIteration" value="0" />
                  <property name="repeatIteration" value="0" />
                </properties>
              </test-case>
              <test-case id="1063" name="AddPoints_FiresOnTierAdvancedEvent" fullname="AshenThrone.Tests.Economy.BattlePassManagerTests.AddPoints_FiresOnTierAdvancedEvent" methodname="AddPoints_FiresOnTierAdvancedEvent" classname="AshenThrone.Tests.Economy.BattlePassManagerTests" runstate="Runnable" seed="1848399792" result="Passed" start-time="2026-03-07 23:06:44Z" end-time="2026-03-07 23:06:44Z" duration="0.000299" asserts="0">
                <properties>
                  <property name="retryIteration" value="0" />
                  <property name="repeatIteration" value="0" />
                </properties>
              </test-case>
              <test-case id="1061" name="AddPoints_IgnoresZeroOrNegative" fullname="AshenThrone.Tests.Economy.BattlePassManagerTests.AddPoints_IgnoresZeroOrNegative" methodname="AddPoints_IgnoresZeroOrNegative" classname="AshenThrone.Tests.Economy.BattlePassManagerTests" runstate="Runnable" seed="1107338691" result="Passed" start-time="2026-03-07 23:06:44Z" end-time="2026-03-07 23:06:44Z" duration="0.000242" asserts="0">
                <properties>
                  <property name="retryIteration" value="0" />
                  <property name="repeatIteration" value="0" />
                </properties>
              </test-case>
              <test-case id="1060" name="AddPoints_IncreasesCurrentPoints" fullname="AshenThrone.Tests.Economy.BattlePassManagerTests.AddPoints_IncreasesCurrentPoints" methodname="AddPoints_IncreasesCurrentPoints" classname="AshenThrone.Tests.Economy.BattlePassManagerTests" runstate="Runnable" seed="136564772" result="Passed" start-time="2026-03-07 23:06:44Z" end-time="2026-03-07 23:06:44Z" duration="0.000241" asserts="0">
                <properties>
                  <property name="retryIteration" value="0" />
                  <property name="repeatIteration" value="0" />
                </properties>
              </test-case>
              <test-case id="1072" name="ClaimReward_RejectsReward_IfMarkedAsCombatPower" fullname="AshenThrone.Tests.Economy.BattlePassManagerTests.ClaimReward_RejectsReward_IfMarkedAsCombatPower" methodname="ClaimReward_RejectsReward_IfMarkedAsCombatPower" classname="AshenThrone.Tests.Economy.BattlePassManagerTests" runstate="Runnable" seed="701028291" result="Failed" start-time="2026-03-07 23:06:44Z" end-time="2026-03-07 23:06:44Z" duration="0.001421" asserts="0">
                <properties>
                  <property name="retryIteration" value="0" />
                  <property name="repeatIteration" value="0" />
                </properties>
                <failure>
                  <message><![CDATA[Unhandled log message: '[Error] [BattlePassManager] DESIGN VIOLATION: Tier 2 premium reward grants combat power. This is not allowed.'. Use UnityEngine.TestTools.LogAssert.Expect]]></message>
                  <stack-trace><![CDATA[AshenThrone.Economy.BattlePassManager:ClaimReward (int,bool) (at Assets/Scripts/Economy/BattlePassManager.cs:115)
AshenThrone.Tests.Economy.BattlePassManagerTests:ClaimReward_RejectsReward_IfMarkedAsCombatPower () (at Assets/Scripts/Tests/Economy/BattlePassManagerTests.cs:170)
System.Reflection.MethodBase:Invoke (object,object[])
NUnit.Framework.Internal.Reflect:InvokeMethod (System.Reflection.MethodInfo,object,object[])
NUnit.Framework.Internal.MethodWrapper:Invoke (object,object[])
NUnit.Framework.Internal.Commands.TestMethodCommand:RunNonAsyncTestMethod (NUnit.Framework.Internal.ITestExecutionContext)
NUnit.Framework.Internal.Commands.TestMethodCommand:RunTestMethod (NUnit.Framework.Internal.ITestExecutionContext)
NUnit.Framework.Internal.Commands.TestMethodCommand:Execute (NUnit.Framework.Internal.ITestExecutionContext)
UnityEditor.EditorApplication:Internal_CallUpdateFunctions () (at /Users/bokken/build/output/unity/unity/Editor/Mono/EditorApplication.cs:392)

]]></stack-trace>
                </failure>
                <output><![CDATA[[BattlePassManager] DESIGN VIOLATION: Tier 2 premium reward grants combat power. This is not allowed.
[BattlePassManager] DESIGN VIOLATION: Tier 2 premium reward grants combat power. This is not allowed.
]]></output>
              </test-case>
              <test-case id="1068" name="ClaimReward_ReturnsFreeReward_WhenTierReached" fullname="AshenThrone.Tests.Economy.BattlePassManagerTests.ClaimReward_ReturnsFreeReward_WhenTierReached" methodname="ClaimReward_ReturnsFreeReward_WhenTierReached" classname="AshenThrone.Tests.Economy.BattlePassManagerTests" runstate="Runnable" seed="1301129793" result="Passed" start-time="2026-03-07 23:06:44Z" end-time="2026-03-07 23:06:44Z" duration="0.000894" asserts="0">
                <properties>
                  <property name="retryIteration" value="0" />
                  <property name="repeatIteration" value="0" />
                </properties>
              </test-case>
              <test-case id="1069" name="ClaimReward_ReturnsNull_WhenAlreadyClaimed" fullname="AshenThrone.Tests.Economy.BattlePassManagerTests.ClaimReward_ReturnsNull_WhenAlreadyClaimed" methodname="ClaimReward_ReturnsNull_WhenAlreadyClaimed" classname="AshenThrone.Tests.Economy.BattlePassManagerTests" runstate="Runnable" seed="1353185296" result="Passed" start-time="2026-03-07 23:06:44Z" end-time="2026-03-07 23:06:44Z" duration="0.000492" asserts="0">
                <properties>
                  <property name="retryIteration" value="0" />
                  <property name="repeatIteration" value="0" />
                </properties>
              </test-case>
              <test-case id="1070" name="ClaimReward_ReturnsNull_WhenPremiumNotActive_ForPremiumReward" fullname="AshenThrone.Tests.Economy.BattlePassManagerTests.ClaimReward_ReturnsNull_WhenPremiumNotActive_ForPremiumReward" methodname="ClaimReward_ReturnsNull_WhenPremiumNotActive_ForPremiumReward" classname="AshenThrone.Tests.Economy.BattlePassManagerTests" runstate="Runnable" seed="1016231507" result="Passed" start-time="2026-03-07 23:06:44Z" end-time="2026-03-07 23:06:44Z" duration="0.000700" asserts="0">
                <properties>
                  <property name="retryIteration" value="0" />
                  <property name="repeatIteration" value="0" />
                </properties>
                <output><![CDATA[[BattlePassManager] Cannot claim premium reward: premium not active
[BattlePassManager] Cannot claim premium reward: premium not active
]]></output>
              </test-case>
              <test-case id="1067" name="ClaimReward_ReturnsNull_WhenTierNotReached" fullname="AshenThrone.Tests.Economy.BattlePassManagerTests.ClaimReward_ReturnsNull_WhenTierNotReached" methodname="ClaimReward_ReturnsNull_WhenTierNotReached" classname="AshenThrone.Tests.Economy.BattlePassManagerTests" runstate="Runnable" seed="104616911" result="Passed" start-time="2026-03-07 23:06:44Z" end-time="2026-03-07 23:06:44Z" duration="0.000677" asserts="0">
                <properties>
                  <property name="retryIteration" value="0" />
                  <property name="repeatIteration" value="0" />
                </properties>
                <output><![CDATA[[BattlePassManager] Cannot claim tier 1 reward: current tier is 0
[BattlePassManager] Cannot claim tier 1 reward: current tier is 0
]]></output>
              </test-case>
              <test-case id="1071" name="ClaimReward_ReturnsPremiumReward_WhenPremiumActive" fullname="AshenThrone.Tests.Economy.BattlePassManagerTests.ClaimReward_ReturnsPremiumReward_WhenPremiumActive" methodname="ClaimReward_ReturnsPremiumReward_WhenPremiumActive" classname="AshenThrone.Tests.Economy.BattlePassManagerTests" runstate="Runnable" seed="940415185" result="Passed" start-time="2026-03-07 23:06:44Z" end-time="2026-03-07 23:06:44Z" duration="0.000332" asserts="0">
                <properties>
                  <property name="retryIteration" value="0" />
                  <property name="repeatIteration" value="0" />
                </properties>
              </test-case>
              <test-case id="1058" name="LoadState_ClampsTierToTotalTiers" fullname="AshenThrone.Tests.Economy.BattlePassManagerTests.LoadState_ClampsTierToTotalTiers" methodname="LoadState_ClampsTierToTotalTiers" classname="AshenThrone.Tests.Economy.BattlePassManagerTests" runstate="Runnable" seed="2120858658" result="Passed" start-time="2026-03-07 23:06:44Z" end-time="2026-03-07 23:06:44Z" duration="0.000269" asserts="0">
                <properties>
                  <property name="retryIteration" value="0" />
                  <property name="repeatIteration" value="0" />
                </properties>
              </test-case>
              <test-case id="1059" name="LoadState_SetsPremiumActive_FromSave" fullname="AshenThrone.Tests.Economy.BattlePassManagerTests.LoadState_SetsPremiumActive_FromSave" methodname="LoadState_SetsPremiumActive_FromSave" classname="AshenThrone.Tests.Economy.BattlePassManagerTests" runstate="Runnable" seed="1090757341" result="Passed" start-time="2026-03-07 23:06:44Z" end-time="2026-03-07 23:06:44Z" duration="0.000247" asserts="0">
                <properties>
                  <property name="retryIteration" value="0" />
                  <property name="repeatIteration" value="0" />
                </properties>
              </test-case>
              <test-case id="1057" name="LoadState_ThrowsArgumentNull_WhenSeasonNull" fullname="AshenThrone.Tests.Economy.BattlePassManagerTests.LoadState_ThrowsArgumentNull_WhenSeasonNull" methodname="LoadState_ThrowsArgumentNull_WhenSeasonNull" classname="AshenThrone.Tests.Economy.BattlePassManagerTests" runstate="Runnable" seed="1581325354" result="Passed" start-time="2026-03-07 23:06:44Z" end-time="2026-03-07 23:06:44Z" duration="0.000334" asserts="0">
                <properties>
                  <property name="retryIteration" value="0" />
                  <property name="repeatIteration" value="0" />
                </properties>
              </test-case>
            </test-suite>
            <test-suite type="TestFixture" id="1073" name="GachaSystemTests" fullname="AshenThrone.Tests.Economy.GachaSystemTests" classname="AshenThrone.Tests.Economy.GachaSystemTests" runstate="Runnable" testcasecount="19" result="Passed" start-time="2026-03-07 23:06:44Z" end-time="2026-03-07 23:06:44Z" duration="0.006852" total="19" passed="19" failed="0" inconclusive="0" skipped="0" asserts="0">
              <properties />
              <test-case id="1091" name="GachaItem_ThrowsArgumentException_WhenIdEmpty" fullname="AshenThrone.Tests.Economy.GachaSystemTests.GachaItem_ThrowsArgumentException_WhenIdEmpty" methodname="GachaItem_ThrowsArgumentException_WhenIdEmpty" classname="AshenThrone.Tests.Economy.GachaSystemTests" runstate="Runnable" seed="732797391" result="Passed" start-time="2026-03-07 23:06:44Z" end-time="2026-03-07 23:06:44Z" duration="0.000443" asserts="0">
                <properties>
                  <property name="retryIteration" value="0" />
                  <property name="repeatIteration" value="0" />
                </properties>
              </test-case>
              <test-case id="1092" name="GachaItem_ThrowsArgumentException_WhenWeightZero" fullname="AshenThrone.Tests.Economy.GachaSystemTests.GachaItem_ThrowsArgumentException_WhenWeightZero" methodname="GachaItem_ThrowsArgumentException_WhenWeightZero" classname="AshenThrone.Tests.Economy.GachaSystemTests" runstate="Runnable" seed="1626581867" result="Passed" start-time="2026-03-07 23:06:44Z" end-time="2026-03-07 23:06:44Z" duration="0.000104" asserts="0">
                <properties>
                  <property name="retryIteration" value="0" />
                  <property name="repeatIteration" value="0" />
                </properties>
              </test-case>
              <test-case id="1088" name="GetDisplayedOdds_OddsSumToOne_Approximately" fullname="AshenThrone.Tests.Economy.GachaSystemTests.GetDisplayedOdds_OddsSumToOne_Approximately" methodname="GetDisplayedOdds_OddsSumToOne_Approximately" classname="AshenThrone.Tests.Economy.GachaSystemTests" runstate="Runnable" seed="231877016" result="Passed" start-time="2026-03-07 23:06:44Z" end-time="2026-03-07 23:06:44Z" duration="0.002097" asserts="0">
                <properties>
                  <property name="retryIteration" value="0" />
                  <property name="repeatIteration" value="0" />
                </properties>
              </test-case>
              <test-case id="1087" name="GetDisplayedOdds_ReturnEmpty_WithEmptyPool" fullname="AshenThrone.Tests.Economy.GachaSystemTests.GetDisplayedOdds_ReturnEmpty_WithEmptyPool" methodname="GetDisplayedOdds_ReturnEmpty_WithEmptyPool" classname="AshenThrone.Tests.Economy.GachaSystemTests" runstate="Runnable" seed="1502556717" result="Passed" start-time="2026-03-07 23:06:44Z" end-time="2026-03-07 23:06:44Z" duration="0.000122" asserts="0">
                <properties>
                  <property name="retryIteration" value="0" />
                  <property name="repeatIteration" value="0" />
                </properties>
              </test-case>
              <test-case id="1086" name="GetDisplayedOdds_ReturnsNonEmptyDict_WithValidPool" fullname="AshenThrone.Tests.Economy.GachaSystemTests.GetDisplayedOdds_ReturnsNonEmptyDict_WithValidPool" methodname="GetDisplayedOdds_ReturnsNonEmptyDict_WithValidPool" classname="AshenThrone.Tests.Economy.GachaSystemTests" runstate="Runnable" seed="1067174200" result="Passed" start-time="2026-03-07 23:06:44Z" end-time="2026-03-07 23:06:44Z" duration="0.000090" asserts="0">
                <properties>
                  <property name="retryIteration" value="0" />
                  <property name="repeatIteration" value="0" />
                </properties>
              </test-case>
              <test-case id="1084" name="LoadPityCounter_ClampsAboveThreshold" fullname="AshenThrone.Tests.Economy.GachaSystemTests.LoadPityCounter_ClampsAboveThreshold" methodname="LoadPityCounter_ClampsAboveThreshold" classname="AshenThrone.Tests.Economy.GachaSystemTests" runstate="Runnable" seed="2049233946" result="Passed" start-time="2026-03-07 23:06:44Z" end-time="2026-03-07 23:06:44Z" duration="0.000094" asserts="0">
                <properties>
                  <property name="retryIteration" value="0" />
                  <property name="repeatIteration" value="0" />
                </properties>
              </test-case>
              <test-case id="1083" name="LoadPityCounter_ClampsBelowZero" fullname="AshenThrone.Tests.Economy.GachaSystemTests.LoadPityCounter_ClampsBelowZero" methodname="LoadPityCounter_ClampsBelowZero" classname="AshenThrone.Tests.Economy.GachaSystemTests" runstate="Runnable" seed="671855865" result="Passed" start-time="2026-03-07 23:06:44Z" end-time="2026-03-07 23:06:44Z" duration="0.000077" asserts="0">
                <properties>
                  <property name="retryIteration" value="0" />
                  <property name="repeatIteration" value="0" />
                </properties>
              </test-case>
              <test-case id="1085" name="PullsUntilPity_EqualsThresholdMinusCounter" fullname="AshenThrone.Tests.Economy.GachaSystemTests.PullsUntilPity_EqualsThresholdMinusCounter" methodname="PullsUntilPity_EqualsThresholdMinusCounter" classname="AshenThrone.Tests.Economy.GachaSystemTests" runstate="Runnable" seed="1933648298" result="Passed" start-time="2026-03-07 23:06:44Z" end-time="2026-03-07 23:06:44Z" duration="0.000080" asserts="0">
                <properties>
                  <property name="retryIteration" value="0" />
                  <property name="repeatIteration" value="0" />
                </properties>
              </test-case>
              <test-case id="1089" name="ReceiveServerPullResult_MarksItemAsOwned" fullname="AshenThrone.Tests.Economy.GachaSystemTests.ReceiveServerPullResult_MarksItemAsOwned" methodname="ReceiveServerPullResult_MarksItemAsOwned" classname="AshenThrone.Tests.Economy.GachaSystemTests" runstate="Runnable" seed="1946905353" result="Passed" start-time="2026-03-07 23:06:44Z" end-time="2026-03-07 23:06:44Z" duration="0.000310" asserts="0">
                <properties>
                  <property name="retryIteration" value="0" />
                  <property name="repeatIteration" value="0" />
                </properties>
              </test-case>
              <test-case id="1090" name="ReceiveServerPullResult_UpdatesPityCounterFromServer" fullname="AshenThrone.Tests.Economy.GachaSystemTests.ReceiveServerPullResult_UpdatesPityCounterFromServer" methodname="ReceiveServerPullResult_UpdatesPityCounterFromServer" classname="AshenThrone.Tests.Economy.GachaSystemTests" runstate="Runnable" seed="1090492218" result="Passed" start-time="2026-03-07 23:06:44Z" end-time="2026-03-07 23:06:44Z" duration="0.000102" asserts="0">
                <properties>
                  <property name="retryIteration" value="0" />
                  <property name="repeatIteration" value="0" />
                </properties>
              </test-case>
              <test-case id="1075" name="SetPool_DoesNotThrow_ForEmptyPool" fullname="AshenThrone.Tests.Economy.GachaSystemTests.SetPool_DoesNotThrow_ForEmptyPool" methodname="SetPool_DoesNotThrow_ForEmptyPool" classname="AshenThrone.Tests.Economy.GachaSystemTests" runstate="Runnable" seed="489689534" result="Passed" start-time="2026-03-07 23:06:44Z" end-time="2026-03-07 23:06:44Z" duration="0.000100" asserts="0">
                <properties>
                  <property name="retryIteration" value="0" />
                  <property name="repeatIteration" value="0" />
                </properties>
              </test-case>
              <test-case id="1074" name="SetPool_DoesNotThrow_ForNullPool" fullname="AshenThrone.Tests.Economy.GachaSystemTests.SetPool_DoesNotThrow_ForNullPool" methodname="SetPool_DoesNotThrow_ForNullPool" classname="AshenThrone.Tests.Economy.GachaSystemTests" runstate="Runnable" seed="109203325" result="Passed" start-time="2026-03-07 23:06:44Z" end-time="2026-03-07 23:06:44Z" duration="0.000081" asserts="0">
                <properties>
                  <property name="retryIteration" value="0" />
                  <property name="repeatIteration" value="0" />
                </properties>
              </test-case>
              <test-case id="1076" name="SetPool_ReplacesExistingPool" fullname="AshenThrone.Tests.Economy.GachaSystemTests.SetPool_ReplacesExistingPool" methodname="SetPool_ReplacesExistingPool" classname="AshenThrone.Tests.Economy.GachaSystemTests" runstate="Runnable" seed="429197037" result="Passed" start-time="2026-03-07 23:06:44Z" end-time="2026-03-07 23:06:44Z" duration="0.000262" asserts="0">
                <properties>
                  <property name="retryIteration" value="0" />
                  <property name="repeatIteration" value="0" />
                </properties>
              </test-case>
              <test-case id="1080" name="SimulatePull_GuaranteesLegendaryAtPityThreshold" fullname="AshenThrone.Tests.Economy.GachaSystemTests.SimulatePull_GuaranteesLegendaryAtPityThreshold" methodname="SimulatePull_GuaranteesLegendaryAtPityThreshold" classname="AshenThrone.Tests.Economy.GachaSystemTests" runstate="Runnable" seed="439594905" result="Passed" start-time="2026-03-07 23:06:44Z" end-time="2026-03-07 23:06:44Z" duration="0.000284" asserts="0">
                <properties>
                  <property name="retryIteration" value="0" />
                  <property name="repeatIteration" value="0" />
                </properties>
              </test-case>
              <test-case id="1079" name="SimulatePull_IncrementsPityCounter" fullname="AshenThrone.Tests.Economy.GachaSystemTests.SimulatePull_IncrementsPityCounter" methodname="SimulatePull_IncrementsPityCounter" classname="AshenThrone.Tests.Economy.GachaSystemTests" runstate="Runnable" seed="1080703835" result="Passed" start-time="2026-03-07 23:06:44Z" end-time="2026-03-07 23:06:44Z" duration="0.000098" asserts="0">
                <properties>
                  <property name="retryIteration" value="0" />
                  <property name="repeatIteration" value="0" />
                </properties>
              </test-case>
              <test-case id="1082" name="SimulatePull_IsDuplicateTrue_WhenItemAlreadyOwned" fullname="AshenThrone.Tests.Economy.GachaSystemTests.SimulatePull_IsDuplicateTrue_WhenItemAlreadyOwned" methodname="SimulatePull_IsDuplicateTrue_WhenItemAlreadyOwned" classname="AshenThrone.Tests.Economy.GachaSystemTests" runstate="Runnable" seed="1050689723" result="Passed" start-time="2026-03-07 23:06:44Z" end-time="2026-03-07 23:06:44Z" duration="0.000108" asserts="0">
                <properties>
                  <property name="retryIteration" value="0" />
                  <property name="repeatIteration" value="0" />
                </properties>
              </test-case>
              <test-case id="1081" name="SimulatePull_ResetsPityCounter_AfterLegendary" fullname="AshenThrone.Tests.Economy.GachaSystemTests.SimulatePull_ResetsPityCounter_AfterLegendary" methodname="SimulatePull_ResetsPityCounter_AfterLegendary" classname="AshenThrone.Tests.Economy.GachaSystemTests" runstate="Runnable" seed="260557287" result="Passed" start-time="2026-03-07 23:06:44Z" end-time="2026-03-07 23:06:44Z" duration="0.000105" asserts="0">
                <properties>
                  <property name="retryIteration" value="0" />
                  <property name="repeatIteration" value="0" />
                </properties>
              </test-case>
              <test-case id="1078" name="SimulatePull_ReturnsNonNull_WithValidPool" fullname="AshenThrone.Tests.Economy.GachaSystemTests.SimulatePull_ReturnsNonNull_WithValidPool" methodname="SimulatePull_ReturnsNonNull_WithValidPool" classname="AshenThrone.Tests.Economy.GachaSystemTests" runstate="Runnable" seed="379577887" result="Passed" start-time="2026-03-07 23:06:44Z" end-time="2026-03-07 23:06:44Z" duration="0.000082" asserts="0">
                <properties>
                  <property name="retryIteration" value="0" />
                  <property name="repeatIteration" value="0" />
                </properties>
              </test-case>
              <test-case id="1077" name="SimulatePull_ReturnsNull_WhenPoolEmpty" fullname="AshenThrone.Tests.Economy.GachaSystemTests.SimulatePull_ReturnsNull_WhenPoolEmpty" methodname="SimulatePull_ReturnsNull_WhenPoolEmpty" classname="AshenThrone.Tests.Economy.GachaSystemTests" runstate="Runnable" seed="940719037" result="Passed" start-time="2026-03-07 23:06:44Z" end-time="2026-03-07 23:06:44Z" duration="0.000467" asserts="0">
                <properties>
                  <property name="retryIteration" value="0" />
                  <property name="repeatIteration" value="0" />
                </properties>
                <output><![CDATA[[GachaSystem] Gacha pool is empty.
[GachaSystem] Gacha pool is empty.
]]></output>
              </test-case>
            </test-suite>
            <test-suite type="TestFixture" id="1093" name="IAPManagerTests" fullname="AshenThrone.Tests.Economy.IAPManagerTests" classname="AshenThrone.Tests.Economy.IAPManagerTests" runstate="Runnable" testcasecount="16" result="Passed" start-time="2026-03-07 23:06:44Z" end-time="2026-03-07 23:06:44Z" duration="0.006344" total="16" passed="16" failed="0" inconclusive="0" skipped="0" asserts="0">
              <properties />
              <test-case id="1100" name="GetCatalog_ReturnsAllRegisteredProducts" fullname="AshenThrone.Tests.Economy.IAPManagerTests.GetCatalog_ReturnsAllRegisteredProducts" methodname="GetCatalog_ReturnsAllRegisteredProducts" classname="AshenThrone.Tests.Economy.IAPManagerTests" runstate="Runnable" seed="70925636" result="Passed" start-time="2026-03-07 23:06:44Z" end-time="2026-03-07 23:06:44Z" duration="0.000580" asserts="0">
                <properties>
                  <property name="retryIteration" value="0" />
                  <property name="repeatIteration" value="0" />
                </properties>
              </test-case>
              <test-case id="1099" name="GetProduct_ReturnsCorrectProduct" fullname="AshenThrone.Tests.Economy.IAPManagerTests.GetProduct_ReturnsCorrectProduct" methodname="GetProduct_ReturnsCorrectProduct" classname="AshenThrone.Tests.Economy.IAPManagerTests" runstate="Runnable" seed="2121394317" result="Passed" start-time="2026-03-07 23:06:44Z" end-time="2026-03-07 23:06:44Z" duration="0.000116" asserts="0">
                <properties>
                  <property name="retryIteration" value="0" />
                  <property name="repeatIteration" value="0" />
                </properties>
              </test-case>
              <test-case id="1098" name="GetProduct_ReturnsNull_ForUnregisteredId" fullname="AshenThrone.Tests.Economy.IAPManagerTests.GetProduct_ReturnsNull_ForUnregisteredId" methodname="GetProduct_ReturnsNull_ForUnregisteredId" classname="AshenThrone.Tests.Economy.IAPManagerTests" runstate="Runnable" seed="1867372241" result="Passed" start-time="2026-03-07 23:06:44Z" end-time="2026-03-07 23:06:44Z" duration="0.000072" asserts="0">
                <properties>
                  <property name="retryIteration" value="0" />
                  <property name="repeatIteration" value="0" />
                </properties>
              </test-case>
              <test-case id="1109" name="IAPProductDefinition_ThrowsArgumentException_WhenIdEmpty" fullname="AshenThrone.Tests.Economy.IAPManagerTests.IAPProductDefinition_ThrowsArgumentException_WhenIdEmpty" methodname="IAPProductDefinition_ThrowsArgumentException_WhenIdEmpty" classname="AshenThrone.Tests.Economy.IAPManagerTests" runstate="Runnable" seed="599287631" result="Passed" start-time="2026-03-07 23:06:44Z" end-time="2026-03-07 23:06:44Z" duration="0.000214" asserts="0">
                <properties>
                  <property name="retryIteration" value="0" />
                  <property name="repeatIteration" value="0" />
                </properties>
              </test-case>
              <test-case id="1101" name="InitiatePurchase_ReturnsFalse_ForUnregisteredProduct" fullname="AshenThrone.Tests.Economy.IAPManagerTests.InitiatePurchase_ReturnsFalse_ForUnregisteredProduct" methodname="InitiatePurchase_ReturnsFalse_ForUnregisteredProduct" classname="AshenThrone.Tests.Economy.IAPManagerTests" runstate="Runnable" seed="136561219" result="Passed" start-time="2026-03-07 23:06:44Z" end-time="2026-03-07 23:06:44Z" duration="0.000474" asserts="0">
                <properties>
                  <property name="retryIteration" value="0" />
                  <property name="repeatIteration" value="0" />
                </properties>
                <output><![CDATA[[IAPManager] Product 'unregistered' not found in catalog.
[IAPManager] Product 'unregistered' not found in catalog.
]]></output>
              </test-case>
              <test-case id="1102" name="InitiatePurchase_ReturnsTrue_ForRegisteredProduct" fullname="AshenThrone.Tests.Economy.IAPManagerTests.InitiatePurchase_ReturnsTrue_ForRegisteredProduct" methodname="InitiatePurchase_ReturnsTrue_ForRegisteredProduct" classname="AshenThrone.Tests.Economy.IAPManagerTests" runstate="Runnable" seed="1110114782" result="Passed" start-time="2026-03-07 23:06:44Z" end-time="2026-03-07 23:06:44Z" duration="0.000162" asserts="0">
                <properties>
                  <property name="retryIteration" value="0" />
                  <property name="repeatIteration" value="0" />
                </properties>
              </test-case>
              <test-case id="1104" name="OnPurchaseDeferred_AddsToPendingQueue_WhenReceiptValid" fullname="AshenThrone.Tests.Economy.IAPManagerTests.OnPurchaseDeferred_AddsToPendingQueue_WhenReceiptValid" methodname="OnPurchaseDeferred_AddsToPendingQueue_WhenReceiptValid" classname="AshenThrone.Tests.Economy.IAPManagerTests" runstate="Runnable" seed="1036512844" result="Passed" start-time="2026-03-07 23:06:44Z" end-time="2026-03-07 23:06:44Z" duration="0.000564" asserts="0">
                <properties>
                  <property name="retryIteration" value="0" />
                  <property name="repeatIteration" value="0" />
                </properties>
                <output><![CDATA[[IAPManager] Stub: Would validate receipt for 'bp' on AppleAppStore with transaction 'txn_1'.
[IAPManager] Stub: Would validate receipt for 'bp' on AppleAppStore with transaction 'txn_1'.
]]></output>
              </test-case>
              <test-case id="1103" name="OnPurchaseDeferred_DoesNotAddToPending_WhenReceiptEmpty" fullname="AshenThrone.Tests.Economy.IAPManagerTests.OnPurchaseDeferred_DoesNotAddToPending_WhenReceiptEmpty" methodname="OnPurchaseDeferred_DoesNotAddToPending_WhenReceiptEmpty" classname="AshenThrone.Tests.Economy.IAPManagerTests" runstate="Runnable" seed="1345471823" result="Passed" start-time="2026-03-07 23:06:44Z" end-time="2026-03-07 23:06:44Z" duration="0.000347" asserts="0">
                <properties>
                  <property name="retryIteration" value="0" />
                  <property name="repeatIteration" value="0" />
                </properties>
                <output><![CDATA[[IAPManager] Purchase txn_1 has empty receipt. Skipping.
[IAPManager] Purchase txn_1 has empty receipt. Skipping.
]]></output>
              </test-case>
              <test-case id="1108" name="OnServerValidationFailed_FiresOnPurchaseFailedEvent" fullname="AshenThrone.Tests.Economy.IAPManagerTests.OnServerValidationFailed_FiresOnPurchaseFailedEvent" methodname="OnServerValidationFailed_FiresOnPurchaseFailedEvent" classname="AshenThrone.Tests.Economy.IAPManagerTests" runstate="Runnable" seed="1619116672" result="Passed" start-time="2026-03-07 23:06:44Z" end-time="2026-03-07 23:06:44Z" duration="0.000531" asserts="0">
                <properties>
                  <property name="retryIteration" value="0" />
                  <property name="repeatIteration" value="0" />
                </properties>
                <output><![CDATA[[IAPManager] Receipt validation failed for bp_premium / txn_1: Invalid receipt.
[IAPManager] Receipt validation failed for bp_premium / txn_1: Invalid receipt.
]]></output>
              </test-case>
              <test-case id="1107" name="OnServerValidationFailed_RemovesFromPendingQueue" fullname="AshenThrone.Tests.Economy.IAPManagerTests.OnServerValidationFailed_RemovesFromPendingQueue" methodname="OnServerValidationFailed_RemovesFromPendingQueue" classname="AshenThrone.Tests.Economy.IAPManagerTests" runstate="Runnable" seed="19668890" result="Passed" start-time="2026-03-07 23:06:44Z" end-time="2026-03-07 23:06:44Z" duration="0.000611" asserts="0">
                <properties>
                  <property name="retryIteration" value="0" />
                  <property name="repeatIteration" value="0" />
                </properties>
                <output><![CDATA[[IAPManager] Stub: Would validate receipt for 'bp' on GooglePlayStore with transaction 'txn_1'.
[IAPManager] Stub: Would validate receipt for 'bp' on GooglePlayStore with transaction 'txn_1'.
[IAPManager] Receipt validation failed for bp / txn_1: Receipt already consumed.
[IAPManager] Receipt validation failed for bp / txn_1: Receipt already consumed.
]]></output>
              </test-case>
              <test-case id="1106" name="OnServerValidationSuccess_FiresOnPurchaseSuccessEvent" fullname="AshenThrone.Tests.Economy.IAPManagerTests.OnServerValidationSuccess_FiresOnPurchaseSuccessEvent" methodname="OnServerValidationSuccess_FiresOnPurchaseSuccessEvent" classname="AshenThrone.Tests.Economy.IAPManagerTests" runstate="Runnable" seed="1323908599" result="Passed" start-time="2026-03-07 23:06:44Z" end-time="2026-03-07 23:06:44Z" duration="0.000245" asserts="0">
                <properties>
                  <property name="retryIteration" value="0" />
                  <property name="repeatIteration" value="0" />
                </properties>
              </test-case>
              <test-case id="1105" name="OnServerValidationSuccess_RemovesFromPendingQueue" fullname="AshenThrone.Tests.Economy.IAPManagerTests.OnServerValidationSuccess_RemovesFromPendingQueue" methodname="OnServerValidationSuccess_RemovesFromPendingQueue" classname="AshenThrone.Tests.Economy.IAPManagerTests" runstate="Runnable" seed="1492024867" result="Passed" start-time="2026-03-07 23:06:44Z" end-time="2026-03-07 23:06:44Z" duration="0.000387" asserts="0">
                <properties>
                  <property name="retryIteration" value="0" />
                  <property name="repeatIteration" value="0" />
                </properties>
                <output><![CDATA[[IAPManager] Stub: Would validate receipt for 'bp' on AppleAppStore with transaction 'txn_1'.
[IAPManager] Stub: Would validate receipt for 'bp' on AppleAppStore with transaction 'txn_1'.
]]></output>
              </test-case>
              <test-case id="1096" name="RegisterProduct_DoesNotThrow_ForCosmeticProduct" fullname="AshenThrone.Tests.Economy.IAPManagerTests.RegisterProduct_DoesNotThrow_ForCosmeticProduct" methodname="RegisterProduct_DoesNotThrow_ForCosmeticProduct" classname="AshenThrone.Tests.Economy.IAPManagerTests" runstate="Runnable" seed="1285545168" result="Passed" start-time="2026-03-07 23:06:44Z" end-time="2026-03-07 23:06:44Z" duration="0.000115" asserts="0">
                <properties>
                  <property name="retryIteration" value="0" />
                  <property name="repeatIteration" value="0" />
                </properties>
              </test-case>
              <test-case id="1097" name="RegisterProduct_MakesProductQueryable" fullname="AshenThrone.Tests.Economy.IAPManagerTests.RegisterProduct_MakesProductQueryable" methodname="RegisterProduct_MakesProductQueryable" classname="AshenThrone.Tests.Economy.IAPManagerTests" runstate="Runnable" seed="433472494" result="Passed" start-time="2026-03-07 23:06:44Z" end-time="2026-03-07 23:06:44Z" duration="0.000095" asserts="0">
                <properties>
                  <property name="retryIteration" value="0" />
                  <property name="repeatIteration" value="0" />
                </properties>
              </test-case>
              <test-case id="1094" name="RegisterProduct_ThrowsArgumentNull_WhenProductNull" fullname="AshenThrone.Tests.Economy.IAPManagerTests.RegisterProduct_ThrowsArgumentNull_WhenProductNull" methodname="RegisterProduct_ThrowsArgumentNull_WhenProductNull" classname="AshenThrone.Tests.Economy.IAPManagerTests" runstate="Runnable" seed="1561785443" result="Passed" start-time="2026-03-07 23:06:44Z" end-time="2026-03-07 23:06:44Z" duration="0.000121" asserts="0">
                <properties>
                  <property name="retryIteration" value="0" />
                  <property name="repeatIteration" value="0" />
                </properties>
              </test-case>
              <test-case id="1095" name="RegisterProduct_ThrowsInvalidOperation_WhenCombatPowerFlagged" fullname="AshenThrone.Tests.Economy.IAPManagerTests.RegisterProduct_ThrowsInvalidOperation_WhenCombatPowerFlagged" methodname="RegisterProduct_ThrowsInvalidOperation_WhenCombatPowerFlagged" classname="AshenThrone.Tests.Economy.IAPManagerTests" runstate="Runnable" seed="322499490" result="Passed" start-time="2026-03-07 23:06:44Z" end-time="2026-03-07 23:06:44Z" duration="0.000160" asserts="0">
                <properties>
                  <property name="retryIteration" value="0" />
                  <property name="repeatIteration" value="0" />
                </properties>
              </test-case>
            </test-suite>
            <test-suite type="TestFixture" id="1110" name="QuestEngineTests" fullname="AshenThrone.Tests.Economy.QuestEngineTests" classname="AshenThrone.Tests.Economy.QuestEngineTests" runstate="Runnable" testcasecount="24" result="Failed" site="Child" start-time="2026-03-07 23:06:44Z" end-time="2026-03-07 23:06:44Z" duration="0.008319" total="24" passed="23" failed="1" inconclusive="0" skipped="0" asserts="0">
              <properties />
              <failure>
                <message><![CDATA[One or more child tests had errors]]></message>
              </failure>
              <test-case id="1133" name="BuildSaveData_IncludesCurrentProgress" fullname="AshenThrone.Tests.Economy.QuestEngineTests.BuildSaveData_IncludesCurrentProgress" methodname="BuildSaveData_IncludesCurrentProgress" classname="AshenThrone.Tests.Economy.QuestEngineTests" runstate="Runnable" seed="796333881" result="Passed" start-time="2026-03-07 23:06:44Z" end-time="2026-03-07 23:06:44Z" duration="0.001476" asserts="0">
                <properties>
                  <property name="retryIteration" value="0" />
                  <property name="repeatIteration" value="0" />
                </properties>
              </test-case>
              <test-case id="1128" name="ClaimReward_ReturnsFalse_WhenAlreadyClaimed" fullname="AshenThrone.Tests.Economy.QuestEngineTests.ClaimReward_ReturnsFalse_WhenAlreadyClaimed" methodname="ClaimReward_ReturnsFalse_WhenAlreadyClaimed" classname="AshenThrone.Tests.Economy.QuestEngineTests" runstate="Runnable" seed="1826585817" result="Passed" start-time="2026-03-07 23:06:44Z" end-time="2026-03-07 23:06:44Z" duration="0.000395" asserts="0">
                <properties>
                  <property name="retryIteration" value="0" />
                  <property name="repeatIteration" value="0" />
                </properties>
              </test-case>
              <test-case id="1126" name="ClaimReward_ReturnsFalse_WhenQuestNotCompleted" fullname="AshenThrone.Tests.Economy.QuestEngineTests.ClaimReward_ReturnsFalse_WhenQuestNotCompleted" methodname="ClaimReward_ReturnsFalse_WhenQuestNotCompleted" classname="AshenThrone.Tests.Economy.QuestEngineTests" runstate="Runnable" seed="1756491013" result="Passed" start-time="2026-03-07 23:06:44Z" end-time="2026-03-07 23:06:44Z" duration="0.000125" asserts="0">
                <properties>
                  <property name="retryIteration" value="0" />
                  <property name="repeatIteration" value="0" />
                </properties>
              </test-case>
              <test-case id="1125" name="ClaimReward_ReturnsFalse_WhenQuestNotFound" fullname="AshenThrone.Tests.Economy.QuestEngineTests.ClaimReward_ReturnsFalse_WhenQuestNotFound" methodname="ClaimReward_ReturnsFalse_WhenQuestNotFound" classname="AshenThrone.Tests.Economy.QuestEngineTests" runstate="Runnable" seed="60646294" result="Passed" start-time="2026-03-07 23:06:44Z" end-time="2026-03-07 23:06:44Z" duration="0.000081" asserts="0">
                <properties>
                  <property name="retryIteration" value="0" />
                  <property name="repeatIteration" value="0" />
                </properties>
              </test-case>
              <test-case id="1127" name="ClaimReward_ReturnsTrue_WhenCompleted" fullname="AshenThrone.Tests.Economy.QuestEngineTests.ClaimReward_ReturnsTrue_WhenCompleted" methodname="ClaimReward_ReturnsTrue_WhenCompleted" classname="AshenThrone.Tests.Economy.QuestEngineTests" runstate="Runnable" seed="1843725814" result="Passed" start-time="2026-03-07 23:06:44Z" end-time="2026-03-07 23:06:44Z" duration="0.000122" asserts="0">
                <properties>
                  <property name="retryIteration" value="0" />
                  <property name="repeatIteration" value="0" />
                </properties>
              </test-case>
              <test-case id="1131" name="GetLastMidnightUtc_ReturnsToday" fullname="AshenThrone.Tests.Economy.QuestEngineTests.GetLastMidnightUtc_ReturnsToday" methodname="GetLastMidnightUtc_ReturnsToday" classname="AshenThrone.Tests.Economy.QuestEngineTests" runstate="Runnable" seed="173217858" result="Passed" start-time="2026-03-07 23:06:44Z" end-time="2026-03-07 23:06:44Z" duration="0.000199" asserts="0">
                <properties>
                  <property name="retryIteration" value="0" />
                  <property name="repeatIteration" value="0" />
                </properties>
              </test-case>
              <test-case id="1132" name="GetLastMondayUtc_ReturnsMonday" fullname="AshenThrone.Tests.Economy.QuestEngineTests.GetLastMondayUtc_ReturnsMonday" methodname="GetLastMondayUtc_ReturnsMonday" classname="AshenThrone.Tests.Economy.QuestEngineTests" runstate="Runnable" seed="1108768938" result="Passed" start-time="2026-03-07 23:06:44Z" end-time="2026-03-07 23:06:44Z" duration="0.000105" asserts="0">
                <properties>
                  <property name="retryIteration" value="0" />
                  <property name="repeatIteration" value="0" />
                </properties>
              </test-case>
              <test-case id="1129" name="GetQuestsByCategory_ReturnsOnlyMatchingCadence" fullname="AshenThrone.Tests.Economy.QuestEngineTests.GetQuestsByCategory_ReturnsOnlyMatchingCadence" methodname="GetQuestsByCategory_ReturnsOnlyMatchingCadence" classname="AshenThrone.Tests.Economy.QuestEngineTests" runstate="Runnable" seed="921488105" result="Passed" start-time="2026-03-07 23:06:44Z" end-time="2026-03-07 23:06:44Z" duration="0.000361" asserts="0">
                <properties>
                  <property name="retryIteration" value="0" />
                  <property name="repeatIteration" value="0" />
                </properties>
              </test-case>
              <test-case id="1130" name="GetUnclaimedCount_ReturnsNumberOfCompletedUnclaimedQuests" fullname="AshenThrone.Tests.Economy.QuestEngineTests.GetUnclaimedCount_ReturnsNumberOfCompletedUnclaimedQuests" methodname="GetUnclaimedCount_ReturnsNumberOfCompletedUnclaimedQuests" classname="AshenThrone.Tests.Economy.QuestEngineTests" runstate="Runnable" seed="392169026" result="Passed" start-time="2026-03-07 23:06:44Z" end-time="2026-03-07 23:06:44Z" duration="0.000216" asserts="0">
                <properties>
                  <property name="retryIteration" value="0" />
                  <property name="repeatIteration" value="0" />
                </properties>
              </test-case>
              <test-case id="1116" name="Initialize_DoesNotResetOneTimeQuests_Ever" fullname="AshenThrone.Tests.Economy.QuestEngineTests.Initialize_DoesNotResetOneTimeQuests_Ever" methodname="Initialize_DoesNotResetOneTimeQuests_Ever" classname="AshenThrone.Tests.Economy.QuestEngineTests" runstate="Runnable" seed="2022289537" result="Passed" start-time="2026-03-07 23:06:44Z" end-time="2026-03-07 23:06:44Z" duration="0.000206" asserts="0">
                <properties>
                  <property name="retryIteration" value="0" />
                  <property name="repeatIteration" value="0" />
                </properties>
              </test-case>
              <test-case id="1115" name="Initialize_DoesNotResetProgress_WhenNoResetNeeded" fullname="AshenThrone.Tests.Economy.QuestEngineTests.Initialize_DoesNotResetProgress_WhenNoResetNeeded" methodname="Initialize_DoesNotResetProgress_WhenNoResetNeeded" classname="AshenThrone.Tests.Economy.QuestEngineTests" runstate="Runnable" seed="189299425" result="Passed" start-time="2026-03-07 23:06:44Z" end-time="2026-03-07 23:06:44Z" duration="0.000145" asserts="0">
                <properties>
                  <property name="retryIteration" value="0" />
                  <property name="repeatIteration" value="0" />
                </properties>
              </test-case>
              <test-case id="1112" name="Initialize_IgnoresNullDefinitions" fullname="AshenThrone.Tests.Economy.QuestEngineTests.Initialize_IgnoresNullDefinitions" methodname="Initialize_IgnoresNullDefinitions" classname="AshenThrone.Tests.Economy.QuestEngineTests" runstate="Runnable" seed="999902323" result="Passed" start-time="2026-03-07 23:06:44Z" end-time="2026-03-07 23:06:44Z" duration="0.000203" asserts="0">
                <properties>
                  <property name="retryIteration" value="0" />
                  <property name="repeatIteration" value="0" />
                </properties>
              </test-case>
              <test-case id="1114" name="Initialize_ResetsProgress_WhenDailyResetNeeded" fullname="AshenThrone.Tests.Economy.QuestEngineTests.Initialize_ResetsProgress_WhenDailyResetNeeded" methodname="Initialize_ResetsProgress_WhenDailyResetNeeded" classname="AshenThrone.Tests.Economy.QuestEngineTests" runstate="Runnable" seed="341641509" result="Passed" start-time="2026-03-07 23:06:44Z" end-time="2026-03-07 23:06:44Z" duration="0.000142" asserts="0">
                <properties>
                  <property name="retryIteration" value="0" />
                  <property name="repeatIteration" value="0" />
                </properties>
              </test-case>
              <test-case id="1113" name="Initialize_RestoresSavedProgress" fullname="AshenThrone.Tests.Economy.QuestEngineTests.Initialize_RestoresSavedProgress" methodname="Initialize_RestoresSavedProgress" classname="AshenThrone.Tests.Economy.QuestEngineTests" runstate="Runnable" seed="86195274" result="Failed" start-time="2026-03-07 23:06:44Z" end-time="2026-03-07 23:06:44Z" duration="0.000829" asserts="0">
                <properties>
                  <property name="retryIteration" value="0" />
                  <property name="repeatIteration" value="0" />
                </properties>
                <failure>
                  <message><![CDATA[  Expected: 3
  But was:  0
]]></message>
                  <stack-trace><![CDATA[at AshenThrone.Tests.Economy.QuestEngineTests.Initialize_RestoresSavedProgress () [0x0003d] in /Users/tomterhune/ashen-throne/game/Assets/Scripts/Tests/Economy/QuestEngineTests.cs:54
]]></stack-trace>
                </failure>
              </test-case>
              <test-case id="1111" name="Initialize_ThrowsArgumentNull_WhenDefinitionsNull" fullname="AshenThrone.Tests.Economy.QuestEngineTests.Initialize_ThrowsArgumentNull_WhenDefinitionsNull" methodname="Initialize_ThrowsArgumentNull_WhenDefinitionsNull" classname="AshenThrone.Tests.Economy.QuestEngineTests" runstate="Runnable" seed="2022987500" result="Passed" start-time="2026-03-07 23:06:44Z" end-time="2026-03-07 23:06:44Z" duration="0.000120" asserts="0">
                <properties>
                  <property name="retryIteration" value="0" />
                  <property name="repeatIteration" value="0" />
                </properties>
              </test-case>
              <test-case id="1134" name="QuestProgress_Reset_ClearsCountAndClaimed" fullname="AshenThrone.Tests.Economy.QuestEngineTests.QuestProgress_Reset_ClearsCountAndClaimed" methodname="QuestProgress_Reset_ClearsCountAndClaimed" classname="AshenThrone.Tests.Economy.QuestEngineTests" runstate="Runnable" seed="746991064" result="Passed" start-time="2026-03-07 23:06:44Z" end-time="2026-03-07 23:06:44Z" duration="0.000120" asserts="0">
                <properties>
                  <property name="retryIteration" value="0" />
                  <property name="repeatIteration" value="0" />
                </properties>
              </test-case>
              <test-case id="1120" name="RecordProgress_CapsAtRequiredCount" fullname="AshenThrone.Tests.Economy.QuestEngineTests.RecordProgress_CapsAtRequiredCount" methodname="RecordProgress_CapsAtRequiredCount" classname="AshenThrone.Tests.Economy.QuestEngineTests" runstate="Runnable" seed="1068634638" result="Passed" start-time="2026-03-07 23:06:44Z" end-time="2026-03-07 23:06:44Z" duration="0.000134" asserts="0">
                <properties>
                  <property name="retryIteration" value="0" />
                  <property name="repeatIteration" value="0" />
                </properties>
              </test-case>
              <test-case id="1123" name="RecordProgress_ContextTag_OnlyMatchesMatchingTag" fullname="AshenThrone.Tests.Economy.QuestEngineTests.RecordProgress_ContextTag_OnlyMatchesMatchingTag" methodname="RecordProgress_ContextTag_OnlyMatchesMatchingTag" classname="AshenThrone.Tests.Economy.QuestEngineTests" runstate="Runnable" seed="971305298" result="Passed" start-time="2026-03-07 23:06:44Z" end-time="2026-03-07 23:06:44Z" duration="0.000145" asserts="0">
                <properties>
                  <property name="retryIteration" value="0" />
                  <property name="repeatIteration" value="0" />
                </properties>
              </test-case>
              <test-case id="1118" name="RecordProgress_DoesNotIncrementWrongObjectiveType" fullname="AshenThrone.Tests.Economy.QuestEngineTests.RecordProgress_DoesNotIncrementWrongObjectiveType" methodname="RecordProgress_DoesNotIncrementWrongObjectiveType" classname="AshenThrone.Tests.Economy.QuestEngineTests" runstate="Runnable" seed="1716887532" result="Passed" start-time="2026-03-07 23:06:44Z" end-time="2026-03-07 23:06:44Z" duration="0.000120" asserts="0">
                <properties>
                  <property name="retryIteration" value="0" />
                  <property name="repeatIteration" value="0" />
                </properties>
              </test-case>
              <test-case id="1122" name="RecordProgress_FiresQuestCompletedEvent" fullname="AshenThrone.Tests.Economy.QuestEngineTests.RecordProgress_FiresQuestCompletedEvent" methodname="RecordProgress_FiresQuestCompletedEvent" classname="AshenThrone.Tests.Economy.QuestEngineTests" runstate="Runnable" seed="1877809398" result="Passed" start-time="2026-03-07 23:06:44Z" end-time="2026-03-07 23:06:44Z" duration="0.000290" asserts="0">
                <properties>
                  <property name="retryIteration" value="0" />
                  <property name="repeatIteration" value="0" />
                </properties>
              </test-case>
              <test-case id="1119" name="RecordProgress_IgnoresZeroAmount" fullname="AshenThrone.Tests.Economy.QuestEngineTests.RecordProgress_IgnoresZeroAmount" methodname="RecordProgress_IgnoresZeroAmount" classname="AshenThrone.Tests.Economy.QuestEngineTests" runstate="Runnable" seed="515901483" result="Passed" start-time="2026-03-07 23:06:44Z" end-time="2026-03-07 23:06:44Z" duration="0.000116" asserts="0">
                <properties>
                  <property name="retryIteration" value="0" />
                  <property name="repeatIteration" value="0" />
                </properties>
              </test-case>
              <test-case id="1117" name="RecordProgress_IncrementsMatchingQuest" fullname="AshenThrone.Tests.Economy.QuestEngineTests.RecordProgress_IncrementsMatchingQuest" methodname="RecordProgress_IncrementsMatchingQuest" classname="AshenThrone.Tests.Economy.QuestEngineTests" runstate="Runnable" seed="1600168169" result="Passed" start-time="2026-03-07 23:06:44Z" end-time="2026-03-07 23:06:44Z" duration="0.000112" asserts="0">
                <properties>
                  <property name="retryIteration" value="0" />
                  <property name="repeatIteration" value="0" />
                </properties>
              </test-case>
              <test-case id="1121" name="RecordProgress_MarksQuestCompleted_WhenReached" fullname="AshenThrone.Tests.Economy.QuestEngineTests.RecordProgress_MarksQuestCompleted_WhenReached" methodname="RecordProgress_MarksQuestCompleted_WhenReached" classname="AshenThrone.Tests.Economy.QuestEngineTests" runstate="Runnable" seed="1044585124" result="Passed" start-time="2026-03-07 23:06:44Z" end-time="2026-03-07 23:06:44Z" duration="0.000122" asserts="0">
                <properties>
                  <property name="retryIteration" value="0" />
                  <property name="repeatIteration" value="0" />
                </properties>
              </test-case>
              <test-case id="1124" name="RecordProgress_NoContextTag_MatchesAny" fullname="AshenThrone.Tests.Economy.QuestEngineTests.RecordProgress_NoContextTag_MatchesAny" methodname="RecordProgress_NoContextTag_MatchesAny" classname="AshenThrone.Tests.Economy.QuestEngineTests" runstate="Runnable" seed="383109083" result="Passed" start-time="2026-03-07 23:06:44Z" end-time="2026-03-07 23:06:44Z" duration="0.000122" asserts="0">
                <properties>
                  <property name="retryIteration" value="0" />
                  <property name="repeatIteration" value="0" />
                </properties>
              </test-case>
            </test-suite>
          </test-suite>
          <test-suite type="TestSuite" id="1300" name="Empire" fullname="AshenThrone.Tests.Empire" runstate="Runnable" testcasecount="52" result="Failed" site="Child" start-time="2026-03-07 23:06:44Z" end-time="2026-03-07 23:06:44Z" duration="0.022102" total="52" passed="30" failed="22" inconclusive="0" skipped="0" asserts="0">
            <properties />
            <failure>
              <message><![CDATA[One or more child tests had errors]]></message>
            </failure>
            <test-suite type="TestFixture" id="1001" name="BuildingManagerTests" fullname="AshenThrone.Tests.Empire.BuildingManagerTests" classname="AshenThrone.Tests.Empire.BuildingManagerTests" runstate="Runnable" testcasecount="17" result="Failed" site="Child" start-time="2026-03-07 23:06:44Z" end-time="2026-03-07 23:06:44Z" duration="0.006524" total="17" passed="3" failed="14" inconclusive="0" skipped="0" asserts="0">
              <properties />
              <failure>
                <message><![CDATA[One or more child tests had errors]]></message>
              </failure>
              <test-case id="1017" name="ApplySpeedup_ClampsToZero" fullname="AshenThrone.Tests.Empire.BuildingManagerTests.ApplySpeedup_ClampsToZero" methodname="ApplySpeedup_ClampsToZero" classname="AshenThrone.Tests.Empire.BuildingManagerTests" runstate="Runnable" seed="438289378" result="Failed" label="Error" start-time="2026-03-07 23:06:44Z" end-time="2026-03-07 23:06:44Z" duration="0.001075" asserts="0">
                <properties>
                  <property name="retryIteration" value="0" />
                  <property name="repeatIteration" value="0" />
                </properties>
                <failure>
                  <message><![CDATA[System.NullReferenceException : Object reference not set to an instance of an object]]></message>
                  <stack-trace><![CDATA[  at AshenThrone.Empire.BuildingManager.PlaceBuilding (AshenThrone.Data.BuildingData data, UnityEngine.Vector2Int gridPosition) [0x0003b] in /Users/tomterhune/ashen-throne/game/Assets/Scripts/Empire/BuildingManager.cs:61 
  at AshenThrone.Tests.Empire.BuildingManagerTests.ApplySpeedup_ClampsToZero () [0x0000e] in /Users/tomterhune/ashen-throne/game/Assets/Scripts/Tests/Empire/BuildingManagerTests.cs:262 
  at (wrapper managed-to-native) System.Reflection.RuntimeMethodInfo.InternalInvoke(System.Reflection.RuntimeMethodInfo,object,object[],System.Exception&)
  at System.Reflection.RuntimeMethodInfo.Invoke (System.Object obj, System.Reflection.BindingFlags invokeAttr, System.Reflection.Binder binder, System.Object[] parameters, System.Globalization.CultureInfo culture) [0x0006a] in <c5eeda5e65d44b388e164c6c5cfe0702>:0 ]]></stack-trace>
                </failure>
              </test-case>
              <test-case id="1018" name="ApplySpeedup_DoesNotThrow_WhenBuildingNotInQueue" fullname="AshenThrone.Tests.Empire.BuildingManagerTests.ApplySpeedup_DoesNotThrow_WhenBuildingNotInQueue" methodname="ApplySpeedup_DoesNotThrow_WhenBuildingNotInQueue" classname="AshenThrone.Tests.Empire.BuildingManagerTests" runstate="Runnable" seed="1593194883" result="Passed" start-time="2026-03-07 23:06:44Z" end-time="2026-03-07 23:06:44Z" duration="0.000210" asserts="0">
                <properties>
                  <property name="retryIteration" value="0" />
                  <property name="repeatIteration" value="0" />
                </properties>
              </test-case>
              <test-case id="1016" name="ApplySpeedup_ReducesRemainingTime" fullname="AshenThrone.Tests.Empire.BuildingManagerTests.ApplySpeedup_ReducesRemainingTime" methodname="ApplySpeedup_ReducesRemainingTime" classname="AshenThrone.Tests.Empire.BuildingManagerTests" runstate="Runnable" seed="2086662190" result="Failed" label="Error" start-time="2026-03-07 23:06:44Z" end-time="2026-03-07 23:06:44Z" duration="0.000203" asserts="0">
                <properties>
                  <property name="retryIteration" value="0" />
                  <property name="repeatIteration" value="0" />
                </properties>
                <failure>
                  <message><![CDATA[System.NullReferenceException : Object reference not set to an instance of an object]]></message>
                  <stack-trace><![CDATA[  at AshenThrone.Empire.BuildingManager.PlaceBuilding (AshenThrone.Data.BuildingData data, UnityEngine.Vector2Int gridPosition) [0x0003b] in /Users/tomterhune/ashen-throne/game/Assets/Scripts/Empire/BuildingManager.cs:61 
  at AshenThrone.Tests.Empire.BuildingManagerTests.ApplySpeedup_ReducesRemainingTime () [0x0000e] in /Users/tomterhune/ashen-throne/game/Assets/Scripts/Tests/Empire/BuildingManagerTests.cs:251 
  at (wrapper managed-to-native) System.Reflection.RuntimeMethodInfo.InternalInvoke(System.Reflection.RuntimeMethodInfo,object,object[],System.Exception&)
  at System.Reflection.RuntimeMethodInfo.Invoke (System.Object obj, System.Reflection.BindingFlags invokeAttr, System.Reflection.Binder binder, System.Object[] parameters, System.Globalization.CultureInfo culture) [0x0006a] in <c5eeda5e65d44b388e164c6c5cfe0702>:0 ]]></stack-trace>
                </failure>
              </test-case>
              <test-case id="1004" name="PlaceBuilding_AddsToPlacedBuildings_WhenSuccessful" fullname="AshenThrone.Tests.Empire.BuildingManagerTests.PlaceBuilding_AddsToPlacedBuildings_WhenSuccessful" methodname="PlaceBuilding_AddsToPlacedBuildings_WhenSuccessful" classname="AshenThrone.Tests.Empire.BuildingManagerTests" runstate="Runnable" seed="1409394268" result="Failed" label="Error" start-time="2026-03-07 23:06:44Z" end-time="2026-03-07 23:06:44Z" duration="0.000216" asserts="0">
                <properties>
                  <property name="retryIteration" value="0" />
                  <property name="repeatIteration" value="0" />
                </properties>
                <failure>
                  <message><![CDATA[System.NullReferenceException : Object reference not set to an instance of an object]]></message>
                  <stack-trace><![CDATA[  at AshenThrone.Empire.BuildingManager.PlaceBuilding (AshenThrone.Data.BuildingData data, UnityEngine.Vector2Int gridPosition) [0x0003b] in /Users/tomterhune/ashen-throne/game/Assets/Scripts/Empire/BuildingManager.cs:61 
  at AshenThrone.Tests.Empire.BuildingManagerTests.PlaceBuilding_AddsToPlacedBuildings_WhenSuccessful () [0x0000e] in /Users/tomterhune/ashen-throne/game/Assets/Scripts/Tests/Empire/BuildingManagerTests.cs:120 
  at (wrapper managed-to-native) System.Reflection.RuntimeMethodInfo.InternalInvoke(System.Reflection.RuntimeMethodInfo,object,object[],System.Exception&)
  at System.Reflection.RuntimeMethodInfo.Invoke (System.Object obj, System.Reflection.BindingFlags invokeAttr, System.Reflection.Binder binder, System.Object[] parameters, System.Globalization.CultureInfo culture) [0x0006a] in <c5eeda5e65d44b388e164c6c5cfe0702>:0 ]]></stack-trace>
                </failure>
              </test-case>
              <test-case id="1005" name="PlaceBuilding_DeductsResources_WhenSuccessful" fullname="AshenThrone.Tests.Empire.BuildingManagerTests.PlaceBuilding_DeductsResources_WhenSuccessful" methodname="PlaceBuilding_DeductsResources_WhenSuccessful" classname="AshenThrone.Tests.Empire.BuildingManagerTests" runstate="Runnable" seed="1058812254" result="Failed" label="Error" start-time="2026-03-07 23:06:44Z" end-time="2026-03-07 23:06:44Z" duration="0.000174" asserts="0">
                <properties>
                  <property name="retryIteration" value="0" />
                  <property name="repeatIteration" value="0" />
                </properties>
                <failure>
                  <message><![CDATA[System.NullReferenceException : Object reference not set to an instance of an object]]></message>
                  <stack-trace><![CDATA[  at AshenThrone.Empire.BuildingManager.PlaceBuilding (AshenThrone.Data.BuildingData data, UnityEngine.Vector2Int gridPosition) [0x0003b] in /Users/tomterhune/ashen-throne/game/Assets/Scripts/Empire/BuildingManager.cs:61 
  at AshenThrone.Tests.Empire.BuildingManagerTests.PlaceBuilding_DeductsResources_WhenSuccessful () [0x0001a] in /Users/tomterhune/ashen-throne/game/Assets/Scripts/Tests/Empire/BuildingManagerTests.cs:129 
  at (wrapper managed-to-native) System.Reflection.RuntimeMethodInfo.InternalInvoke(System.Reflection.RuntimeMethodInfo,object,object[],System.Exception&)
  at System.Reflection.RuntimeMethodInfo.Invoke (System.Object obj, System.Reflection.BindingFlags invokeAttr, System.Reflection.Binder binder, System.Object[] parameters, System.Globalization.CultureInfo culture) [0x0006a] in <c5eeda5e65d44b388e164c6c5cfe0702>:0 ]]></stack-trace>
                </failure>
              </test-case>
              <test-case id="1007" name="PlaceBuilding_FiresOnBuildingPlacedEvent" fullname="AshenThrone.Tests.Empire.BuildingManagerTests.PlaceBuilding_FiresOnBuildingPlacedEvent" methodname="PlaceBuilding_FiresOnBuildingPlacedEvent" classname="AshenThrone.Tests.Empire.BuildingManagerTests" runstate="Runnable" seed="264730834" result="Failed" label="Error" start-time="2026-03-07 23:06:44Z" end-time="2026-03-07 23:06:44Z" duration="0.000287" asserts="0">
                <properties>
                  <property name="retryIteration" value="0" />
                  <property name="repeatIteration" value="0" />
                </properties>
                <failure>
                  <message><![CDATA[System.NullReferenceException : Object reference not set to an instance of an object]]></message>
                  <stack-trace><![CDATA[  at AshenThrone.Empire.BuildingManager.PlaceBuilding (AshenThrone.Data.BuildingData data, UnityEngine.Vector2Int gridPosition) [0x0003b] in /Users/tomterhune/ashen-throne/game/Assets/Scripts/Empire/BuildingManager.cs:61 
  at AshenThrone.Tests.Empire.BuildingManagerTests.PlaceBuilding_FiresOnBuildingPlacedEvent () [0x00024] in /Users/tomterhune/ashen-throne/game/Assets/Scripts/Tests/Empire/BuildingManagerTests.cs:147 
  at (wrapper managed-to-native) System.Reflection.RuntimeMethodInfo.InternalInvoke(System.Reflection.RuntimeMethodInfo,object,object[],System.Exception&)
  at System.Reflection.RuntimeMethodInfo.Invoke (System.Object obj, System.Reflection.BindingFlags invokeAttr, System.Reflection.Binder binder, System.Object[] parameters, System.Globalization.CultureInfo culture) [0x0006a] in <c5eeda5e65d44b388e164c6c5cfe0702>:0 ]]></stack-trace>
                </failure>
              </test-case>
              <test-case id="1006" name="PlaceBuilding_ReturnsNull_WhenUniqueAndAlreadyBuilt" fullname="AshenThrone.Tests.Empire.BuildingManagerTests.PlaceBuilding_ReturnsNull_WhenUniqueAndAlreadyBuilt" methodname="PlaceBuilding_ReturnsNull_WhenUniqueAndAlreadyBuilt" classname="AshenThrone.Tests.Empire.BuildingManagerTests" runstate="Runnable" seed="1113837891" result="Failed" label="Error" start-time="2026-03-07 23:06:44Z" end-time="2026-03-07 23:06:44Z" duration="0.000165" asserts="0">
                <properties>
                  <property name="retryIteration" value="0" />
                  <property name="repeatIteration" value="0" />
                </properties>
                <failure>
                  <message><![CDATA[System.NullReferenceException : Object reference not set to an instance of an object]]></message>
                  <stack-trace><![CDATA[  at AshenThrone.Empire.BuildingManager.PlaceBuilding (AshenThrone.Data.BuildingData data, UnityEngine.Vector2Int gridPosition) [0x0003b] in /Users/tomterhune/ashen-throne/game/Assets/Scripts/Empire/BuildingManager.cs:61 
  at AshenThrone.Tests.Empire.BuildingManagerTests.PlaceBuilding_ReturnsNull_WhenUniqueAndAlreadyBuilt () [0x0000e] in /Users/tomterhune/ashen-throne/game/Assets/Scripts/Tests/Empire/BuildingManagerTests.cs:137 
  at (wrapper managed-to-native) System.Reflection.RuntimeMethodInfo.InternalInvoke(System.Reflection.RuntimeMethodInfo,object,object[],System.Exception&)
  at System.Reflection.RuntimeMethodInfo.Invoke (System.Object obj, System.Reflection.BindingFlags invokeAttr, System.Reflection.Binder binder, System.Object[] parameters, System.Globalization.CultureInfo culture) [0x0006a] in <c5eeda5e65d44b388e164c6c5cfe0702>:0 ]]></stack-trace>
                </failure>
              </test-case>
              <test-case id="1003" name="PlaceBuilding_ReturnsPlacedId_WhenSuccessful" fullname="AshenThrone.Tests.Empire.BuildingManagerTests.PlaceBuilding_ReturnsPlacedId_WhenSuccessful" methodname="PlaceBuilding_ReturnsPlacedId_WhenSuccessful" classname="AshenThrone.Tests.Empire.BuildingManagerTests" runstate="Runnable" seed="843836069" result="Failed" label="Error" start-time="2026-03-07 23:06:44Z" end-time="2026-03-07 23:06:44Z" duration="0.000179" asserts="0">
                <properties>
                  <property name="retryIteration" value="0" />
                  <property name="repeatIteration" value="0" />
                </properties>
                <failure>
                  <message><![CDATA[System.NullReferenceException : Object reference not set to an instance of an object]]></message>
                  <stack-trace><![CDATA[  at AshenThrone.Empire.BuildingManager.PlaceBuilding (AshenThrone.Data.BuildingData data, UnityEngine.Vector2Int gridPosition) [0x0003b] in /Users/tomterhune/ashen-throne/game/Assets/Scripts/Empire/BuildingManager.cs:61 
  at AshenThrone.Tests.Empire.BuildingManagerTests.PlaceBuilding_ReturnsPlacedId_WhenSuccessful () [0x0000e] in /Users/tomterhune/ashen-throne/game/Assets/Scripts/Tests/Empire/BuildingManagerTests.cs:111 
  at (wrapper managed-to-native) System.Reflection.RuntimeMethodInfo.InternalInvoke(System.Reflection.RuntimeMethodInfo,object,object[],System.Exception&)
  at System.Reflection.RuntimeMethodInfo.Invoke (System.Object obj, System.Reflection.BindingFlags invokeAttr, System.Reflection.Binder binder, System.Object[] parameters, System.Globalization.CultureInfo culture) [0x0006a] in <c5eeda5e65d44b388e164c6c5cfe0702>:0 ]]></stack-trace>
                </failure>
              </test-case>
              <test-case id="1002" name="PlaceBuilding_ThrowsArgumentNullException_WhenDataIsNull" fullname="AshenThrone.Tests.Empire.BuildingManagerTests.PlaceBuilding_ThrowsArgumentNullException_WhenDataIsNull" methodname="PlaceBuilding_ThrowsArgumentNullException_WhenDataIsNull" classname="AshenThrone.Tests.Empire.BuildingManagerTests" runstate="Runnable" seed="1912197810" result="Passed" start-time="2026-03-07 23:06:44Z" end-time="2026-03-07 23:06:44Z" duration="0.000178" asserts="0">
                <properties>
                  <property name="retryIteration" value="0" />
                  <property name="repeatIteration" value="0" />
                </properties>
              </test-case>
              <test-case id="1010" name="StartUpgrade_AddsToQueue_WhenSuccessful" fullname="AshenThrone.Tests.Empire.BuildingManagerTests.StartUpgrade_AddsToQueue_WhenSuccessful" methodname="StartUpgrade_AddsToQueue_WhenSuccessful" classname="AshenThrone.Tests.Empire.BuildingManagerTests" runstate="Runnable" seed="2038202634" result="Failed" label="Error" start-time="2026-03-07 23:06:44Z" end-time="2026-03-07 23:06:44Z" duration="0.000175" asserts="0">
                <properties>
                  <property name="retryIteration" value="0" />
                  <property name="repeatIteration" value="0" />
                </properties>
                <failure>
                  <message><![CDATA[System.NullReferenceException : Object reference not set to an instance of an object]]></message>
                  <stack-trace><![CDATA[  at AshenThrone.Empire.BuildingManager.PlaceBuilding (AshenThrone.Data.BuildingData data, UnityEngine.Vector2Int gridPosition) [0x0003b] in /Users/tomterhune/ashen-throne/game/Assets/Scripts/Empire/BuildingManager.cs:61 
  at AshenThrone.Tests.Empire.BuildingManagerTests.StartUpgrade_AddsToQueue_WhenSuccessful () [0x0000e] in /Users/tomterhune/ashen-throne/game/Assets/Scripts/Tests/Empire/BuildingManagerTests.cs:171 
  at (wrapper managed-to-native) System.Reflection.RuntimeMethodInfo.InternalInvoke(System.Reflection.RuntimeMethodInfo,object,object[],System.Exception&)
  at System.Reflection.RuntimeMethodInfo.Invoke (System.Object obj, System.Reflection.BindingFlags invokeAttr, System.Reflection.Binder binder, System.Object[] parameters, System.Globalization.CultureInfo culture) [0x0006a] in <c5eeda5e65d44b388e164c6c5cfe0702>:0 ]]></stack-trace>
                </failure>
              </test-case>
              <test-case id="1014" name="StartUpgrade_ClampsTimerToMaxBuildTimeOther_ForNonCoreBuildings" fullname="AshenThrone.Tests.Empire.BuildingManagerTests.StartUpgrade_ClampsTimerToMaxBuildTimeOther_ForNonCoreBuildings" methodname="StartUpgrade_ClampsTimerToMaxBuildTimeOther_ForNonCoreBuildings" classname="AshenThrone.Tests.Empire.BuildingManagerTests" runstate="Runnable" seed="2058483037" result="Failed" label="Error" start-time="2026-03-07 23:06:44Z" end-time="2026-03-07 23:06:44Z" duration="0.000206" asserts="0">
                <properties>
                  <property name="retryIteration" value="0" />
                  <property name="repeatIteration" value="0" />
                </properties>
                <failure>
                  <message><![CDATA[System.NullReferenceException : Object reference not set to an instance of an object]]></message>
                  <stack-trace><![CDATA[  at AshenThrone.Empire.BuildingManager.PlaceBuilding (AshenThrone.Data.BuildingData data, UnityEngine.Vector2Int gridPosition) [0x0003b] in /Users/tomterhune/ashen-throne/game/Assets/Scripts/Empire/BuildingManager.cs:61 
  at AshenThrone.Tests.Empire.BuildingManagerTests.StartUpgrade_ClampsTimerToMaxBuildTimeOther_ForNonCoreBuildings () [0x0005b] in /Users/tomterhune/ashen-throne/game/Assets/Scripts/Tests/Empire/BuildingManagerTests.cs:223 
  at (wrapper managed-to-native) System.Reflection.RuntimeMethodInfo.InternalInvoke(System.Reflection.RuntimeMethodInfo,object,object[],System.Exception&)
  at System.Reflection.RuntimeMethodInfo.Invoke (System.Object obj, System.Reflection.BindingFlags invokeAttr, System.Reflection.Binder binder, System.Object[] parameters, System.Globalization.CultureInfo culture) [0x0006a] in <c5eeda5e65d44b388e164c6c5cfe0702>:0 ]]></stack-trace>
                </failure>
              </test-case>
              <test-case id="1015" name="StartUpgrade_ClampsTimerToMaxBuildTimeStronghold_ForCoreBuildings" fullname="AshenThrone.Tests.Empire.BuildingManagerTests.StartUpgrade_ClampsTimerToMaxBuildTimeStronghold_ForCoreBuildings" methodname="StartUpgrade_ClampsTimerToMaxBuildTimeStronghold_ForCoreBuildings" classname="AshenThrone.Tests.Empire.BuildingManagerTests" runstate="Runnable" seed="196260039" result="Failed" label="Error" start-time="2026-03-07 23:06:44Z" end-time="2026-03-07 23:06:44Z" duration="0.000182" asserts="0">
                <properties>
                  <property name="retryIteration" value="0" />
                  <property name="repeatIteration" value="0" />
                </properties>
                <failure>
                  <message><![CDATA[System.NullReferenceException : Object reference not set to an instance of an object]]></message>
                  <stack-trace><![CDATA[  at AshenThrone.Empire.BuildingManager.PlaceBuilding (AshenThrone.Data.BuildingData data, UnityEngine.Vector2Int gridPosition) [0x0003b] in /Users/tomterhune/ashen-throne/game/Assets/Scripts/Empire/BuildingManager.cs:61 
  at AshenThrone.Tests.Empire.BuildingManagerTests.StartUpgrade_ClampsTimerToMaxBuildTimeStronghold_ForCoreBuildings () [0x00050] in /Users/tomterhune/ashen-throne/game/Assets/Scripts/Tests/Empire/BuildingManagerTests.cs:239 
  at (wrapper managed-to-native) System.Reflection.RuntimeMethodInfo.InternalInvoke(System.Reflection.RuntimeMethodInfo,object,object[],System.Exception&)
  at System.Reflection.RuntimeMethodInfo.Invoke (System.Object obj, System.Reflection.BindingFlags invokeAttr, System.Reflection.Binder binder, System.Object[] parameters, System.Globalization.CultureInfo culture) [0x0006a] in <c5eeda5e65d44b388e164c6c5cfe0702>:0 ]]></stack-trace>
                </failure>
              </test-case>
              <test-case id="1011" name="StartUpgrade_ReturnsFalse_WhenAlreadyInQueue" fullname="AshenThrone.Tests.Empire.BuildingManagerTests.StartUpgrade_ReturnsFalse_WhenAlreadyInQueue" methodname="StartUpgrade_ReturnsFalse_WhenAlreadyInQueue" classname="AshenThrone.Tests.Empire.BuildingManagerTests" runstate="Runnable" seed="874177874" result="Failed" label="Error" start-time="2026-03-07 23:06:44Z" end-time="2026-03-07 23:06:44Z" duration="0.000157" asserts="0">
                <properties>
                  <property name="retryIteration" value="0" />
                  <property name="repeatIteration" value="0" />
                </properties>
                <failure>
                  <message><![CDATA[System.NullReferenceException : Object reference not set to an instance of an object]]></message>
                  <stack-trace><![CDATA[  at AshenThrone.Empire.BuildingManager.PlaceBuilding (AshenThrone.Data.BuildingData data, UnityEngine.Vector2Int gridPosition) [0x0003b] in /Users/tomterhune/ashen-throne/game/Assets/Scripts/Empire/BuildingManager.cs:61 
  at AshenThrone.Tests.Empire.BuildingManagerTests.StartUpgrade_ReturnsFalse_WhenAlreadyInQueue () [0x0000e] in /Users/tomterhune/ashen-throne/game/Assets/Scripts/Tests/Empire/BuildingManagerTests.cs:180 
  at (wrapper managed-to-native) System.Reflection.RuntimeMethodInfo.InternalInvoke(System.Reflection.RuntimeMethodInfo,object,object[],System.Exception&)
  at System.Reflection.RuntimeMethodInfo.Invoke (System.Object obj, System.Reflection.BindingFlags invokeAttr, System.Reflection.Binder binder, System.Object[] parameters, System.Globalization.CultureInfo culture) [0x0006a] in <c5eeda5e65d44b388e164c6c5cfe0702>:0 ]]></stack-trace>
                </failure>
              </test-case>
              <test-case id="1013" name="StartUpgrade_ReturnsFalse_WhenBuildingAtMaxTier" fullname="AshenThrone.Tests.Empire.BuildingManagerTests.StartUpgrade_ReturnsFalse_WhenBuildingAtMaxTier" methodname="StartUpgrade_ReturnsFalse_WhenBuildingAtMaxTier" classname="AshenThrone.Tests.Empire.BuildingManagerTests" runstate="Runnable" seed="1873697223" result="Failed" label="Error" start-time="2026-03-07 23:06:44Z" end-time="2026-03-07 23:06:44Z" duration="0.000165" asserts="0">
                <properties>
                  <property name="retryIteration" value="0" />
                  <property name="repeatIteration" value="0" />
                </properties>
                <failure>
                  <message><![CDATA[System.NullReferenceException : Object reference not set to an instance of an object]]></message>
                  <stack-trace><![CDATA[  at AshenThrone.Empire.BuildingManager.PlaceBuilding (AshenThrone.Data.BuildingData data, UnityEngine.Vector2Int gridPosition) [0x0003b] in /Users/tomterhune/ashen-throne/game/Assets/Scripts/Empire/BuildingManager.cs:61 
  at AshenThrone.Tests.Empire.BuildingManagerTests.StartUpgrade_ReturnsFalse_WhenBuildingAtMaxTier () [0x0000e] in /Users/tomterhune/ashen-throne/game/Assets/Scripts/Tests/Empire/BuildingManagerTests.cs:205 
  at (wrapper managed-to-native) System.Reflection.RuntimeMethodInfo.InternalInvoke(System.Reflection.RuntimeMethodInfo,object,object[],System.Exception&)
  at System.Reflection.RuntimeMethodInfo.Invoke (System.Object obj, System.Reflection.BindingFlags invokeAttr, System.Reflection.Binder binder, System.Object[] parameters, System.Globalization.CultureInfo culture) [0x0006a] in <c5eeda5e65d44b388e164c6c5cfe0702>:0 ]]></stack-trace>
                </failure>
              </test-case>
              <test-case id="1008" name="StartUpgrade_ReturnsFalse_WhenPlacedIdNotFound" fullname="AshenThrone.Tests.Empire.BuildingManagerTests.StartUpgrade_ReturnsFalse_WhenPlacedIdNotFound" methodname="StartUpgrade_ReturnsFalse_WhenPlacedIdNotFound" classname="AshenThrone.Tests.Empire.BuildingManagerTests" runstate="Runnable" seed="1470368666" result="Passed" start-time="2026-03-07 23:06:44Z" end-time="2026-03-07 23:06:44Z" duration="0.000747" asserts="0">
                <properties>
                  <property name="retryIteration" value="0" />
                  <property name="repeatIteration" value="0" />
                </properties>
                <output><![CDATA[[BuildingManager] StartUpgrade: building nonexistent_id not found.
[BuildingManager] StartUpgrade: building nonexistent_id not found.
]]></output>
              </test-case>
              <test-case id="1012" name="StartUpgrade_ReturnsFalse_WhenQueueFull" fullname="AshenThrone.Tests.Empire.BuildingManagerTests.StartUpgrade_ReturnsFalse_WhenQueueFull" methodname="StartUpgrade_ReturnsFalse_WhenQueueFull" classname="AshenThrone.Tests.Empire.BuildingManagerTests" runstate="Runnable" seed="2092771008" result="Failed" label="Error" start-time="2026-03-07 23:06:44Z" end-time="2026-03-07 23:06:44Z" duration="0.000449" asserts="0">
                <properties>
                  <property name="retryIteration" value="0" />
                  <property name="repeatIteration" value="0" />
                </properties>
                <failure>
                  <message><![CDATA[System.NullReferenceException : Object reference not set to an instance of an object]]></message>
                  <stack-trace><![CDATA[  at AshenThrone.Empire.BuildingManager.PlaceBuilding (AshenThrone.Data.BuildingData data, UnityEngine.Vector2Int gridPosition) [0x0003b] in /Users/tomterhune/ashen-throne/game/Assets/Scripts/Empire/BuildingManager.cs:61 
  at AshenThrone.Tests.Empire.BuildingManagerTests.StartUpgrade_ReturnsFalse_WhenQueueFull () [0x0002a] in /Users/tomterhune/ashen-throne/game/Assets/Scripts/Tests/Empire/BuildingManagerTests.cs:192 
  at (wrapper managed-to-native) System.Reflection.RuntimeMethodInfo.InternalInvoke(System.Reflection.RuntimeMethodInfo,object,object[],System.Exception&)
  at System.Reflection.RuntimeMethodInfo.Invoke (System.Object obj, System.Reflection.BindingFlags invokeAttr, System.Reflection.Binder binder, System.Object[] parameters, System.Globalization.CultureInfo culture) [0x0006a] in <c5eeda5e65d44b388e164c6c5cfe0702>:0 ]]></stack-trace>
                </failure>
              </test-case>
              <test-case id="1009" name="StartUpgrade_ReturnsTrue_WhenValidAndResourcesAvailable" fullname="AshenThrone.Tests.Empire.BuildingManagerTests.StartUpgrade_ReturnsTrue_WhenValidAndResourcesAvailable" methodname="StartUpgrade_ReturnsTrue_WhenValidAndResourcesAvailable" classname="AshenThrone.Tests.Empire.BuildingManagerTests" runstate="Runnable" seed="1252324063" result="Failed" label="Error" start-time="2026-03-07 23:06:44Z" end-time="2026-03-07 23:06:44Z" duration="0.000268" asserts="0">
                <properties>
                  <property name="retryIteration" value="0" />
                  <property name="repeatIteration" value="0" />
                </properties>
                <failure>
                  <message><![CDATA[System.NullReferenceException : Object reference not set to an instance of an object]]></message>
                  <stack-trace><![CDATA[  at AshenThrone.Empire.BuildingManager.PlaceBuilding (AshenThrone.Data.BuildingData data, UnityEngine.Vector2Int gridPosition) [0x0003b] in /Users/tomterhune/ashen-throne/game/Assets/Scripts/Empire/BuildingManager.cs:61 
  at AshenThrone.Tests.Empire.BuildingManagerTests.StartUpgrade_ReturnsTrue_WhenValidAndResourcesAvailable () [0x0000e] in /Users/tomterhune/ashen-throne/game/Assets/Scripts/Tests/Empire/BuildingManagerTests.cs:163 
  at (wrapper managed-to-native) System.Reflection.RuntimeMethodInfo.InternalInvoke(System.Reflection.RuntimeMethodInfo,object,object[],System.Exception&)
  at System.Reflection.RuntimeMethodInfo.Invoke (System.Object obj, System.Reflection.BindingFlags invokeAttr, System.Reflection.Binder binder, System.Object[] parameters, System.Globalization.CultureInfo culture) [0x0006a] in <c5eeda5e65d44b388e164c6c5cfe0702>:0 ]]></stack-trace>
                </failure>
              </test-case>
            </test-suite>
            <test-suite type="TestFixture" id="1019" name="ResearchManagerTests" fullname="AshenThrone.Tests.Empire.ResearchManagerTests" classname="AshenThrone.Tests.Empire.ResearchManagerTests" runstate="Runnable" testcasecount="20" result="Failed" site="Child" start-time="2026-03-07 23:06:44Z" end-time="2026-03-07 23:06:44Z" duration="0.010453" total="20" passed="12" failed="8" inconclusive="0" skipped="0" asserts="0">
              <properties />
              <failure>
                <message><![CDATA[One or more child tests had errors]]></message>
              </failure>
              <test-case id="1033" name="ApplySpeedup_ClampsToZero_WhenSpeedupExceedsRemaining" fullname="AshenThrone.Tests.Empire.ResearchManagerTests.ApplySpeedup_ClampsToZero_WhenSpeedupExceedsRemaining" methodname="ApplySpeedup_ClampsToZero_WhenSpeedupExceedsRemaining" classname="AshenThrone.Tests.Empire.ResearchManagerTests" runstate="Runnable" seed="1381229848" result="Failed" label="Error" start-time="2026-03-07 23:06:44Z" end-time="2026-03-07 23:06:44Z" duration="0.002505" asserts="0">
                <properties>
                  <property name="retryIteration" value="0" />
                  <property name="repeatIteration" value="0" />
                </properties>
                <failure>
                  <message><![CDATA[System.ArgumentOutOfRangeException : Index was out of range. Must be non-negative and less than the size of the collection.
Parameter name: index]]></message>
                  <stack-trace><![CDATA[  at System.Collections.Generic.List`1[T].get_Item (System.Int32 index) [0x00009] in <c5eeda5e65d44b388e164c6c5cfe0702>:0 
  at AshenThrone.Tests.Empire.ResearchManagerTests.ApplySpeedup_ClampsToZero_WhenSpeedupExceedsRemaining () [0x00021] in /Users/tomterhune/ashen-throne/game/Assets/Scripts/Tests/Empire/ResearchManagerTests.cs:228 
  at (wrapper managed-to-native) System.Reflection.RuntimeMethodInfo.InternalInvoke(System.Reflection.RuntimeMethodInfo,object,object[],System.Exception&)
  at System.Reflection.RuntimeMethodInfo.Invoke (System.Object obj, System.Reflection.BindingFlags invokeAttr, System.Reflection.Binder binder, System.Object[] parameters, System.Globalization.CultureInfo culture) [0x0006a] in <c5eeda5e65d44b388e164c6c5cfe0702>:0 ]]></stack-trace>
                </failure>
              </test-case>
              <test-case id="1034" name="ApplySpeedup_DoesNotThrow_WhenQueueEmpty" fullname="AshenThrone.Tests.Empire.ResearchManagerTests.ApplySpeedup_DoesNotThrow_WhenQueueEmpty" methodname="ApplySpeedup_DoesNotThrow_WhenQueueEmpty" classname="AshenThrone.Tests.Empire.ResearchManagerTests" runstate="Runnable" seed="1760156817" result="Passed" start-time="2026-03-07 23:06:44Z" end-time="2026-03-07 23:06:44Z" duration="0.000194" asserts="0">
                <properties>
                  <property name="retryIteration" value="0" />
                  <property name="repeatIteration" value="0" />
                </properties>
              </test-case>
              <test-case id="1032" name="ApplySpeedup_ReducesRemainingTime" fullname="AshenThrone.Tests.Empire.ResearchManagerTests.ApplySpeedup_ReducesRemainingTime" methodname="ApplySpeedup_ReducesRemainingTime" classname="AshenThrone.Tests.Empire.ResearchManagerTests" runstate="Runnable" seed="1503955036" result="Failed" label="Error" start-time="2026-03-07 23:06:44Z" end-time="2026-03-07 23:06:44Z" duration="0.000240" asserts="0">
                <properties>
                  <property name="retryIteration" value="0" />
                  <property name="repeatIteration" value="0" />
                </properties>
                <failure>
                  <message><![CDATA[System.ArgumentOutOfRangeException : Index was out of range. Must be non-negative and less than the size of the collection.
Parameter name: index]]></message>
                  <stack-trace><![CDATA[  at System.Collections.Generic.List`1[T].get_Item (System.Int32 index) [0x00009] in <c5eeda5e65d44b388e164c6c5cfe0702>:0 
  at AshenThrone.Tests.Empire.ResearchManagerTests.ApplySpeedup_ReducesRemainingTime () [0x00011] in /Users/tomterhune/ashen-throne/game/Assets/Scripts/Tests/Empire/ResearchManagerTests.cs:218 
  at (wrapper managed-to-native) System.Reflection.RuntimeMethodInfo.InternalInvoke(System.Reflection.RuntimeMethodInfo,object,object[],System.Exception&)
  at System.Reflection.RuntimeMethodInfo.Invoke (System.Object obj, System.Reflection.BindingFlags invokeAttr, System.Reflection.Binder binder, System.Object[] parameters, System.Globalization.CultureInfo culture) [0x0006a] in <c5eeda5e65d44b388e164c6c5cfe0702>:0 ]]></stack-trace>
                </failure>
              </test-case>
              <test-case id="1036" name="CompleteResearch_AppliesEffects_ToBonusState" fullname="AshenThrone.Tests.Empire.ResearchManagerTests.CompleteResearch_AppliesEffects_ToBonusState" methodname="CompleteResearch_AppliesEffects_ToBonusState" classname="AshenThrone.Tests.Empire.ResearchManagerTests" runstate="Runnable" seed="2046738751" result="Failed" start-time="2026-03-07 23:06:44Z" end-time="2026-03-07 23:06:44Z" duration="0.000912" asserts="0">
                <properties>
                  <property name="retryIteration" value="0" />
                  <property name="repeatIteration" value="0" />
                </properties>
                <failure>
                  <message><![CDATA[  Expected: 10.0d +/- 0.0010000000474974513d
  But was:  0.0d
]]></message>
                  <stack-trace><![CDATA[at AshenThrone.Tests.Empire.ResearchManagerTests.CompleteResearch_AppliesEffects_ToBonusState () [0x00031] in /Users/tomterhune/ashen-throne/game/Assets/Scripts/Tests/Empire/ResearchManagerTests.cs:261
]]></stack-trace>
                </failure>
              </test-case>
              <test-case id="1035" name="CompleteResearch_FiresOnResearchCompleted_AndAddsToCompletedSet" fullname="AshenThrone.Tests.Empire.ResearchManagerTests.CompleteResearch_FiresOnResearchCompleted_AndAddsToCompletedSet" methodname="CompleteResearch_FiresOnResearchCompleted_AndAddsToCompletedSet" classname="AshenThrone.Tests.Empire.ResearchManagerTests" runstate="Runnable" seed="1859993589" result="Failed" start-time="2026-03-07 23:06:44Z" end-time="2026-03-07 23:06:44Z" duration="0.000336" asserts="0">
                <properties>
                  <property name="retryIteration" value="0" />
                  <property name="repeatIteration" value="0" />
                </properties>
                <failure>
                  <message><![CDATA[  Expected: "node_c"
  But was:  null
]]></message>
                  <stack-trace><![CDATA[at AshenThrone.Tests.Empire.ResearchManagerTests.CompleteResearch_FiresOnResearchCompleted_AndAddsToCompletedSet () [0x00055] in /Users/tomterhune/ashen-throne/game/Assets/Scripts/Tests/Empire/ResearchManagerTests.cs:250
]]></stack-trace>
                </failure>
              </test-case>
              <test-case id="1038" name="HydrateCompletedNodes_AppliesEffects_FromHydratedNodes" fullname="AshenThrone.Tests.Empire.ResearchManagerTests.HydrateCompletedNodes_AppliesEffects_FromHydratedNodes" methodname="HydrateCompletedNodes_AppliesEffects_FromHydratedNodes" classname="AshenThrone.Tests.Empire.ResearchManagerTests" runstate="Runnable" seed="652748181" result="Passed" start-time="2026-03-07 23:06:44Z" end-time="2026-03-07 23:06:44Z" duration="0.000663" asserts="0">
                <properties>
                  <property name="retryIteration" value="0" />
                  <property name="repeatIteration" value="0" />
                </properties>
              </test-case>
              <test-case id="1039" name="HydrateCompletedNodes_DoesNotThrow_WithNullInput" fullname="AshenThrone.Tests.Empire.ResearchManagerTests.HydrateCompletedNodes_DoesNotThrow_WithNullInput" methodname="HydrateCompletedNodes_DoesNotThrow_WithNullInput" classname="AshenThrone.Tests.Empire.ResearchManagerTests" runstate="Runnable" seed="1104316823" result="Passed" start-time="2026-03-07 23:06:44Z" end-time="2026-03-07 23:06:44Z" duration="0.000174" asserts="0">
                <properties>
                  <property name="retryIteration" value="0" />
                  <property name="repeatIteration" value="0" />
                </properties>
              </test-case>
              <test-case id="1037" name="HydrateCompletedNodes_MarksNodesAsCompleted" fullname="AshenThrone.Tests.Empire.ResearchManagerTests.HydrateCompletedNodes_MarksNodesAsCompleted" methodname="HydrateCompletedNodes_MarksNodesAsCompleted" classname="AshenThrone.Tests.Empire.ResearchManagerTests" runstate="Runnable" seed="920528826" result="Passed" start-time="2026-03-07 23:06:44Z" end-time="2026-03-07 23:06:44Z" duration="0.000287" asserts="0">
                <properties>
                  <property name="retryIteration" value="0" />
                  <property name="repeatIteration" value="0" />
                </properties>
              </test-case>
              <test-case id="1031" name="IsAvailable_ReturnsFalse_WhenNodeAlreadyCompleted" fullname="AshenThrone.Tests.Empire.ResearchManagerTests.IsAvailable_ReturnsFalse_WhenNodeAlreadyCompleted" methodname="IsAvailable_ReturnsFalse_WhenNodeAlreadyCompleted" classname="AshenThrone.Tests.Empire.ResearchManagerTests" runstate="Runnable" seed="431813262" result="Passed" start-time="2026-03-07 23:06:44Z" end-time="2026-03-07 23:06:44Z" duration="0.000188" asserts="0">
                <properties>
                  <property name="retryIteration" value="0" />
                  <property name="repeatIteration" value="0" />
                </properties>
              </test-case>
              <test-case id="1029" name="IsAvailable_ReturnsFalse_WhenPrerequisitesMissing" fullname="AshenThrone.Tests.Empire.ResearchManagerTests.IsAvailable_ReturnsFalse_WhenPrerequisitesMissing" methodname="IsAvailable_ReturnsFalse_WhenPrerequisitesMissing" classname="AshenThrone.Tests.Empire.ResearchManagerTests" runstate="Runnable" seed="1670292439" result="Passed" start-time="2026-03-07 23:06:44Z" end-time="2026-03-07 23:06:44Z" duration="0.000130" asserts="0">
                <properties>
                  <property name="retryIteration" value="0" />
                  <property name="repeatIteration" value="0" />
                </properties>
              </test-case>
              <test-case id="1030" name="IsAvailable_ReturnsTrue_WhenPrerequisitesMet" fullname="AshenThrone.Tests.Empire.ResearchManagerTests.IsAvailable_ReturnsTrue_WhenPrerequisitesMet" methodname="IsAvailable_ReturnsTrue_WhenPrerequisitesMet" classname="AshenThrone.Tests.Empire.ResearchManagerTests" runstate="Runnable" seed="1312983066" result="Passed" start-time="2026-03-07 23:06:44Z" end-time="2026-03-07 23:06:44Z" duration="0.000136" asserts="0">
                <properties>
                  <property name="retryIteration" value="0" />
                  <property name="repeatIteration" value="0" />
                </properties>
              </test-case>
              <test-case id="1021" name="StartResearch_AddsToQueue_WhenSuccessful" fullname="AshenThrone.Tests.Empire.ResearchManagerTests.StartResearch_AddsToQueue_WhenSuccessful" methodname="StartResearch_AddsToQueue_WhenSuccessful" classname="AshenThrone.Tests.Empire.ResearchManagerTests" runstate="Runnable" seed="9938122" result="Failed" start-time="2026-03-07 23:06:44Z" end-time="2026-03-07 23:06:44Z" duration="0.000340" asserts="0">
                <properties>
                  <property name="retryIteration" value="0" />
                  <property name="repeatIteration" value="0" />
                </properties>
                <failure>
                  <message><![CDATA[  Expected: 1
  But was:  0
]]></message>
                  <stack-trace><![CDATA[at AshenThrone.Tests.Empire.ResearchManagerTests.StartResearch_AddsToQueue_WhenSuccessful () [0x00011] in /Users/tomterhune/ashen-throne/game/Assets/Scripts/Tests/Empire/ResearchManagerTests.cs:126
]]></stack-trace>
                </failure>
              </test-case>
              <test-case id="1022" name="StartResearch_FiresOnResearchStarted_WhenSuccessful" fullname="AshenThrone.Tests.Empire.ResearchManagerTests.StartResearch_FiresOnResearchStarted_WhenSuccessful" methodname="StartResearch_FiresOnResearchStarted_WhenSuccessful" classname="AshenThrone.Tests.Empire.ResearchManagerTests" runstate="Runnable" seed="895554203" result="Failed" start-time="2026-03-07 23:06:44Z" end-time="2026-03-07 23:06:44Z" duration="0.000267" asserts="0">
                <properties>
                  <property name="retryIteration" value="0" />
                  <property name="repeatIteration" value="0" />
                </properties>
                <failure>
                  <message><![CDATA[  Expected: "node_a"
  But was:  null
]]></message>
                  <stack-trace><![CDATA[at AshenThrone.Tests.Empire.ResearchManagerTests.StartResearch_FiresOnResearchStarted_WhenSuccessful () [0x00035] in /Users/tomterhune/ashen-throne/game/Assets/Scripts/Tests/Empire/ResearchManagerTests.cs:135
]]></stack-trace>
                </failure>
              </test-case>
              <test-case id="1027" name="StartResearch_ReturnsFalse_WhenAlreadyCompleted" fullname="AshenThrone.Tests.Empire.ResearchManagerTests.StartResearch_ReturnsFalse_WhenAlreadyCompleted" methodname="StartResearch_ReturnsFalse_WhenAlreadyCompleted" classname="AshenThrone.Tests.Empire.ResearchManagerTests" runstate="Runnable" seed="1962671074" result="Passed" start-time="2026-03-07 23:06:44Z" end-time="2026-03-07 23:06:44Z" duration="0.000146" asserts="0">
                <properties>
                  <property name="retryIteration" value="0" />
                  <property name="repeatIteration" value="0" />
                </properties>
              </test-case>
              <test-case id="1025" name="StartResearch_ReturnsFalse_WhenAlreadyInQueue" fullname="AshenThrone.Tests.Empire.ResearchManagerTests.StartResearch_ReturnsFalse_WhenAlreadyInQueue" methodname="StartResearch_ReturnsFalse_WhenAlreadyInQueue" classname="AshenThrone.Tests.Empire.ResearchManagerTests" runstate="Runnable" seed="1060539154" result="Passed" start-time="2026-03-07 23:06:44Z" end-time="2026-03-07 23:06:44Z" duration="0.000130" asserts="0">
                <properties>
                  <property name="retryIteration" value="0" />
                  <property name="repeatIteration" value="0" />
                </properties>
              </test-case>
              <test-case id="1023" name="StartResearch_ReturnsFalse_WhenNodeIdNotFound" fullname="AshenThrone.Tests.Empire.ResearchManagerTests.StartResearch_ReturnsFalse_WhenNodeIdNotFound" methodname="StartResearch_ReturnsFalse_WhenNodeIdNotFound" classname="AshenThrone.Tests.Empire.ResearchManagerTests" runstate="Runnable" seed="964108163" result="Passed" start-time="2026-03-07 23:06:44Z" end-time="2026-03-07 23:06:44Z" duration="0.000562" asserts="0">
                <properties>
                  <property name="retryIteration" value="0" />
                  <property name="repeatIteration" value="0" />
                </properties>
                <output><![CDATA[[ResearchManager] Node 'nonexistent_node' not found.
[ResearchManager] Node 'nonexistent_node' not found.
]]></output>
              </test-case>
              <test-case id="1024" name="StartResearch_ReturnsFalse_WhenPrerequisitesNotMet" fullname="AshenThrone.Tests.Empire.ResearchManagerTests.StartResearch_ReturnsFalse_WhenPrerequisitesNotMet" methodname="StartResearch_ReturnsFalse_WhenPrerequisitesNotMet" classname="AshenThrone.Tests.Empire.ResearchManagerTests" runstate="Runnable" seed="1508451929" result="Passed" start-time="2026-03-07 23:06:44Z" end-time="2026-03-07 23:06:44Z" duration="0.000140" asserts="0">
                <properties>
                  <property name="retryIteration" value="0" />
                  <property name="repeatIteration" value="0" />
                </properties>
              </test-case>
              <test-case id="1026" name="StartResearch_ReturnsFalse_WhenQueueFull" fullname="AshenThrone.Tests.Empire.ResearchManagerTests.StartResearch_ReturnsFalse_WhenQueueFull" methodname="StartResearch_ReturnsFalse_WhenQueueFull" classname="AshenThrone.Tests.Empire.ResearchManagerTests" runstate="Runnable" seed="1016525020" result="Passed" start-time="2026-03-07 23:06:44Z" end-time="2026-03-07 23:06:44Z" duration="0.000170" asserts="0">
                <properties>
                  <property name="retryIteration" value="0" />
                  <property name="repeatIteration" value="0" />
                </properties>
              </test-case>
              <test-case id="1020" name="StartResearch_ReturnsTrue_WhenValidNodeAndResourcesAvailable" fullname="AshenThrone.Tests.Empire.ResearchManagerTests.StartResearch_ReturnsTrue_WhenValidNodeAndResourcesAvailable" methodname="StartResearch_ReturnsTrue_WhenValidNodeAndResourcesAvailable" classname="AshenThrone.Tests.Empire.ResearchManagerTests" runstate="Runnable" seed="221112187" result="Failed" start-time="2026-03-07 23:06:44Z" end-time="2026-03-07 23:06:44Z" duration="0.000320" asserts="0">
                <properties>
                  <property name="retryIteration" value="0" />
                  <property name="repeatIteration" value="0" />
                </properties>
                <failure>
                  <message><![CDATA[  Expected: True
  But was:  False
]]></message>
                  <stack-trace><![CDATA[at AshenThrone.Tests.Empire.ResearchManagerTests.StartResearch_ReturnsTrue_WhenValidNodeAndResourcesAvailable () [0x00000] in /Users/tomterhune/ashen-throne/game/Assets/Scripts/Tests/Empire/ResearchManagerTests.cs:119
]]></stack-trace>
                </failure>
              </test-case>
              <test-case id="1028" name="StartResearch_Succeeds_WhenPrerequisiteIsCompleted" fullname="AshenThrone.Tests.Empire.ResearchManagerTests.StartResearch_Succeeds_WhenPrerequisiteIsCompleted" methodname="StartResearch_Succeeds_WhenPrerequisiteIsCompleted" classname="AshenThrone.Tests.Empire.ResearchManagerTests" runstate="Runnable" seed="1237559479" result="Failed" start-time="2026-03-07 23:06:44Z" end-time="2026-03-07 23:06:44Z" duration="0.000204" asserts="0">
                <properties>
                  <property name="retryIteration" value="0" />
                  <property name="repeatIteration" value="0" />
                </properties>
                <failure>
                  <message><![CDATA[  Expected: True
  But was:  False
]]></message>
                  <stack-trace><![CDATA[at AshenThrone.Tests.Empire.ResearchManagerTests.StartResearch_Succeeds_WhenPrerequisiteIsCompleted () [0x0001b] in /Users/tomterhune/ashen-throne/game/Assets/Scripts/Tests/Empire/ResearchManagerTests.cs:187
]]></stack-trace>
                </failure>
              </test-case>
            </test-suite>
            <test-suite type="TestFixture" id="1040" name="ResourceManagerTests" fullname="AshenThrone.Tests.Empire.ResourceManagerTests" classname="AshenThrone.Tests.Empire.ResourceManagerTests" runstate="Runnable" testcasecount="15" result="Passed" start-time="2026-03-07 23:06:44Z" end-time="2026-03-07 23:06:44Z" duration="0.004158" total="15" passed="15" failed="0" inconclusive="0" skipped="0" asserts="0">
              <properties />
              <test-case id="1050" name="AddResource_ClampsToMaxCapacity" fullname="AshenThrone.Tests.Empire.ResourceManagerTests.AddResource_ClampsToMaxCapacity" methodname="AddResource_ClampsToMaxCapacity" classname="AshenThrone.Tests.Empire.ResourceManagerTests" runstate="Runnable" seed="689876010" result="Passed" start-time="2026-03-07 23:06:44Z" end-time="2026-03-07 23:06:44Z" duration="0.000659" asserts="0">
                <properties>
                  <property name="retryIteration" value="0" />
                  <property name="repeatIteration" value="0" />
                </properties>
              </test-case>
              <test-case id="1052" name="AddResource_FiresOnResourceChangedEvent" fullname="AshenThrone.Tests.Empire.ResourceManagerTests.AddResource_FiresOnResourceChangedEvent" methodname="AddResource_FiresOnResourceChangedEvent" classname="AshenThrone.Tests.Empire.ResourceManagerTests" runstate="Runnable" seed="1989736762" result="Passed" start-time="2026-03-07 23:06:44Z" end-time="2026-03-07 23:06:44Z" duration="0.000153" asserts="0">
                <properties>
                  <property name="retryIteration" value="0" />
                  <property name="repeatIteration" value="0" />
                </properties>
              </test-case>
              <test-case id="1051" name="AddResource_IgnoresZeroAndNegativeAmounts" fullname="AshenThrone.Tests.Empire.ResourceManagerTests.AddResource_IgnoresZeroAndNegativeAmounts" methodname="AddResource_IgnoresZeroAndNegativeAmounts" classname="AshenThrone.Tests.Empire.ResourceManagerTests" runstate="Runnable" seed="1307210220" result="Passed" start-time="2026-03-07 23:06:44Z" end-time="2026-03-07 23:06:44Z" duration="0.000098" asserts="0">
                <properties>
                  <property name="retryIteration" value="0" />
                  <property name="repeatIteration" value="0" />
                </properties>
              </test-case>
              <test-case id="1049" name="AddResource_IncreasesByAmount" fullname="AshenThrone.Tests.Empire.ResourceManagerTests.AddResource_IncreasesByAmount" methodname="AddResource_IncreasesByAmount" classname="AshenThrone.Tests.Empire.ResourceManagerTests" runstate="Runnable" seed="1465337877" result="Passed" start-time="2026-03-07 23:06:44Z" end-time="2026-03-07 23:06:44Z" duration="0.000096" asserts="0">
                <properties>
                  <property name="retryIteration" value="0" />
                  <property name="repeatIteration" value="0" />
                </properties>
              </test-case>
              <test-case id="1053" name="ApplyOfflineEarnings_AddsBasedOnProductionRate" fullname="AshenThrone.Tests.Empire.ResourceManagerTests.ApplyOfflineEarnings_AddsBasedOnProductionRate" methodname="ApplyOfflineEarnings_AddsBasedOnProductionRate" classname="AshenThrone.Tests.Empire.ResourceManagerTests" runstate="Runnable" seed="1006082103" result="Passed" start-time="2026-03-07 23:06:44Z" end-time="2026-03-07 23:06:44Z" duration="0.000246" asserts="0">
                <properties>
                  <property name="retryIteration" value="0" />
                  <property name="repeatIteration" value="0" />
                </properties>
              </test-case>
              <test-case id="1054" name="ApplyOfflineEarnings_CapsAtMaxOfflineHours" fullname="AshenThrone.Tests.Empire.ResourceManagerTests.ApplyOfflineEarnings_CapsAtMaxOfflineHours" methodname="ApplyOfflineEarnings_CapsAtMaxOfflineHours" classname="AshenThrone.Tests.Empire.ResourceManagerTests" runstate="Runnable" seed="1262412771" result="Passed" start-time="2026-03-07 23:06:44Z" end-time="2026-03-07 23:06:44Z" duration="0.000212" asserts="0">
                <properties>
                  <property name="retryIteration" value="0" />
                  <property name="repeatIteration" value="0" />
                </properties>
              </test-case>
              <test-case id="1044" name="CanAfford_ReturnsFalse_WhenAnyResourceInsufficient" fullname="AshenThrone.Tests.Empire.ResourceManagerTests.CanAfford_ReturnsFalse_WhenAnyResourceInsufficient" methodname="CanAfford_ReturnsFalse_WhenAnyResourceInsufficient" classname="AshenThrone.Tests.Empire.ResourceManagerTests" runstate="Runnable" seed="1508878070" result="Passed" start-time="2026-03-07 23:06:44Z" end-time="2026-03-07 23:06:44Z" duration="0.000173" asserts="0">
                <properties>
                  <property name="retryIteration" value="0" />
                  <property name="repeatIteration" value="0" />
                </properties>
              </test-case>
              <test-case id="1045" name="CanAfford_ReturnsTrue_WhenAllZero" fullname="AshenThrone.Tests.Empire.ResourceManagerTests.CanAfford_ReturnsTrue_WhenAllZero" methodname="CanAfford_ReturnsTrue_WhenAllZero" classname="AshenThrone.Tests.Empire.ResourceManagerTests" runstate="Runnable" seed="682529636" result="Passed" start-time="2026-03-07 23:06:44Z" end-time="2026-03-07 23:06:44Z" duration="0.000089" asserts="0">
                <properties>
                  <property name="retryIteration" value="0" />
                  <property name="repeatIteration" value="0" />
                </properties>
              </test-case>
              <test-case id="1043" name="CanAfford_ReturnsTrue_WhenExactAmountAvailable" fullname="AshenThrone.Tests.Empire.ResourceManagerTests.CanAfford_ReturnsTrue_WhenExactAmountAvailable" methodname="CanAfford_ReturnsTrue_WhenExactAmountAvailable" classname="AshenThrone.Tests.Empire.ResourceManagerTests" runstate="Runnable" seed="1176311725" result="Passed" start-time="2026-03-07 23:06:44Z" end-time="2026-03-07 23:06:44Z" duration="0.000082" asserts="0">
                <properties>
                  <property name="retryIteration" value="0" />
                  <property name="repeatIteration" value="0" />
                </properties>
              </test-case>
              <test-case id="1042" name="InitializeFromConfig_SetsMaxCapacitiesCorrectly" fullname="AshenThrone.Tests.Empire.ResourceManagerTests.InitializeFromConfig_SetsMaxCapacitiesCorrectly" methodname="InitializeFromConfig_SetsMaxCapacitiesCorrectly" classname="AshenThrone.Tests.Empire.ResourceManagerTests" runstate="Runnable" seed="1890433966" result="Passed" start-time="2026-03-07 23:06:44Z" end-time="2026-03-07 23:06:44Z" duration="0.000111" asserts="0">
                <properties>
                  <property name="retryIteration" value="0" />
                  <property name="repeatIteration" value="0" />
                </properties>
              </test-case>
              <test-case id="1041" name="InitializeFromConfig_SetsStartingResourcesCorrectly" fullname="AshenThrone.Tests.Empire.ResourceManagerTests.InitializeFromConfig_SetsStartingResourcesCorrectly" methodname="InitializeFromConfig_SetsStartingResourcesCorrectly" classname="AshenThrone.Tests.Empire.ResourceManagerTests" runstate="Runnable" seed="1543918864" result="Passed" start-time="2026-03-07 23:06:44Z" end-time="2026-03-07 23:06:44Z" duration="0.000119" asserts="0">
                <properties>
                  <property name="retryIteration" value="0" />
                  <property name="repeatIteration" value="0" />
                </properties>
              </test-case>
              <test-case id="1046" name="Spend_DeductsCorrectAmounts" fullname="AshenThrone.Tests.Empire.ResourceManagerTests.Spend_DeductsCorrectAmounts" methodname="Spend_DeductsCorrectAmounts" classname="AshenThrone.Tests.Empire.ResourceManagerTests" runstate="Runnable" seed="1672355569" result="Passed" start-time="2026-03-07 23:06:44Z" end-time="2026-03-07 23:06:44Z" duration="0.000182" asserts="0">
                <properties>
                  <property name="retryIteration" value="0" />
                  <property name="repeatIteration" value="0" />
                </properties>
              </test-case>
              <test-case id="1048" name="Spend_DoesNotDeductZeroAmounts" fullname="AshenThrone.Tests.Empire.ResourceManagerTests.Spend_DoesNotDeductZeroAmounts" methodname="Spend_DoesNotDeductZeroAmounts" classname="AshenThrone.Tests.Empire.ResourceManagerTests" runstate="Runnable" seed="411202936" result="Passed" start-time="2026-03-07 23:06:44Z" end-time="2026-03-07 23:06:44Z" duration="0.000089" asserts="0">
                <properties>
                  <property name="retryIteration" value="0" />
                  <property name="repeatIteration" value="0" />
                </properties>
              </test-case>
              <test-case id="1055" name="Spend_FiresOnResourceChangedEvent_ForEachResourceSpent" fullname="AshenThrone.Tests.Empire.ResourceManagerTests.Spend_FiresOnResourceChangedEvent_ForEachResourceSpent" methodname="Spend_FiresOnResourceChangedEvent_ForEachResourceSpent" classname="AshenThrone.Tests.Empire.ResourceManagerTests" runstate="Runnable" seed="1591621099" result="Passed" start-time="2026-03-07 23:06:44Z" end-time="2026-03-07 23:06:44Z" duration="0.000128" asserts="0">
                <properties>
                  <property name="retryIteration" value="0" />
                  <property name="repeatIteration" value="0" />
                </properties>
              </test-case>
              <test-case id="1047" name="Spend_ThrowsInvalidOperationException_WhenInsufficientResources" fullname="AshenThrone.Tests.Empire.ResourceManagerTests.Spend_ThrowsInvalidOperationException_WhenInsufficientResources" methodname="Spend_ThrowsInvalidOperationException_WhenInsufficientResources" classname="AshenThrone.Tests.Empire.ResourceManagerTests" runstate="Runnable" seed="283117716" result="Passed" start-time="2026-03-07 23:06:44Z" end-time="2026-03-07 23:06:44Z" duration="0.000130" asserts="0">
                <properties>
                  <property name="retryIteration" value="0" />
                  <property name="repeatIteration" value="0" />
                </properties>
              </test-case>
            </test-suite>
          </test-suite>
        </test-suite>
      </test-suite>
    </test-suite>
    <test-suite type="Assembly" id="1306" name="Unity.Addressables.DocExampleCode.Editor.Tests.dll" fullname="/Users/tomterhune/ashen-throne/game/Library/ScriptAssemblies/Unity.Addressables.DocExampleCode.Editor.Tests.dll" runstate="Runnable" testcasecount="1" result="Passed" start-time="2026-03-07 23:06:44Z" end-time="2026-03-07 23:06:44Z" duration="0.001507" total="1" passed="1" failed="0" inconclusive="0" skipped="0" asserts="0">
      <properties>
        <property name="_PID" value="75247" />
        <property name="_APPDOMAIN" value="Unity Child Domain" />
        <property name="platform" value="EditMode" />
        <property name="EditorOnly" value="True" />
      </properties>
      <test-suite type="TestSuite" id="1307" name="AddressableAssets" fullname="AddressableAssets" runstate="Runnable" testcasecount="1" result="Passed" start-time="2026-03-07 23:06:44Z" end-time="2026-03-07 23:06:44Z" duration="0.000868" total="1" passed="1" failed="0" inconclusive="0" skipped="0" asserts="0">
        <properties />
        <test-suite type="TestSuite" id="1308" name="DocExampleCode" fullname="AddressableAssets.DocExampleCode" runstate="Runnable" testcasecount="1" result="Passed" start-time="2026-03-07 23:06:44Z" end-time="2026-03-07 23:06:44Z" duration="0.000681" total="1" passed="1" failed="0" inconclusive="0" skipped="0" asserts="0">
          <properties />
          <test-suite type="TestFixture" id="1304" name="TestStub" fullname="AddressableAssets.DocExampleCode.TestStub" classname="AddressableAssets.DocExampleCode.TestStub" runstate="Runnable" testcasecount="1" result="Passed" start-time="2026-03-07 23:06:44Z" end-time="2026-03-07 23:06:44Z" duration="0.000524" total="1" passed="1" failed="0" inconclusive="0" skipped="0" asserts="0">
            <properties />
            <test-case id="1305" name="RequiredTest" fullname="AddressableAssets.DocExampleCode.TestStub.RequiredTest" methodname="RequiredTest" classname="AddressableAssets.DocExampleCode.TestStub" runstate="Runnable" seed="851633433" result="Passed" start-time="2026-03-07 23:06:44Z" end-time="2026-03-07 23:06:44Z" duration="0.000052" asserts="0">
              <properties>
                <property name="retryIteration" value="0" />
                <property name="repeatIteration" value="0" />
              </properties>
              <output><![CDATA[Saving results to: /Users/tomterhune/Library/Application Support/DefaultCompany/game/TestResults.xml
Saving results to: /Users/tomterhune/Library/Application Support/DefaultCompany/game/TestResults.xml
]]></output>
            </test-case>
          </test-suite>
        </test-suite>
      </test-suite>
    </test-suite>
  </test-suite>
</test-run>